<html>
<body>
<pre>
<h1>µVision Build Log</h1>
<h2>Tool Versions:</h2>
IDE-Version: ¦ÌVision V5.37.0.0
Copyright (C) 2022 ARM Ltd and ARM Germany GmbH. All rights reserved.
License Information: jfj jfj, jfj, LIC=TDAJG-EH8CR-W4LSU-5IHW5-62JWP-CGLZ6
 
Tool Versions:
Toolchain:       MDK-ARM Community  Version: 5.37.0.0
Toolchain Path:  D:\Keil_v5\ARM\ARMCLANG\Bin
C Compiler:      ArmClang.exe V6.18
Assembler:       Armasm.exe V6.18
Linker/Locator:  ArmLink.exe V6.18
Library Manager: ArmAr.exe V6.18
Hex Converter:   FromElf.exe V6.18
CPU DLL:         SARMCM3.DLL V5.37.0.0
Dialog DLL:      DCM.DLL V1.17.5.0
Target DLL:      UL2CM3.DLL V1.164.7.0
Dialog DLL:      TCM.DLL V1.56.1.0
 
<h2>Project:</h2>
D:\bitslice\Blinky.uvprojx
Project File Date:  10/31/2022

<h2>Output:</h2>
*** Using Compiler 'V6.18', folder: 'D:\Keil_v5\ARM\ARMCLANG\Bin'
Rebuild target 'Simulation'
tables.c(30): warning: excess elements in array initializer [-Wexcess-initializers]
unsigned int sbxtest[ORDER]={0x4363,0x2325,0x3234,0x1245};
                                           ^~~~~~
tables.c(33): warning: excess elements in array initializer [-Wexcess-initializers]
unsigned int sbytest[ORDER]={0x536A,0xDFF2,0x442B,0x1122};
                                           ^~~~~~
2 warnings generated.
compiling tables.c...
main.c(10): warning: implicit declaration of function 'sbox_test' is invalid in C99 [-Wimplicit-function-declaration]
        sbox_test();
        ^
1 warning generated.
compiling main.c...
compiling rtx_delay.c...
assembling asm.s...
compiling rtx_evflags.c...
aes.c(659): warning: implicit declaration of function 'sboxprecom' is invalid in C99 [-Wimplicit-function-declaration]
                sboxprecom();
                ^
aes.c(672): warning: implicit declaration of function 'sboxonline' is invalid in C99 [-Wimplicit-function-declaration]
                sboxonline();
                ^
aes.c(686): warning: implicit declaration of function 'sboxprecom' is invalid in C99 [-Wimplicit-function-declaration]
        sboxprecom();
        ^
aes.c(689): warning: implicit declaration of function 'sboxonline' is invalid in C99 [-Wimplicit-function-declaration]
        sboxonline();
        ^
4 warnings generated.
compiling aes.c...
assembling irq_armv7m.S...
compiling rtx_memory.c...
compiling rtx_kernel.c...
compiling rtx_lib.c...
compiling rtx_evr.c...
compiling rtx_mempool.c...
compiling rtx_mutex.c...
compiling rtx_msgqueue.c...
compiling os_systick.c...
compiling rtx_system.c...
compiling rtx_semaphore.c...
compiling RTX_Config.c...
compiling rtx_timer.c...
compiling rtx_thread.c...
compiling EventRecorder.c...
compiling retarget_io.c...
compiling startup_ARMCM4.c...
compiling system_ARMCM4.c...
linking...
Program Size: Code=38264 RO-data=1308 RW-data=4404 ZI-data=11868  
".\Flash\Blinky.axf" - 0 Error(s), 7 Warning(s).

<h2>Software Packages used:</h2>

Package Vendor: ARM
                http://www.keil.com/pack/ARM.CMSIS.5.9.0.pack
                ARM.CMSIS.5.9.0
                CMSIS (Common Microcontroller Software Interface Standard)
   * Component: RTOS2 Version: 2.1.3
   * Component: CORE Version: 5.6.0
   * Component: Keil RTX5 Variant: Source Version: 5.5.4
   * Component: Startup Variant: C Startup Version: 2.0.3

Package Vendor: Keil
                https://www.keil.com/pack/Keil.ARM_Compiler.1.7.2.pack
                Keil.ARM_Compiler.1.7.2
                Keil ARM Compiler extensions for ARM Compiler 5 and ARM Compiler 6
   * Component: Event Recorder Variant: DAP Version: 1.5.1
   * Component: STDOUT Variant: EVR Version: 1.2.0

<h2>Collection of Component include folders:</h2>
  ./RTE/CMSIS
  ./RTE/Compiler
  ./RTE/_Simulation
  D:/Users/99574/AppData/Local/Arm/Packs/ARM/CMSIS/5.9.0/CMSIS/Core/Include
  D:/Users/99574/AppData/Local/Arm/Packs/ARM/CMSIS/5.9.0/CMSIS/RTOS2/Include
  D:/Users/99574/AppData/Local/Arm/Packs/ARM/CMSIS/5.9.0/CMSIS/RTOS2/RTX/Include
  D:/Users/99574/AppData/Local/Arm/Packs/ARM/CMSIS/5.9.0/Device/ARM/ARMCM4/Include
  D:/Users/99574/AppData/Local/Arm/Packs/Keil/ARM_Compiler/1.7.2/Include

<h2>Collection of Component Files used:</h2>

   * Component: ::CMSIS:RTOS2:2.1.3 (API)
      Include file:  CMSIS/RTOS2/Include/cmsis_os2.h

   * Component: ARM::CMSIS:CORE:5.6.0

   * Component: ARM::CMSIS:RTOS2:Keil RTX5:Source:5.5.4
      Include file:  CMSIS/RTOS2/RTX/Include/rtx_os.h
      Include file:  CMSIS/RTOS2/RTX/Config/RTX_Config.h
      Source file:   CMSIS/RTOS2/RTX/Config/RTX_Config.c
      Source file:   CMSIS/RTOS2/RTX/Source/rtx_system.c
      Source file:   CMSIS/RTOS2/RTX/Template/MemPool.c
      Source file:   CMSIS/RTOS2/RTX/Template/Mutex.c
      Source file:   CMSIS/RTOS2/RTX/Source/rtx_delay.c
      Source file:   CMSIS/RTOS2/RTX/Source/rtx_msgqueue.c
      Source file:   CMSIS/RTOS2/RTX/Source/rtx_lib.c
      Source file:   CMSIS/RTOS2/RTX/Template/MsgQueue.c
      Source file:   CMSIS/RTOS2/RTX/Source/rtx_mempool.c
      Source file:   CMSIS/RTOS2/RTX/Source/rtx_thread.c
      Source file:   CMSIS/RTOS2/RTX/Source/rtx_kernel.c
      Source file:   CMSIS/RTOS2/RTX/Source/rtx_semaphore.c
      Source file:   CMSIS/RTOS2/RTX/Source/rtx_evflags.c
      Source file:   CMSIS/RTOS2/RTX/Template/main.c
      Source file:   CMSIS/RTOS2/RTX/Source/rtx_memory.c
      Source file:   CMSIS/RTOS2/RTX/Source/rtx_timer.c
      Source file:   CMSIS/RTOS2/RTX/Template/svc_user.c
      Source file:   CMSIS/RTOS2/RTX/Source/GCC/irq_armv7m.S
      Source file:   CMSIS/RTOS2/RTX/Source/rtx_evr.c
      Source file:   CMSIS/RTOS2/RTX/Template/Semaphore.c
      Source file:   CMSIS/RTOS2/RTX/Template/Thread.c
      Source file:   CMSIS/RTOS2/RTX/Template/Events.c
      Source file:   CMSIS/RTOS2/RTX/Template/Timer.c
      Source file:   CMSIS/RTOS2/RTX/Source/rtx_mutex.c
      Source file:   CMSIS/RTOS2/Source/os_systick.c

   * Component: ARM::Device:Startup:C Startup:2.0.3
      Source file:   Device/ARM/ARMCM4/Source/startup_ARMCM4.c
      Source file:   Device/ARM/ARMCM4/Source/system_ARMCM4.c

   * Component: Keil.ARM Compiler::Compiler:Event Recorder:DAP:1.5.1
      Include file:  Config/EventRecorderConf.h
      Include file:  Include/EventRecorder.h
      Source file:   Source/EventRecorder.c

   * Component: Keil.ARM Compiler::Compiler:I/O:STDOUT:EVR:1.2.0
      Source file:   Source/retarget_io.c
Build Time Elapsed:  00:00:03
</pre>
</body>
</html>
