Component: Arm Compiler for Embedded 6.18 Tool: armlink [5e4cc100]

==============================================================================

Section Cross References

    aes.o(.text.aes_ct_keysched) refers to aes.o(.text.aes_keysched_base) for aes_keysched_base
    aes.o(.text.aes_ct_keysched) refers to aes.o(.text.aes_ct_ortho) for aes_ct_ortho
    aes.o(.ARM.exidx.text.aes_ct_keysched) refers to aes.o(.text.aes_ct_keysched) for [Anonymous Symbol]
    aes.o(.text.aes_keysched_base) refers to aes.o(.text.dec32le) for dec32le
    aes.o(.text.aes_keysched_base) refers to aes.o(.text.sub_word) for sub_word
    aes.o(.text.aes_keysched_base) refers to aes.o(.rodata.Rcon) for Rcon
    aes.o(.ARM.exidx.text.aes_keysched_base) refers to aes.o(.text.aes_keysched_base) for [Anonymous Symbol]
    aes.o(.ARM.exidx.text.aes_ct_ortho) refers to aes.o(.text.aes_ct_ortho) for [Anonymous Symbol]
    aes.o(.ARM.exidx.text.aes_ct_skey_expand) refers to aes.o(.text.aes_ct_skey_expand) for [Anonymous Symbol]
    aes.o(.text.aes_ct_bitslice_encrypt) refers to aes.o(.text.add_round_key) for add_round_key
    aes.o(.text.aes_ct_bitslice_encrypt) refers to aes.o(.text.aes_ct_bitslice_Sbox) for aes_ct_bitslice_Sbox
    aes.o(.text.aes_ct_bitslice_encrypt) refers to aes.o(.text.shift_rows) for shift_rows
    aes.o(.text.aes_ct_bitslice_encrypt) refers to aes.o(.text.mix_columns) for mix_columns
    aes.o(.ARM.exidx.text.aes_ct_bitslice_encrypt) refers to aes.o(.text.aes_ct_bitslice_encrypt) for [Anonymous Symbol]
    aes.o(.ARM.exidx.text.add_round_key) refers to aes.o(.text.add_round_key) for [Anonymous Symbol]
    aes.o(.ARM.exidx.text.aes_ct_bitslice_Sbox) refers to aes.o(.text.aes_ct_bitslice_Sbox) for [Anonymous Symbol]
    aes.o(.ARM.exidx.text.shift_rows) refers to aes.o(.text.shift_rows) for [Anonymous Symbol]
    aes.o(.text.mix_columns) refers to aes.o(.text.rotr16) for rotr16
    aes.o(.ARM.exidx.text.mix_columns) refers to aes.o(.text.mix_columns) for [Anonymous Symbol]
    aes.o(.text.aes_ct_bitslice_invSbox) refers to aes.o(.text.aes_ct_bitslice_Sbox) for aes_ct_bitslice_Sbox
    aes.o(.ARM.exidx.text.aes_ct_bitslice_invSbox) refers to aes.o(.text.aes_ct_bitslice_invSbox) for [Anonymous Symbol]
    aes.o(.text.aes_ct_bitslice_decrypt) refers to aes.o(.text.add_round_key) for add_round_key
    aes.o(.text.aes_ct_bitslice_decrypt) refers to aes.o(.text.inv_shift_rows) for inv_shift_rows
    aes.o(.text.aes_ct_bitslice_decrypt) refers to aes.o(.text.aes_ct_bitslice_invSbox) for aes_ct_bitslice_invSbox
    aes.o(.text.aes_ct_bitslice_decrypt) refers to aes.o(.text.inv_mix_columns) for inv_mix_columns
    aes.o(.ARM.exidx.text.aes_ct_bitslice_decrypt) refers to aes.o(.text.aes_ct_bitslice_decrypt) for [Anonymous Symbol]
    aes.o(.ARM.exidx.text.inv_shift_rows) refers to aes.o(.text.inv_shift_rows) for [Anonymous Symbol]
    aes.o(.text.inv_mix_columns) refers to aes.o(.text.rotr16) for rotr16
    aes.o(.ARM.exidx.text.inv_mix_columns) refers to aes.o(.text.inv_mix_columns) for [Anonymous Symbol]
    aes.o(.text.AES_Setkey) refers to aes.o(.text.aes_ct_keysched) for aes_ct_keysched
    aes.o(.text.AES_Setkey) refers to aes.o(.text.aes_ct_skey_expand) for aes_ct_skey_expand
    aes.o(.ARM.exidx.text.AES_Setkey) refers to aes.o(.text.AES_Setkey) for [Anonymous Symbol]
    aes.o(.text.AES_Encrypt_ECB) refers to aes.o(.text.dec32le) for dec32le
    aes.o(.text.AES_Encrypt_ECB) refers to aes.o(.text.aes_ct_ortho) for aes_ct_ortho
    aes.o(.text.AES_Encrypt_ECB) refers to aes.o(.text.aes_ct_bitslice_encrypt) for aes_ct_bitslice_encrypt
    aes.o(.text.AES_Encrypt_ECB) refers to aes.o(.text.enc32le) for enc32le
    aes.o(.ARM.exidx.text.AES_Encrypt_ECB) refers to aes.o(.text.AES_Encrypt_ECB) for [Anonymous Symbol]
    aes.o(.ARM.exidx.text.dec32le) refers to aes.o(.text.dec32le) for [Anonymous Symbol]
    aes.o(.ARM.exidx.text.enc32le) refers to aes.o(.text.enc32le) for [Anonymous Symbol]
    aes.o(.text.AES_Decrypt_ECB) refers to aes.o(.text.dec32le) for dec32le
    aes.o(.text.AES_Decrypt_ECB) refers to aes.o(.text.aes_ct_ortho) for aes_ct_ortho
    aes.o(.text.AES_Decrypt_ECB) refers to aes.o(.text.aes_ct_bitslice_decrypt) for aes_ct_bitslice_decrypt
    aes.o(.text.AES_Decrypt_ECB) refers to aes.o(.text.enc32le) for enc32le
    aes.o(.ARM.exidx.text.AES_Decrypt_ECB) refers to aes.o(.text.AES_Decrypt_ECB) for [Anonymous Symbol]
    aes.o(.text.AES_Encrypt) refers to aes.o(.text.AES_Encrypt_ECB) for AES_Encrypt_ECB
    aes.o(.ARM.exidx.text.AES_Encrypt) refers to aes.o(.text.AES_Encrypt) for [Anonymous Symbol]
    aes.o(.text.AES_Decrypt) refers to aes.o(.text.AES_Decrypt_ECB) for AES_Decrypt_ECB
    aes.o(.ARM.exidx.text.AES_Decrypt) refers to aes.o(.text.AES_Decrypt) for [Anonymous Symbol]
    aes.o(.text.AES_KeySetup_Encrypt) refers to aes.o(.text.aes_keysched_base) for aes_keysched_base
    aes.o(.ARM.exidx.text.AES_KeySetup_Encrypt) refers to aes.o(.text.AES_KeySetup_Encrypt) for [Anonymous Symbol]
[...]
    Removing rtx_timer.o(.ARM.exidx.text.osTimerStart), (8 bytes).
    Removing rtx_timer.o(.text.osTimerStop), (86 bytes).
    Removing rtx_timer.o(.ARM.exidx.text.osTimerStop), (8 bytes).
    Removing rtx_timer.o(.text.osTimerIsRunning), (78 bytes).
    Removing rtx_timer.o(.ARM.exidx.text.osTimerIsRunning), (8 bytes).
    Removing rtx_timer.o(.text.osTimerDelete), (86 bytes).
    Removing rtx_timer.o(.ARM.exidx.text.osTimerDelete), (8 bytes).
    Removing rtx_timer.o(.ARM.exidx.text.osRtxThreadGetRunning), (8 bytes).
    Removing rtx_timer.o(.ARM.exidx.text.TimerUnlink), (8 bytes).
    Removing rtx_timer.o(.ARM.exidx.text.osRtxThreadSetRunning), (8 bytes).
    Removing rtx_timer.o(.ARM.exidx.text.TimerInsert), (8 bytes).
    Removing rtx_timer.o(.text.svcRtxTimerNew), (344 bytes).
    Removing rtx_timer.o(.ARM.exidx.text.svcRtxTimerNew), (8 bytes).
    Removing rtx_timer.o(.text.svcRtxTimerGetName), (68 bytes).
    Removing rtx_timer.o(.ARM.exidx.text.svcRtxTimerGetName), (8 bytes).
    Removing rtx_timer.o(.text.osRtxTimerId), (10 bytes).
    Removing rtx_timer.o(.ARM.exidx.text.osRtxTimerId), (8 bytes).
    Removing rtx_timer.o(.text.svcRtxTimerStart), (154 bytes).
    Removing rtx_timer.o(.ARM.exidx.text.svcRtxTimerStart), (8 bytes).
    Removing rtx_timer.o(.text.TimerRemove), (72 bytes).
    Removing rtx_timer.o(.ARM.exidx.text.TimerRemove), (8 bytes).
    Removing rtx_timer.o(.text.svcRtxTimerStop), (106 bytes).
    Removing rtx_timer.o(.ARM.exidx.text.svcRtxTimerStop), (8 bytes).
    Removing rtx_timer.o(.text.svcRtxTimerIsRunning), (100 bytes).
    Removing rtx_timer.o(.ARM.exidx.text.svcRtxTimerIsRunning), (8 bytes).
    Removing rtx_timer.o(.text.svcRtxTimerDelete), (162 bytes).
    Removing rtx_timer.o(.ARM.exidx.text.svcRtxTimerDelete), (8 bytes).
    Removing os_systick.o(.text), (0 bytes).
    Removing os_systick.o(.text.OS_Tick_Setup), (126 bytes).
    Removing os_systick.o(.ARM.exidx.text.OS_Tick_Setup), (8 bytes).
    Removing os_systick.o(.text.OS_Tick_Enable), (60 bytes).
    Removing os_systick.o(.ARM.exidx.text.OS_Tick_Enable), (8 bytes).
    Removing os_systick.o(.text.OS_Tick_Disable), (64 bytes).
    Removing os_systick.o(.ARM.exidx.text.OS_Tick_Disable), (8 bytes).
    Removing os_systick.o(.ARM.exidx.text.OS_Tick_AcknowledgeIRQ), (8 bytes).
    Removing os_systick.o(.text.OS_Tick_GetIRQn), (6 bytes).
    Removing os_systick.o(.ARM.exidx.text.OS_Tick_GetIRQn), (8 bytes).
    Removing os_systick.o(.text.OS_Tick_GetClock), (12 bytes).
    Removing os_systick.o(.ARM.exidx.text.OS_Tick_GetClock), (8 bytes).
    Removing os_systick.o(.ARM.exidx.text.OS_Tick_GetInterval), (8 bytes).
    Removing os_systick.o(.ARM.exidx.text.OS_Tick_GetCount), (8 bytes).
    Removing os_systick.o(.ARM.exidx.text.OS_Tick_GetOverflow), (8 bytes).
    Removing os_systick.o(.bss.os), (1 bytes).
    Removing rtx_config.o(.text), (0 bytes).
    Removing rtx_config.o(.text.osRtxIdleThread), (8 bytes).
    Removing rtx_config.o(.ARM.exidx.text.osRtxIdleThread), (8 bytes).
    Removing rtx_config.o(.ARM.exidx.text.osRtxErrorNotify), (8 bytes).
    Removing eventrecorder.o(.text), (0 bytes).
    Removing eventrecorder.o(.text.EventRecorderTimerSetup), (16 bytes).
    Removing eventrecorder.o(.ARM.exidx.text.EventRecorderTimerSetup), (8 bytes).
    Removing eventrecorder.o(.text.EventRecorderTimerGetFreq), (32 bytes).
    Removing eventrecorder.o(.ARM.exidx.text.EventRecorderTimerGetFreq), (8 bytes).
    Removing eventrecorder.o(.ARM.exidx.text.SysTimerIsRunning), (8 bytes).
    Removing eventrecorder.o(.ARM.exidx.text.EventRecorderTimerGetCount), (8 bytes).
    Removing eventrecorder.o(.text.EventRecorderInitialize), (506 bytes).
    Removing eventrecorder.o(.ARM.exidx.text.EventRecorderInitialize), (8 bytes).
    Removing eventrecorder.o(.text.crc16_ccitt), (130 bytes).
    Removing eventrecorder.o(.ARM.exidx.text.crc16_ccitt), (8 bytes).
    Removing eventrecorder.o(.text.EventRecorderEnable), (146 bytes).
    Removing eventrecorder.o(.ARM.exidx.text.EventRecorderEnable), (8 bytes).
    Removing eventrecorder.o(.ARM.exidx.text.EventGetTS), (8 bytes).
    Removing eventrecorder.o(.ARM.exidx.text.EventRecordItem), (8 bytes).
    Removing eventrecorder.o(.text.EventRecorderStart), (74 bytes).
    Removing eventrecorder.o(.ARM.exidx.text.EventRecorderStart), (8 bytes).
    Removing eventrecorder.o(.text.EventRecorderDisable), (146 bytes).
    Removing eventrecorder.o(.ARM.exidx.text.EventRecorderDisable), (8 bytes).
    Removing eventrecorder.o(.text.EventRecorderStop), (74 bytes).
    Removing eventrecorder.o(.ARM.exidx.text.EventRecorderStop), (8 bytes).
    Removing eventrecorder.o(.text.EventRecorderClockUpdate), (54 bytes).
    Removing eventrecorder.o(.ARM.exidx.text.EventRecorderClockUpdate), (8 bytes).
    Removing eventrecorder.o(.text.EventRecordData), (388 bytes).
    Removing eventrecorder.o(.ARM.exidx.text.EventRecordData), (8 bytes).
    Removing eventrecorder.o(.ARM.exidx.text.EventCheckFilter), (8 bytes).
    Removing eventrecorder.o(.ARM.exidx.text.GetContext), (8 bytes).
    Removing eventrecorder.o(.ARM.exidx.text.EventRecord2), (8 bytes).
    Removing eventrecorder.o(.ARM.exidx.text.EventRecord4), (8 bytes).
    Removing eventrecorder.o(.ARM.exidx.text.LockTS_Overflow), (8 bytes).
    Removing eventrecorder.o(.ARM.exidx.text.UnlockTS_Overflow), (8 bytes).
    Removing eventrecorder.o(.ARM.exidx.text.UpdateTS), (8 bytes).
    Removing eventrecorder.o(.ARM.exidx.text.atomic_wr8), (8 bytes).
    Removing eventrecorder.o(.ARM.exidx.text.atomic_wr32), (8 bytes).
    Removing eventrecorder.o(.ARM.exidx.text.GetRecordIndex), (8 bytes).
    Removing eventrecorder.o(.ARM.exidx.text.LockRecord), (8 bytes).
    Removing eventrecorder.o(.ARM.exidx.text.UnlockRecord), (8 bytes).
    Removing eventrecorder.o(.ARM.exidx.text.IncrementRecordsWritten), (8 bytes).
    Removing eventrecorder.o(.ARM.exidx.text.IncrementRecordsDumped), (8 bytes).
    Removing eventrecorder.o(.ARM.exidx.text.atomic_inc32), (8 bytes).
    Removing eventrecorder.o(.ARM.exidx.text.atomic_inc8), (8 bytes).
    Removing retarget_io.o(.text), (0 bytes).
    Removing retarget_io.o(.text.fputc), (48 bytes).
    Removing retarget_io.o(.ARM.exidx.text.fputc), (8 bytes).
    Removing retarget_io.o(.text.stdout_putchar), (124 bytes).
    Removing retarget_io.o(.ARM.exidx.text.stdout_putchar), (8 bytes).
    Removing retarget_io.o(.text.fgetc), (12 bytes).
    Removing retarget_io.o(.ARM.exidx.text.fgetc), (8 bytes).
    Removing retarget_io.o(.text.__backspace), (12 bytes).
    Removing retarget_io.o(.ARM.exidx.text.__backspace), (8 bytes).
    Removing retarget_io.o(.text.__aeabi_assert), (188 bytes).
    Removing retarget_io.o(.ARM.exidx.text.__aeabi_assert), (8 bytes).
    Removing retarget_io.o(.text.abort), (4 bytes).
    Removing retarget_io.o(.ARM.exidx.text.abort), (8 bytes).
    Removing retarget_io.o(.rodata.str1.1), (39 bytes).
    Removing retarget_io.o(.bss.stdout_putchar.index), (4 bytes).
    Removing retarget_io.o(.bss.stdout_putchar.buffer), (8 bytes).
    Removing startup_armcm4.o(.text), (0 bytes).
    Removing startup_armcm4.o(.ARM.exidx.text.Default_Handler), (8 bytes).
    Removing startup_armcm4.o(.ARM.exidx.text.Reset_Handler), (8 bytes).
    Removing startup_armcm4.o(.ARM.exidx.text.HardFault_Handler), (8 bytes).
    Removing system_armcm4.o(.text), (0 bytes).
    Removing system_armcm4.o(.text.SystemCoreClockUpdate), (20 bytes).
    Removing system_armcm4.o(.ARM.exidx.text.SystemCoreClockUpdate), (8 bytes).
    Removing system_armcm4.o(.ARM.exidx.text.SystemInit), (8 bytes).

1006 unused section(s) (total 36561 bytes) removed from the image.

==============================================================================

Image Symbol Table

    Local Symbols

    Symbol Name                              Value     Ov Type        Size  Object(Section)

    ../clib/microlib/init/entry.s            0x00000000   Number         0  entry.o ABSOLUTE
    ../clib/microlib/init/entry.s            0x00000000   Number         0  entry4.o ABSOLUTE
    ../clib/microlib/init/entry.s            0x00000000   Number         0  entry5.o ABSOLUTE
    ../clib/microlib/init/entry.s            0x00000000   Number         0  entry7a.o ABSOLUTE
    ../clib/microlib/init/entry.s            0x00000000   Number         0  entry7b.o ABSOLUTE
    ../clib/microlib/init/entry.s            0x00000000   Number         0  entry8a.o ABSOLUTE
    ../clib/microlib/init/entry.s            0x00000000   Number         0  entry8b.o ABSOLUTE
    ../clib/microlib/init/entry.s            0x00000000   Number         0  entry9a.o ABSOLUTE
    ../clib/microlib/init/entry.s            0x00000000   Number         0  entry9b.o ABSOLUTE
    ../clib/microlib/init/entry.s            0x00000000   Number         0  entry10a.o ABSOLUTE
    ../clib/microlib/init/entry.s            0x00000000   Number         0  entry10b.o ABSOLUTE
    ../clib/microlib/init/entry.s            0x00000000   Number         0  entry11a.o ABSOLUTE
    ../clib/microlib/init/entry.s            0x00000000   Number         0  entry11b.o ABSOLUTE
    ../clib/microlib/stdio/fputs.c           0x00000000   Number         0  fputs.o ABSOLUTE
    ../clib/microlib/stdio/fputs.c           0x00000000   Number         0  fputs_e.o ABSOLUTE
    ../clib/microlib/stdio/streams.c         0x00000000   Number         0  stdout.o ABSOLUTE
    ../clib/microlib/stdio/streams.c         0x00000000   Number         0  stderr.o ABSOLUTE
    ../clib/microlib/string/memcpy.c         0x00000000   Number         0  memcpya.o ABSOLUTE
    ../clib/microlib/string/memcpy.c         0x00000000   Number         0  memcpyb.o ABSOLUTE
    ../clib/microlib/string/memset.c         0x00000000   Number         0  memseta.o ABSOLUTE
    EventRecorder.c                          0x00000000   Number         0  eventrecorder.o ABSOLUTE
    FPU_USED                                 0x00000000   Number         0  irq_armv7m.o ABSOLUTE
    RTX_Config.c                             0x00000000   Number         0  rtx_config.o ABSOLUTE
    __tagsym$$used.0                         0x00000000   Number         0  startup_armcm4.o(RESET)
    aes.c                                    0x00000000   Number         0  aes.o ABSOLUTE
    dc.s                                     0x00000000   Number         0  dc.o ABSOLUTE
    handlers.s                               0x00000000   Number         0  handlers.o ABSOLUTE
    init.s                                   0x00000000   Number         0  init.o ABSOLUTE
    main.c                                   0x00000000   Number         0  main.o ABSOLUTE
    os_systick.c                             0x00000000   Number         0  os_systick.o ABSOLUTE
    retarget_io.c                            0x00000000   Number         0  retarget_io.o ABSOLUTE
    rtx_delay.c                              0x00000000   Number         0  rtx_delay.o ABSOLUTE
    rtx_evflags.c                            0x00000000   Number         0  rtx_evflags.o ABSOLUTE
    rtx_evr.c                                0x00000000   Number         0  rtx_evr.o ABSOLUTE
    rtx_kernel.c                             0x00000000   Number         0  rtx_kernel.o ABSOLUTE
    rtx_lib.c                                0x00000000   Number         0  rtx_lib.o ABSOLUTE
    rtx_memory.c                             0x00000000   Number         0  rtx_memory.o ABSOLUTE
    rtx_mempool.c                            0x00000000   Number         0  rtx_mempool.o ABSOLUTE
    rtx_msgqueue.c                           0x00000000   Number         0  rtx_msgqueue.o ABSOLUTE
    rtx_mutex.c                              0x00000000   Number         0  rtx_mutex.o ABSOLUTE
    rtx_semaphore.c                          0x00000000   Number         0  rtx_semaphore.o ABSOLUTE
    rtx_system.c                             0x00000000   Number         0  rtx_system.o ABSOLUTE
    rtx_thread.c                             0x00000000   Number         0  rtx_thread.o ABSOLUTE
    rtx_timer.c                              0x00000000   Number         0  rtx_timer.o ABSOLUTE
    startup_ARMCM4.c                         0x00000000   Number         0  startup_armcm4.o ABSOLUTE
    system_ARMCM4.c                          0x00000000   Number         0  system_armcm4.o ABSOLUTE
    osRtxErrorStackOverflow                  0x00000001   Number         0  irq_armv7m.o ABSOLUTE
    I_T_RUN_OFS                              0x00000014   Number         0  irq_armv7m.o ABSOLUTE
    TCB_SF_OFS                               0x00000022   Number         0  irq_armv7m.o ABSOLUTE
    TCB_SP_OFS                               0x00000038   Number         0  irq_armv7m.o ABSOLUTE
    .ARM.Collect$$$$00000000                 0x000003c0   Section        0  entry.o(.ARM.Collect$$$$00000000)
    .ARM.Collect$$$$00000003                 0x000003c0   Section        4  entry4.o(.ARM.Collect$$$$00000003)
    .ARM.Collect$$$$00000004                 0x000003c4   Section        4  entry5.o(.ARM.Collect$$$$00000004)
    .ARM.Collect$$$$00000008                 0x000003c8   Section        0  entry7b.o(.ARM.Collect$$$$00000008)
    .ARM.Collect$$$$0000000A                 0x000003c8   Section        0  entry8b.o(.ARM.Collect$$$$0000000A)
    .ARM.Collect$$$$0000000B                 0x000003c8   Section        8  entry9a.o(.ARM.Collect$$$$0000000B)
    __lit__00000000                          0x000003d0   Data           4  entry4.o(.ARM.Collect$$$$00002714)
    .ARM.Collect$$$$0000000D                 0x000003d0   Section        0  entry10a.o(.ARM.Collect$$$$0000000D)
    .ARM.Collect$$$$0000000F                 0x000003d0   Section        0  entry11a.o(.ARM.Collect$$$$0000000F)
    .ARM.Collect$$$$00002714                 0x000003d0   Section        4  entry4.o(.ARM.Collect$$$$00002714)
    [Anonymous Symbol]                       0x000003d4   Section        0  irq_armv7m.o(.text)
    SVC_Context                              0x000003fc   Number         0  irq_armv7m.o(.text)
    SVC_ContextSave                          0x0000040c   Number         0  irq_armv7m.o(.text)
    SVC_ContextSaveRegs                      0x00000430   Number         0  irq_armv7m.o(.text)
    SVC_ContextRestore                       0x00000438   Number         0  irq_armv7m.o(.text)
    SVC_Exit                                 0x00000446   Number         0  irq_armv7m.o(.text)
    SVC_User                                 0x00000448   Number         0  irq_armv7m.o(.text)
    .text                                    0x00000490   Section        0  memcpya.o(.text)
    .text                                    0x000004b4   Section        0  memseta.o(.text)
    .text                                    0x000004d8   Section       36  init.o(.text)
    [Anonymous Symbol]                       0x000004fc   Section        0  aes.o(.text.AES_Encrypt)
    [Anonymous Symbol]                       0x00000518   Section        0  aes.o(.text.AES_Encrypt_ECB)
    [Anonymous Symbol]                       0x00000620   Section        0  aes.o(.text.AES_Setkey)
    [Anonymous Symbol]                       0x00000668   Section        0  startup_armcm4.o(.text.Default_Handler)
    EventCheckFilter                         0x0000066d   Thumb Code    60  eventrecorder.o(.text.EventCheckFilter)
    [Anonymous Symbol]                       0x0000066c   Section        0  eventrecorder.o(.text.EventCheckFilter)
    EventGetTS                               0x000006a9   Thumb Code    90  eventrecorder.o(.text.EventGetTS)
    [Anonymous Symbol]                       0x000006a8   Section        0  eventrecorder.o(.text.EventGetTS)
    [Anonymous Symbol]                       0x00000704   Section        0  eventrecorder.o(.text.EventRecord2)
    [Anonymous Symbol]                       0x00000760   Section        0  eventrecorder.o(.text.EventRecord4)
    EventRecordItem                          0x000007f9   Thumb Code   254  eventrecorder.o(.text.EventRecordItem)
    [Anonymous Symbol]                       0x000007f8   Section        0  eventrecorder.o(.text.EventRecordItem)
    [Anonymous Symbol]                       0x000008f8   Section        0  eventrecorder.o(.text.EventRecorderTimerGetCount)
    [Anonymous Symbol]                       0x00000918   Section        0  rtx_evr.o(.text.EvrRtxDelayCompleted)
    [Anonymous Symbol]                       0x00000934   Section        0  rtx_evr.o(.text.EvrRtxEventFlagsWaitTimeout)
    [Anonymous Symbol]                       0x00000950   Section        0  rtx_evr.o(.text.EvrRtxKernelErrorNotify)
    [Anonymous Symbol]                       0x00000968   Section        0  rtx_evr.o(.text.EvrRtxMemoryAlloc)
    [Anonymous Symbol]                       0x00000994   Section        0  rtx_evr.o(.text.EvrRtxMemoryBlockAlloc)
    [Anonymous Symbol]                       0x000009b0   Section        0  rtx_evr.o(.text.EvrRtxMemoryBlockFree)
    [Anonymous Symbol]                       0x000009d8   Section        0  rtx_evr.o(.text.EvrRtxMemoryBlockInit)
    [Anonymous Symbol]                       0x00000a04   Section        0  rtx_evr.o(.text.EvrRtxMemoryFree)
    [Anonymous Symbol]                       0x00000a2c   Section        0  rtx_evr.o(.text.EvrRtxMemoryPoolAllocTimeout)
    [Anonymous Symbol]                       0x00000a48   Section        0  rtx_evr.o(.text.EvrRtxMessageQueueCreated)
    [Anonymous Symbol]                       0x00000a64   Section        0  rtx_evr.o(.text.EvrRtxMessageQueueError)
    [Anonymous Symbol]                       0x00000a7c   Section        0  rtx_evr.o(.text.EvrRtxMessageQueueGet)
    [Anonymous Symbol]                       0x00000aa8   Section        0  rtx_evr.o(.text.EvrRtxMessageQueueGetPending)
    [Anonymous Symbol]                       0x00000ad0   Section        0  rtx_evr.o(.text.EvrRtxMessageQueueGetTimeout)
    [Anonymous Symbol]                       0x00000aec   Section        0  rtx_evr.o(.text.EvrRtxMessageQueueInsertPending)
    [Anonymous Symbol]                       0x00000b08   Section        0  rtx_evr.o(.text.EvrRtxMessageQueueInserted)
    [Anonymous Symbol]                       0x00000b24   Section        0  rtx_evr.o(.text.EvrRtxMessageQueueNotInserted)
    [Anonymous Symbol]                       0x00000b40   Section        0  rtx_evr.o(.text.EvrRtxMessageQueueNotRetrieved)
    [Anonymous Symbol]                       0x00000b5c   Section        0  rtx_evr.o(.text.EvrRtxMessageQueuePut)
    [Anonymous Symbol]                       0x00000b8c   Section        0  rtx_evr.o(.text.EvrRtxMessageQueuePutPending)
    [Anonymous Symbol]                       0x00000bb4   Section        0  rtx_evr.o(.text.EvrRtxMessageQueuePutTimeout)
    [Anonymous Symbol]                       0x00000bd0   Section        0  rtx_evr.o(.text.EvrRtxMessageQueueRetrieved)
    [Anonymous Symbol]                       0x00000bec   Section        0  rtx_evr.o(.text.EvrRtxMutexAcquireTimeout)
    [Anonymous Symbol]                       0x00000c08   Section        0  rtx_evr.o(.text.EvrRtxSemaphoreAcquireTimeout)
    [Anonymous Symbol]                       0x00000c24   Section        0  rtx_evr.o(.text.EvrRtxThreadBlocked)
    [Anonymous Symbol]                       0x00000c40   Section        0  rtx_evr.o(.text.EvrRtxThreadFlagsWaitTimeout)
    [Anonymous Symbol]                       0x00000c5c   Section        0  rtx_evr.o(.text.EvrRtxThreadPreempted)
    [Anonymous Symbol]                       0x00000c78   Section        0  rtx_evr.o(.text.EvrRtxThreadSwitched)
    [Anonymous Symbol]                       0x00000c94   Section        0  rtx_evr.o(.text.EvrRtxThreadUnblocked)
    [Anonymous Symbol]                       0x00000cb0   Section        0  rtx_evr.o(.text.EvrRtxTimerCallback)
    GetContext                               0x00000ccd   Thumb Code    18  eventrecorder.o(.text.GetContext)
    [Anonymous Symbol]                       0x00000ccc   Section        0  eventrecorder.o(.text.GetContext)
    GetRecordIndex                           0x00000ce1   Thumb Code    18  eventrecorder.o(.text.GetRecordIndex)
    [Anonymous Symbol]                       0x00000ce0   Section        0  eventrecorder.o(.text.GetRecordIndex)
    [Anonymous Symbol]                       0x00000cf4   Section        0  startup_armcm4.o(.text.HardFault_Handler)
    IncrementRecordsDumped                   0x00000cf9   Thumb Code    18  eventrecorder.o(.text.IncrementRecordsDumped)
    [Anonymous Symbol]                       0x00000cf8   Section        0  eventrecorder.o(.text.IncrementRecordsDumped)
    IncrementRecordsWritten                  0x00000d0d   Thumb Code    18  eventrecorder.o(.text.IncrementRecordsWritten)
    [Anonymous Symbol]                       0x00000d0c   Section        0  eventrecorder.o(.text.IncrementRecordsWritten)
    IsException                              0x00000d21   Thumb Code    20  rtx_kernel.o(.text.IsException)
    [Anonymous Symbol]                       0x00000d20   Section        0  rtx_kernel.o(.text.IsException)
    IsException                              0x00000d35   Thumb Code    20  rtx_msgqueue.o(.text.IsException)
    [Anonymous Symbol]                       0x00000d34   Section        0  rtx_msgqueue.o(.text.IsException)
    IsIrqMasked                              0x00000d49   Thumb Code    46  rtx_kernel.o(.text.IsIrqMasked)
    [Anonymous Symbol]                       0x00000d48   Section        0  rtx_kernel.o(.text.IsIrqMasked)
    IsIrqMasked                              0x00000d79   Thumb Code    46  rtx_msgqueue.o(.text.IsIrqMasked)
    [Anonymous Symbol]                       0x00000d78   Section        0  rtx_msgqueue.o(.text.IsIrqMasked)
    IsPrivileged                             0x00000da9   Thumb Code    20  rtx_kernel.o(.text.IsPrivileged)
    [Anonymous Symbol]                       0x00000da8   Section        0  rtx_kernel.o(.text.IsPrivileged)
    LockRecord                               0x00000dbd   Thumb Code    54  eventrecorder.o(.text.LockRecord)
    [Anonymous Symbol]                       0x00000dbc   Section        0  eventrecorder.o(.text.LockRecord)
    LockTS_Overflow                          0x00000df5   Thumb Code    18  eventrecorder.o(.text.LockTS_Overflow)
    [Anonymous Symbol]                       0x00000df4   Section        0  eventrecorder.o(.text.LockTS_Overflow)
    MemBlockPtr                              0x00000e09   Thumb Code    24  rtx_memory.o(.text.MemBlockPtr)
    [Anonymous Symbol]                       0x00000e08   Section        0  rtx_memory.o(.text.MemBlockPtr)
    MemHeadPtr                               0x00000e21   Thumb Code    10  rtx_memory.o(.text.MemHeadPtr)
    [Anonymous Symbol]                       0x00000e20   Section        0  rtx_memory.o(.text.MemHeadPtr)
    MessageQueueGet                          0x00000e2d   Thumb Code    82  rtx_msgqueue.o(.text.MessageQueueGet)
    [Anonymous Symbol]                       0x00000e2c   Section        0  rtx_msgqueue.o(.text.MessageQueueGet)
    MessageQueuePut                          0x00000e81   Thumb Code   172  rtx_msgqueue.o(.text.MessageQueuePut)
    [Anonymous Symbol]                       0x00000e80   Section        0  rtx_msgqueue.o(.text.MessageQueuePut)
    MessageQueueRemove                       0x00000f2d   Thumb Code    66  rtx_msgqueue.o(.text.MessageQueueRemove)
    [Anonymous Symbol]                       0x00000f2c   Section        0  rtx_msgqueue.o(.text.MessageQueueRemove)
    [Anonymous Symbol]                       0x00000f70   Section        0  os_systick.o(.text.OS_Tick_AcknowledgeIRQ)
    [Anonymous Symbol]                       0x00000f7c   Section        0  os_systick.o(.text.OS_Tick_GetCount)
    [Anonymous Symbol]                       0x00000f9c   Section        0  os_systick.o(.text.OS_Tick_GetInterval)
    [Anonymous Symbol]                       0x00000fac   Section        0  os_systick.o(.text.OS_Tick_GetOverflow)
    [Anonymous Symbol]                       0x00000fbc   Section        0  startup_armcm4.o(.text.Reset_Handler)
    SetPendSV                                0x00000fc5   Thumb Code    16  rtx_system.o(.text.SetPendSV)
    [Anonymous Symbol]                       0x00000fc4   Section        0  rtx_system.o(.text.SetPendSV)
    StackOffsetR0                            0x00000fd5   Thumb Code    12  rtx_thread.o(.text.StackOffsetR0)
    [Anonymous Symbol]                       0x00000fd4   Section        0  rtx_thread.o(.text.StackOffsetR0)
    SysTimerIsRunning                        0x00000fe1   Thumb Code    54  eventrecorder.o(.text.SysTimerIsRunning)
    [Anonymous Symbol]                       0x00000fe0   Section        0  eventrecorder.o(.text.SysTimerIsRunning)
    [Anonymous Symbol]                       0x00001018   Section        0  system_armcm4.o(.text.SystemInit)
    TimerInsert                              0x00001041   Thumb Code   158  rtx_timer.o(.text.TimerInsert)
    [Anonymous Symbol]                       0x00001040   Section        0  rtx_timer.o(.text.TimerInsert)
    TimerUnlink                              0x000010e1   Thumb Code    40  rtx_timer.o(.text.TimerUnlink)
    [Anonymous Symbol]                       0x000010e0   Section        0  rtx_timer.o(.text.TimerUnlink)
    UnlockRecord                             0x00001109   Thumb Code    50  eventrecorder.o(.text.UnlockRecord)
    [Anonymous Symbol]                       0x00001108   Section        0  eventrecorder.o(.text.UnlockRecord)
    UnlockTS_Overflow                        0x0000113d   Thumb Code    18  eventrecorder.o(.text.UnlockTS_Overflow)
    [Anonymous Symbol]                       0x0000113c   Section        0  eventrecorder.o(.text.UnlockTS_Overflow)
    UpdateTS                                 0x00001151   Thumb Code    26  eventrecorder.o(.text.UpdateTS)
    [Anonymous Symbol]                       0x00001150   Section        0  eventrecorder.o(.text.UpdateTS)
    add_round_key                            0x0000116d   Thumb Code   106  aes.o(.text.add_round_key)
    [Anonymous Symbol]                       0x0000116c   Section        0  aes.o(.text.add_round_key)
    aes_ct_bitslice_Sbox                     0x000011d9   Thumb Code  1032  aes.o(.text.aes_ct_bitslice_Sbox)
    [Anonymous Symbol]                       0x000011d8   Section        0  aes.o(.text.aes_ct_bitslice_Sbox)
    [Anonymous Symbol]                       0x000015e0   Section        0  aes.o(.text.aes_ct_bitslice_encrypt)
    [Anonymous Symbol]                       0x0000164c   Section        0  aes.o(.text.aes_ct_keysched)
    aes_ct_ortho                             0x00001719   Thumb Code   680  aes.o(.text.aes_ct_ortho)
    [Anonymous Symbol]                       0x00001718   Section        0  aes.o(.text.aes_ct_ortho)
    [Anonymous Symbol]                       0x000019c0   Section        0  aes.o(.text.aes_ct_skey_expand)
    aes_keysched_base                        0x00001a35   Thumb Code   306  aes.o(.text.aes_keysched_base)
    [Anonymous Symbol]                       0x00001a34   Section        0  aes.o(.text.aes_keysched_base)
    atomic_dec16_nz                          0x00001b69   Thumb Code    44  rtx_system.o(.text.atomic_dec16_nz)
    [Anonymous Symbol]                       0x00001b68   Section        0  rtx_system.o(.text.atomic_dec16_nz)
    atomic_dec32                             0x00001b95   Thumb Code    32  rtx_mempool.o(.text.atomic_dec32)
    [Anonymous Symbol]                       0x00001b94   Section        0  rtx_mempool.o(.text.atomic_dec32)
    atomic_dec32_nz                          0x00001bb5   Thumb Code    40  rtx_msgqueue.o(.text.atomic_dec32_nz)
    [Anonymous Symbol]                       0x00001bb4   Section        0  rtx_msgqueue.o(.text.atomic_dec32_nz)
    atomic_inc16_lim                         0x00001bdd   Thumb Code    52  rtx_system.o(.text.atomic_inc16_lim)
    [Anonymous Symbol]                       0x00001bdc   Section        0  rtx_system.o(.text.atomic_inc16_lim)
    atomic_inc16_lt                          0x00001c11   Thumb Code    56  rtx_system.o(.text.atomic_inc16_lt)
    [Anonymous Symbol]                       0x00001c10   Section        0  rtx_system.o(.text.atomic_inc16_lt)
    atomic_inc32                             0x00001c49   Thumb Code    32  rtx_mempool.o(.text.atomic_inc32)
    [Anonymous Symbol]                       0x00001c48   Section        0  rtx_mempool.o(.text.atomic_inc32)
    atomic_inc32                             0x00001c69   Thumb Code    32  rtx_msgqueue.o(.text.atomic_inc32)
    [Anonymous Symbol]                       0x00001c68   Section        0  rtx_msgqueue.o(.text.atomic_inc32)
    atomic_inc32                             0x00001c89   Thumb Code    32  eventrecorder.o(.text.atomic_inc32)
    [Anonymous Symbol]                       0x00001c88   Section        0  eventrecorder.o(.text.atomic_inc32)
    atomic_inc8                              0x00001ca9   Thumb Code    36  eventrecorder.o(.text.atomic_inc8)
    [Anonymous Symbol]                       0x00001ca8   Section        0  eventrecorder.o(.text.atomic_inc8)
    atomic_link_get                          0x00001ccd   Thumb Code    40  rtx_mempool.o(.text.atomic_link_get)
    [Anonymous Symbol]                       0x00001ccc   Section        0  rtx_mempool.o(.text.atomic_link_get)
    atomic_link_put                          0x00001cf5   Thumb Code    48  rtx_mempool.o(.text.atomic_link_put)
    [Anonymous Symbol]                       0x00001cf4   Section        0  rtx_mempool.o(.text.atomic_link_put)
    atomic_wr32                              0x00001d25   Thumb Code    32  eventrecorder.o(.text.atomic_wr32)
    [Anonymous Symbol]                       0x00001d24   Section        0  eventrecorder.o(.text.atomic_wr32)
    atomic_wr8                               0x00001d45   Thumb Code    40  rtx_msgqueue.o(.text.atomic_wr8)
    [Anonymous Symbol]                       0x00001d44   Section        0  rtx_msgqueue.o(.text.atomic_wr8)
    atomic_wr8                               0x00001d6d   Thumb Code    40  eventrecorder.o(.text.atomic_wr8)
    [Anonymous Symbol]                       0x00001d6c   Section        0  eventrecorder.o(.text.atomic_wr8)
    dec32le                                  0x00001d95   Thumb Code    16  aes.o(.text.dec32le)
    [Anonymous Symbol]                       0x00001d94   Section        0  aes.o(.text.dec32le)
    enc32le                                  0x00001da5   Thumb Code    44  aes.o(.text.enc32le)
    [Anonymous Symbol]                       0x00001da4   Section        0  aes.o(.text.enc32le)
    isrRtxMessageQueueGet                    0x00001dd1   Thumb Code   168  rtx_msgqueue.o(.text.isrRtxMessageQueueGet)
    [Anonymous Symbol]                       0x00001dd0   Section        0  rtx_msgqueue.o(.text.isrRtxMessageQueueGet)
    isrRtxMessageQueuePut                    0x00001e79   Thumb Code   184  rtx_msgqueue.o(.text.isrRtxMessageQueuePut)
    [Anonymous Symbol]                       0x00001e78   Section        0  rtx_msgqueue.o(.text.isrRtxMessageQueuePut)
    isr_queue_get                            0x00001f31   Thumb Code    84  rtx_system.o(.text.isr_queue_get)
    [Anonymous Symbol]                       0x00001f30   Section        0  rtx_system.o(.text.isr_queue_get)
    isr_queue_put                            0x00001f85   Thumb Code    94  rtx_system.o(.text.isr_queue_put)
    [Anonymous Symbol]                       0x00001f84   Section        0  rtx_system.o(.text.isr_queue_put)
    [Anonymous Symbol]                       0x00001fe4   Section        0  main.o(.text.main)
    mix_columns                              0x00002035   Thumb Code   386  aes.o(.text.mix_columns)
    [Anonymous Symbol]                       0x00002034   Section        0  aes.o(.text.mix_columns)
    [Anonymous Symbol]                       0x000021b8   Section        0  rtx_kernel.o(.text.osKernelGetState)
    [Anonymous Symbol]                       0x000021fc   Section        0  rtx_kernel.o(.text.osKernelGetSysTimerCount)
    [Anonymous Symbol]                       0x00002238   Section        0  rtx_msgqueue.o(.text.osMessageQueueGet)
    [Anonymous Symbol]                       0x000022b8   Section        0  rtx_msgqueue.o(.text.osMessageQueuePut)
    [Anonymous Symbol]                       0x00002344   Section        0  rtx_config.o(.text.osRtxErrorNotify)
    osRtxEventFlagsObject                    0x00002375   Thumb Code    10  rtx_system.o(.text.osRtxEventFlagsObject)
    [Anonymous Symbol]                       0x00002374   Section        0  rtx_system.o(.text.osRtxEventFlagsObject)
    [Anonymous Symbol]                       0x00002380   Section        0  rtx_kernel.o(.text.osRtxKernelErrorNotify)
    osRtxKernelGetState                      0x0000239d   Thumb Code    12  rtx_system.o(.text.osRtxKernelGetState)
    [Anonymous Symbol]                       0x0000239c   Section        0  rtx_system.o(.text.osRtxKernelGetState)
    osRtxKernelGetState                      0x000023a9   Thumb Code    12  rtx_thread.o(.text.osRtxKernelGetState)
    [Anonymous Symbol]                       0x000023a8   Section        0  rtx_thread.o(.text.osRtxKernelGetState)
    osRtxKernelState                         0x000023b5   Thumb Code    12  rtx_kernel.o(.text.osRtxKernelState)
    [Anonymous Symbol]                       0x000023b4   Section        0  rtx_kernel.o(.text.osRtxKernelState)
    [Anonymous Symbol]                       0x000023c0   Section        0  rtx_memory.o(.text.osRtxMemoryAlloc)
    [Anonymous Symbol]                       0x0000250c   Section        0  rtx_memory.o(.text.osRtxMemoryFree)
    [Anonymous Symbol]                       0x000025d0   Section        0  rtx_mempool.o(.text.osRtxMemoryPoolAlloc)
    [Anonymous Symbol]                       0x0000261c   Section        0  rtx_mempool.o(.text.osRtxMemoryPoolFree)
    [Anonymous Symbol]                       0x00002680   Section        0  rtx_mempool.o(.text.osRtxMemoryPoolInit)
    osRtxMemoryPoolObject                    0x00002719   Thumb Code    10  rtx_system.o(.text.osRtxMemoryPoolObject)
    [Anonymous Symbol]                       0x00002718   Section        0  rtx_system.o(.text.osRtxMemoryPoolObject)
    osRtxMessageObject                       0x00002725   Thumb Code    10  rtx_system.o(.text.osRtxMessageObject)
    [Anonymous Symbol]                       0x00002724   Section        0  rtx_system.o(.text.osRtxMessageObject)
    osRtxMessageQueueId                      0x00002731   Thumb Code    10  rtx_msgqueue.o(.text.osRtxMessageQueueId)
    [Anonymous Symbol]                       0x00002730   Section        0  rtx_msgqueue.o(.text.osRtxMessageQueueId)
    osRtxMessageQueuePostProcess             0x0000273d   Thumb Code   324  rtx_msgqueue.o(.text.osRtxMessageQueuePostProcess)
    [Anonymous Symbol]                       0x0000273c   Section        0  rtx_msgqueue.o(.text.osRtxMessageQueuePostProcess)
    [Anonymous Symbol]                       0x00002880   Section        0  rtx_msgqueue.o(.text.osRtxMessageQueueTimerSetup)
    osRtxMutexObject                         0x000028c1   Thumb Code    10  rtx_thread.o(.text.osRtxMutexObject)
    [Anonymous Symbol]                       0x000028c0   Section        0  rtx_thread.o(.text.osRtxMutexObject)
    [Anonymous Symbol]                       0x000028cc   Section        0  rtx_mutex.o(.text.osRtxMutexOwnerRestore)
    osRtxObject                              0x00002979   Thumb Code    10  rtx_msgqueue.o(.text.osRtxObject)
    [Anonymous Symbol]                       0x00002978   Section        0  rtx_msgqueue.o(.text.osRtxObject)
    osRtxObject                              0x00002985   Thumb Code    10  rtx_system.o(.text.osRtxObject)
    [Anonymous Symbol]                       0x00002984   Section        0  rtx_system.o(.text.osRtxObject)
    osRtxObject                              0x00002991   Thumb Code    10  rtx_thread.o(.text.osRtxObject)
    [Anonymous Symbol]                       0x00002990   Section        0  rtx_thread.o(.text.osRtxObject)
    [Anonymous Symbol]                       0x0000299c   Section        0  rtx_system.o(.text.osRtxPendSV_Handler)
    [Anonymous Symbol]                       0x00002a54   Section        0  rtx_system.o(.text.osRtxPostProcess)
    osRtxSemaphoreObject                     0x00002a99   Thumb Code    10  rtx_system.o(.text.osRtxSemaphoreObject)
    [Anonymous Symbol]                       0x00002a98   Section        0  rtx_system.o(.text.osRtxSemaphoreObject)
    osRtxThreadBlock                         0x00002aa5   Thumb Code   136  rtx_thread.o(.text.osRtxThreadBlock)
    [Anonymous Symbol]                       0x00002aa4   Section        0  rtx_thread.o(.text.osRtxThreadBlock)
    osRtxThreadDelayInsert                   0x00002b2d   Thumb Code   250  rtx_thread.o(.text.osRtxThreadDelayInsert)
    [Anonymous Symbol]                       0x00002b2c   Section        0  rtx_thread.o(.text.osRtxThreadDelayInsert)
    osRtxThreadDelayRemove                   0x00002c29   Thumb Code   156  rtx_thread.o(.text.osRtxThreadDelayRemove)
    [Anonymous Symbol]                       0x00002c28   Section        0  rtx_thread.o(.text.osRtxThreadDelayRemove)
    [Anonymous Symbol]                       0x00002cc4   Section        0  rtx_thread.o(.text.osRtxThreadDelayTick)
    [Anonymous Symbol]                       0x00002e14   Section        0  rtx_thread.o(.text.osRtxThreadDispatch)
    osRtxThreadGetRunning                    0x00002ead   Thumb Code    12  rtx_msgqueue.o(.text.osRtxThreadGetRunning)
    [Anonymous Symbol]                       0x00002eac   Section        0  rtx_msgqueue.o(.text.osRtxThreadGetRunning)
    osRtxThreadGetRunning                    0x00002eb9   Thumb Code    12  rtx_thread.o(.text.osRtxThreadGetRunning)
    [Anonymous Symbol]                       0x00002eb8   Section        0  rtx_thread.o(.text.osRtxThreadGetRunning)
    osRtxThreadGetRunning                    0x00002ec5   Thumb Code    12  rtx_timer.o(.text.osRtxThreadGetRunning)
    [Anonymous Symbol]                       0x00002ec4   Section        0  rtx_timer.o(.text.osRtxThreadGetRunning)
    [Anonymous Symbol]                       0x00002ed0   Section        0  rtx_thread.o(.text.osRtxThreadListGet)
    [Anonymous Symbol]                       0x00002f08   Section        0  rtx_thread.o(.text.osRtxThreadListPut)
    [Anonymous Symbol]                       0x00002f80   Section        0  rtx_thread.o(.text.osRtxThreadListRemove)
    osRtxThreadListRoot                      0x00002fb5   Thumb Code    34  rtx_thread.o(.text.osRtxThreadListRoot)
    [Anonymous Symbol]                       0x00002fb4   Section        0  rtx_thread.o(.text.osRtxThreadListRoot)
    [Anonymous Symbol]                       0x00002fd8   Section        0  rtx_thread.o(.text.osRtxThreadListSort)
    osRtxThreadObject                        0x00003031   Thumb Code    10  rtx_system.o(.text.osRtxThreadObject)
    [Anonymous Symbol]                       0x00003030   Section        0  rtx_system.o(.text.osRtxThreadObject)
    osRtxThreadObject                        0x0000303d   Thumb Code    10  rtx_thread.o(.text.osRtxThreadObject)
    [Anonymous Symbol]                       0x0000303c   Section        0  rtx_thread.o(.text.osRtxThreadObject)
    [Anonymous Symbol]                       0x00003048   Section        0  rtx_thread.o(.text.osRtxThreadReadyPut)
    [Anonymous Symbol]                       0x00003068   Section        0  rtx_thread.o(.text.osRtxThreadRegPtr)
    osRtxThreadSetRunning                    0x0000308d   Thumb Code    20  rtx_timer.o(.text.osRtxThreadSetRunning)
    [Anonymous Symbol]                       0x0000308c   Section        0  rtx_timer.o(.text.osRtxThreadSetRunning)
    [Anonymous Symbol]                       0x000030a0   Section        0  rtx_thread.o(.text.osRtxThreadStackCheck)
    [Anonymous Symbol]                       0x000030dc   Section        0  rtx_thread.o(.text.osRtxThreadSwitch)
    [Anonymous Symbol]                       0x00003100   Section        0  rtx_thread.o(.text.osRtxThreadWaitEnter)
    [Anonymous Symbol]                       0x00003178   Section        0  rtx_thread.o(.text.osRtxThreadWaitExit)
    [Anonymous Symbol]                       0x000031c0   Section        0  rtx_system.o(.text.osRtxTick_Handler)
    [Anonymous Symbol]                       0x000032d0   Section        0  rtx_timer.o(.text.osRtxTimerSetup)
    [Anonymous Symbol]                       0x00003300   Section        0  rtx_timer.o(.text.osRtxTimerThread)
    osRtxTimerTick                           0x00003335   Thumb Code   220  rtx_timer.o(.text.osRtxTimerTick)
    [Anonymous Symbol]                       0x00003334   Section        0  rtx_timer.o(.text.osRtxTimerTick)
    rotr16                                   0x00003411   Thumb Code    14  aes.o(.text.rotr16)
    [Anonymous Symbol]                       0x00003410   Section        0  aes.o(.text.rotr16)
    shift_rows                               0x00003421   Thumb Code   102  aes.o(.text.shift_rows)
    [Anonymous Symbol]                       0x00003420   Section        0  aes.o(.text.shift_rows)
    sub_word                                 0x00003489   Thumb Code    66  aes.o(.text.sub_word)
    [Anonymous Symbol]                       0x00003488   Section        0  aes.o(.text.sub_word)
    svcRtxKernelGetState                     0x000034cd   Thumb Code    16  rtx_kernel.o(.text.svcRtxKernelGetState)
    [Anonymous Symbol]                       0x000034cc   Section        0  rtx_kernel.o(.text.svcRtxKernelGetState)
    svcRtxKernelGetSysTimerCount             0x000034dd   Thumb Code    70  rtx_kernel.o(.text.svcRtxKernelGetSysTimerCount)
    [Anonymous Symbol]                       0x000034dc   Section        0  rtx_kernel.o(.text.svcRtxKernelGetSysTimerCount)
    svcRtxMessageQueueGet                    0x00003525   Thumb Code   356  rtx_msgqueue.o(.text.svcRtxMessageQueueGet)
    [Anonymous Symbol]                       0x00003524   Section        0  rtx_msgqueue.o(.text.svcRtxMessageQueueGet)
    svcRtxMessageQueueNew                    0x00003689   Thumb Code   668  rtx_msgqueue.o(.text.svcRtxMessageQueueNew)
    [Anonymous Symbol]                       0x00003688   Section        0  rtx_msgqueue.o(.text.svcRtxMessageQueueNew)
    svcRtxMessageQueuePut                    0x00003925   Thumb Code   344  rtx_msgqueue.o(.text.svcRtxMessageQueuePut)
    [Anonymous Symbol]                       0x00003924   Section        0  rtx_msgqueue.o(.text.svcRtxMessageQueuePut)
    i.__scatterload_copy                     0x00003a7c   Section       14  handlers.o(i.__scatterload_copy)
    i.__scatterload_null                     0x00003a8a   Section        2  handlers.o(i.__scatterload_null)
    i.__scatterload_zeroinit                 0x00003a8c   Section       14  handlers.o(i.__scatterload_zeroinit)
    __tagsym$$used.0                         0x00003a9c   Number         0  rtx_lib.o(.rodata)
    __tagsym$$used.1                         0x00003b0c   Number         0  rtx_lib.o(.rodata)
    __tagsym$$used.0                         0x00003b44   Number         0  eventrecorder.o(.rodata.EventRecorderInfo)
    Rcon                                     0x00003b5c   Data          10  aes.o(.rodata.Rcon)
    [Anonymous Symbol]                       0x00003b5c   Section        0  aes.o(.rodata.Rcon)
    os_idle_thread_attr                      0x00003b6c   Data          36  rtx_lib.o(.rodata.os_idle_thread_attr)
    [Anonymous Symbol]                       0x00003b6c   Section        0  rtx_lib.o(.rodata.os_idle_thread_attr)
    os_timer_mq_attr                         0x00003b90   Data          24  rtx_lib.o(.rodata.os_timer_mq_attr)
    [Anonymous Symbol]                       0x00003b90   Section        0  rtx_lib.o(.rodata.os_timer_mq_attr)
    os_timer_thread_attr                     0x00003ba8   Data          36  rtx_lib.o(.rodata.os_timer_thread_attr)
    [Anonymous Symbol]                       0x00003ba8   Section        0  rtx_lib.o(.rodata.os_timer_thread_attr)
    .L.str                                   0x00003bcc   Data          11  rtx_kernel.o(.rodata.str1.1)
    [Anonymous Symbol]                       0x00003bcc   Section        0  rtx_kernel.o(.rodata.str1.1)
    FPCCR                                    0xe000ef34   Number         0  irq_armv7m.o ABSOLUTE
    SysTimerState                            0xf00000c0   Data           1  eventrecorder.o(.bss.SysTimerState)
    [Anonymous Symbol]                       0xf00000c0   Section        0  eventrecorder.o(.bss.SysTimerState)
    TS_OverflowLock                          0xf00000c1   Data           1  eventrecorder.o(.bss.TS_OverflowLock)
    [Anonymous Symbol]                       0xf00000c1   Section        0  eventrecorder.o(.bss.TS_OverflowLock)
    EventBuffer                              0xf0000100   Data        1024  eventrecorder.o(.bss.noinit)
    [Anonymous Symbol]                       0xf0000100   Section        0  eventrecorder.o(.bss.noinit)
    EventFilter                              0xf0000500   Data         128  eventrecorder.o(.bss.noinit)
    EventStatus                              0xf0000580   Data          36  eventrecorder.o(.bss.noinit)
    os_isr_queue                             0xf00005a8   Data          64  rtx_lib.o(.bss.os)
    [Anonymous Symbol]                       0xf00005a8   Section        0  rtx_lib.o(.bss.os)
    os_mem                                   0xf00005e8   Data        4096  rtx_lib.o(.bss.os)
    os_timer_mq_cb                           0xf00015e8   Data          52  rtx_lib.o(.bss.os.msgqueue.cb)
    [Anonymous Symbol]                       0xf00015e8   Section        0  rtx_lib.o(.bss.os.msgqueue.cb)
    os_timer_mq_data                         0xf000161c   Data          80  rtx_lib.o(.bss.os.msgqueue.mem)
    [Anonymous Symbol]                       0xf000161c   Section        0  rtx_lib.o(.bss.os.msgqueue.mem)
    os_idle_thread_cb                        0xf000166c   Data          68  rtx_lib.o(.bss.os.thread.cb)
    [Anonymous Symbol]                       0xf000166c   Section        0  rtx_lib.o(.bss.os.thread.cb)
    os_timer_thread_cb                       0xf00016b0   Data          68  rtx_lib.o(.bss.os.thread.cb)
    os_idle_thread_stack                     0xf00016f8   Data         512  rtx_lib.o(.bss.os.thread.idle.stack)
    [Anonymous Symbol]                       0xf00016f8   Section        0  rtx_lib.o(.bss.os.thread.idle.stack)
    os_timer_thread_stack                    0xf00018f8   Data         512  rtx_lib.o(.bss.os.thread.timer.stack)
    [Anonymous Symbol]                       0xf00018f8   Section        0  rtx_lib.o(.bss.os.thread.timer.stack)

    Global Symbols

    Symbol Name                              Value     Ov Type        Size  Object(Section)

    BuildAttributes$$THM_ISAv4$E$P$D$K$B$S$7EM$PE$A:L22UL41UL21$X:L11$S22US41US21$IEEE1$IW$USESV6$~STKCKD$USESV7$~SHL$OSPACE$EBA8$MICROLIB$REQ8$PRES8$EABIv2 0x00000000   Number         0  anon$$obj.o ABSOLUTE
    __Vectors                                0x00000000   Data         960  startup_armcm4.o(RESET)
    .bss.os.evflags.cb$$Base                  - Undefined Weak Reference
    .bss.os.evflags.cb$$Limit                 - Undefined Weak Reference
    .bss.os.mempool.cb$$Base                  - Undefined Weak Reference
    .bss.os.mempool.cb$$Limit                 - Undefined Weak Reference
    .bss.os.mutex.cb$$Base                    - Undefined Weak Reference
    .bss.os.mutex.cb$$Limit                   - Undefined Weak Reference
    .bss.os.semaphore.cb$$Base                - Undefined Weak Reference
    .bss.os.semaphore.cb$$Limit               - Undefined Weak Reference
    .bss.os.timer.cb$$Base                    - Undefined Weak Reference
    .bss.os.timer.cb$$Limit                   - Undefined Weak Reference
    __cpp_initialize__aeabi_                  - Undefined Weak Reference
    __cxa_finalize                            - Undefined Weak Reference
    __decompress                              - Undefined Weak Reference
    _clock_init                               - Undefined Weak Reference
    _microlib_exit                            - Undefined Weak Reference
    __main                                   0x000003c1   Thumb Code     0  entry.o(.ARM.Collect$$$$00000000)
    _main_stk                                0x000003c1   Thumb Code     0  entry4.o(.ARM.Collect$$$$00000003)
    _main_scatterload                        0x000003c5   Thumb Code     0  entry5.o(.ARM.Collect$$$$00000004)
    __main_after_scatterload                 0x000003c9   Thumb Code     0  entry5.o(.ARM.Collect$$$$00000004)
    _main_clock                              0x000003c9   Thumb Code     0  entry7b.o(.ARM.Collect$$$$00000008)
    _main_cpp_init                           0x000003c9   Thumb Code     0  entry8b.o(.ARM.Collect$$$$0000000A)
    _main_init                               0x000003c9   Thumb Code     0  entry9a.o(.ARM.Collect$$$$0000000B)
    __rt_final_cpp                           0x000003d1   Thumb Code     0  entry10a.o(.ARM.Collect$$$$0000000D)
    __rt_final_exit                          0x000003d1   Thumb Code     0  entry11a.o(.ARM.Collect$$$$0000000F)
    SVC_Handler                              0x000003d5   Thumb Code   144  irq_armv7m.o(.text)
    PendSV_Handler                           0x00000465   Thumb Code    16  irq_armv7m.o(.text)
    SysTick_Handler                          0x00000475   Thumb Code    16  irq_armv7m.o(.text)
    __aeabi_memcpy                           0x00000491   Thumb Code    36  memcpya.o(.text)
    __aeabi_memcpy4                          0x00000491   Thumb Code     0  memcpya.o(.text)
    __aeabi_memcpy8                          0x00000491   Thumb Code     0  memcpya.o(.text)
    __aeabi_memset                           0x000004b5   Thumb Code    14  memseta.o(.text)
    __aeabi_memset4                          0x000004b5   Thumb Code     0  memseta.o(.text)
    __aeabi_memset8                          0x000004b5   Thumb Code     0  memseta.o(.text)
    __aeabi_memclr                           0x000004c3   Thumb Code     4  memseta.o(.text)
    __aeabi_memclr4                          0x000004c3   Thumb Code     0  memseta.o(.text)
    __aeabi_memclr8                          0x000004c3   Thumb Code     0  memseta.o(.text)
    _memset$wrapper                          0x000004c7   Thumb Code    18  memseta.o(.text)
    __scatterload                            0x000004d9   Thumb Code    28  init.o(.text)
    __scatterload_rt2                        0x000004d9   Thumb Code     0  init.o(.text)
    AES_Encrypt                              0x000004fd   Thumb Code    26  aes.o(.text.AES_Encrypt)
    AES_Encrypt_ECB                          0x00000519   Thumb Code   264  aes.o(.text.AES_Encrypt_ECB)
    AES_Setkey                               0x00000621   Thumb Code    70  aes.o(.text.AES_Setkey)
    BusFault_Handler                         0x00000669   Thumb Code     4  startup_armcm4.o(.text.Default_Handler)
    DebugMon_Handler                         0x00000669   Thumb Code     4  startup_armcm4.o(.text.Default_Handler)
    Default_Handler                          0x00000669   Thumb Code     4  startup_armcm4.o(.text.Default_Handler)
    Interrupt0_Handler                       0x00000669   Thumb Code     4  startup_armcm4.o(.text.Default_Handler)
    Interrupt1_Handler                       0x00000669   Thumb Code     4  startup_armcm4.o(.text.Default_Handler)
    Interrupt2_Handler                       0x00000669   Thumb Code     4  startup_armcm4.o(.text.Default_Handler)
    Interrupt3_Handler                       0x00000669   Thumb Code     4  startup_armcm4.o(.text.Default_Handler)
    Interrupt4_Handler                       0x00000669   Thumb Code     4  startup_armcm4.o(.text.Default_Handler)
    Interrupt5_Handler                       0x00000669   Thumb Code     4  startup_armcm4.o(.text.Default_Handler)
    Interrupt6_Handler                       0x00000669   Thumb Code     4  startup_armcm4.o(.text.Default_Handler)
    Interrupt7_Handler                       0x00000669   Thumb Code     4  startup_armcm4.o(.text.Default_Handler)
    Interrupt8_Handler                       0x00000669   Thumb Code     4  startup_armcm4.o(.text.Default_Handler)
    Interrupt9_Handler                       0x00000669   Thumb Code     4  startup_armcm4.o(.text.Default_Handler)
    MemManage_Handler                        0x00000669   Thumb Code     4  startup_armcm4.o(.text.Default_Handler)
    NMI_Handler                              0x00000669   Thumb Code     4  startup_armcm4.o(.text.Default_Handler)
    UsageFault_Handler                       0x00000669   Thumb Code     4  startup_armcm4.o(.text.Default_Handler)
    EventRecord2                             0x00000705   Thumb Code    90  eventrecorder.o(.text.EventRecord2)
    EventRecord4                             0x00000761   Thumb Code   150  eventrecorder.o(.text.EventRecord4)
    EventRecorderTimerGetCount               0x000008f9   Thumb Code    32  eventrecorder.o(.text.EventRecorderTimerGetCount)
    EvrRtxDelayCompleted                     0x00000919   Thumb Code    26  rtx_evr.o(.text.EvrRtxDelayCompleted)
    EvrRtxEventFlagsWaitTimeout              0x00000935   Thumb Code    26  rtx_evr.o(.text.EvrRtxEventFlagsWaitTimeout)
    EvrRtxKernelErrorNotify                  0x00000951   Thumb Code    24  rtx_evr.o(.text.EvrRtxKernelErrorNotify)
    EvrRtxMemoryAlloc                        0x00000969   Thumb Code    42  rtx_evr.o(.text.EvrRtxMemoryAlloc)
    EvrRtxMemoryBlockAlloc                   0x00000995   Thumb Code    28  rtx_evr.o(.text.EvrRtxMemoryBlockAlloc)
    EvrRtxMemoryBlockFree                    0x000009b1   Thumb Code    40  rtx_evr.o(.text.EvrRtxMemoryBlockFree)
    EvrRtxMemoryBlockInit                    0x000009d9   Thumb Code    42  rtx_evr.o(.text.EvrRtxMemoryBlockInit)
    EvrRtxMemoryFree                         0x00000a05   Thumb Code    40  rtx_evr.o(.text.EvrRtxMemoryFree)
    EvrRtxMemoryPoolAllocTimeout             0x00000a2d   Thumb Code    26  rtx_evr.o(.text.EvrRtxMemoryPoolAllocTimeout)
    EvrRtxMessageQueueCreated                0x00000a49   Thumb Code    28  rtx_evr.o(.text.EvrRtxMessageQueueCreated)
    EvrRtxMessageQueueError                  0x00000a65   Thumb Code    24  rtx_evr.o(.text.EvrRtxMessageQueueError)
    EvrRtxMessageQueueGet                    0x00000a7d   Thumb Code    42  rtx_evr.o(.text.EvrRtxMessageQueueGet)
    EvrRtxMessageQueueGetPending             0x00000aa9   Thumb Code    40  rtx_evr.o(.text.EvrRtxMessageQueueGetPending)
    EvrRtxMessageQueueGetTimeout             0x00000ad1   Thumb Code    26  rtx_evr.o(.text.EvrRtxMessageQueueGetTimeout)
    EvrRtxMessageQueueInsertPending          0x00000aed   Thumb Code    28  rtx_evr.o(.text.EvrRtxMessageQueueInsertPending)
    EvrRtxMessageQueueInserted               0x00000b09   Thumb Code    28  rtx_evr.o(.text.EvrRtxMessageQueueInserted)
    EvrRtxMessageQueueNotInserted            0x00000b25   Thumb Code    28  rtx_evr.o(.text.EvrRtxMessageQueueNotInserted)
    EvrRtxMessageQueueNotRetrieved           0x00000b41   Thumb Code    28  rtx_evr.o(.text.EvrRtxMessageQueueNotRetrieved)
    EvrRtxMessageQueuePut                    0x00000b5d   Thumb Code    46  rtx_evr.o(.text.EvrRtxMessageQueuePut)
    EvrRtxMessageQueuePutPending             0x00000b8d   Thumb Code    40  rtx_evr.o(.text.EvrRtxMessageQueuePutPending)
    EvrRtxMessageQueuePutTimeout             0x00000bb5   Thumb Code    26  rtx_evr.o(.text.EvrRtxMessageQueuePutTimeout)
    EvrRtxMessageQueueRetrieved              0x00000bd1   Thumb Code    28  rtx_evr.o(.text.EvrRtxMessageQueueRetrieved)
    EvrRtxMutexAcquireTimeout                0x00000bed   Thumb Code    26  rtx_evr.o(.text.EvrRtxMutexAcquireTimeout)
    EvrRtxSemaphoreAcquireTimeout            0x00000c09   Thumb Code    26  rtx_evr.o(.text.EvrRtxSemaphoreAcquireTimeout)
    EvrRtxThreadBlocked                      0x00000c25   Thumb Code    28  rtx_evr.o(.text.EvrRtxThreadBlocked)
    EvrRtxThreadFlagsWaitTimeout             0x00000c41   Thumb Code    26  rtx_evr.o(.text.EvrRtxThreadFlagsWaitTimeout)
    EvrRtxThreadPreempted                    0x00000c5d   Thumb Code    26  rtx_evr.o(.text.EvrRtxThreadPreempted)
    EvrRtxThreadSwitched                     0x00000c79   Thumb Code    26  rtx_evr.o(.text.EvrRtxThreadSwitched)
    EvrRtxThreadUnblocked                    0x00000c95   Thumb Code    28  rtx_evr.o(.text.EvrRtxThreadUnblocked)
    EvrRtxTimerCallback                      0x00000cb1   Thumb Code    28  rtx_evr.o(.text.EvrRtxTimerCallback)
    HardFault_Handler                        0x00000cf5   Thumb Code     4  startup_armcm4.o(.text.HardFault_Handler)
    OS_Tick_AcknowledgeIRQ                   0x00000f71   Thumb Code    12  os_systick.o(.text.OS_Tick_AcknowledgeIRQ)
    OS_Tick_GetCount                         0x00000f7d   Thumb Code    32  os_systick.o(.text.OS_Tick_GetCount)
    OS_Tick_GetInterval                      0x00000f9d   Thumb Code    14  os_systick.o(.text.OS_Tick_GetInterval)
    OS_Tick_GetOverflow                      0x00000fad   Thumb Code    16  os_systick.o(.text.OS_Tick_GetOverflow)
    Reset_Handler                            0x00000fbd   Thumb Code     8  startup_armcm4.o(.text.Reset_Handler)
    SystemInit                               0x00001019   Thumb Code    38  system_armcm4.o(.text.SystemInit)
    aes_ct_bitslice_encrypt                  0x000015e1   Thumb Code   106  aes.o(.text.aes_ct_bitslice_encrypt)
    aes_ct_keysched                          0x0000164d   Thumb Code   202  aes.o(.text.aes_ct_keysched)
    aes_ct_skey_expand                       0x000019c1   Thumb Code   114  aes.o(.text.aes_ct_skey_expand)
    main                                     0x00001fe5   Thumb Code    80  main.o(.text.main)
    osKernelGetState                         0x000021b9   Thumb Code    66  rtx_kernel.o(.text.osKernelGetState)
    osKernelGetSysTimerCount                 0x000021fd   Thumb Code    58  rtx_kernel.o(.text.osKernelGetSysTimerCount)
    osMessageQueueGet                        0x00002239   Thumb Code   126  rtx_msgqueue.o(.text.osMessageQueueGet)
    osMessageQueuePut                        0x000022b9   Thumb Code   138  rtx_msgqueue.o(.text.osMessageQueuePut)
    osRtxErrorNotify                         0x00002345   Thumb Code    46  rtx_config.o(.text.osRtxErrorNotify)
    osRtxKernelErrorNotify                   0x00002381   Thumb Code    28  rtx_kernel.o(.text.osRtxKernelErrorNotify)
    osRtxMemoryAlloc                         0x000023c1   Thumb Code   332  rtx_memory.o(.text.osRtxMemoryAlloc)
    osRtxMemoryFree                          0x0000250d   Thumb Code   194  rtx_memory.o(.text.osRtxMemoryFree)
    osRtxMemoryPoolAlloc                     0x000025d1   Thumb Code    74  rtx_mempool.o(.text.osRtxMemoryPoolAlloc)
    osRtxMemoryPoolFree                      0x0000261d   Thumb Code   100  rtx_mempool.o(.text.osRtxMemoryPoolFree)
    osRtxMemoryPoolInit                      0x00002681   Thumb Code   152  rtx_mempool.o(.text.osRtxMemoryPoolInit)
    osRtxMessageQueueTimerSetup              0x00002881   Thumb Code    62  rtx_msgqueue.o(.text.osRtxMessageQueueTimerSetup)
    osRtxMutexOwnerRestore                   0x000028cd   Thumb Code   172  rtx_mutex.o(.text.osRtxMutexOwnerRestore)
    osRtxPendSV_Handler                      0x0000299d   Thumb Code   184  rtx_system.o(.text.osRtxPendSV_Handler)
    osRtxPostProcess                         0x00002a55   Thumb Code    66  rtx_system.o(.text.osRtxPostProcess)
    osRtxThreadDelayTick                     0x00002cc5   Thumb Code   336  rtx_thread.o(.text.osRtxThreadDelayTick)
    osRtxThreadDispatch                      0x00002e15   Thumb Code   150  rtx_thread.o(.text.osRtxThreadDispatch)
    osRtxThreadListGet                       0x00002ed1   Thumb Code    54  rtx_thread.o(.text.osRtxThreadListGet)
    osRtxThreadListPut                       0x00002f09   Thumb Code   118  rtx_thread.o(.text.osRtxThreadListPut)
    osRtxThreadListRemove                    0x00002f81   Thumb Code    50  rtx_thread.o(.text.osRtxThreadListRemove)
    osRtxThreadListSort                      0x00002fd9   Thumb Code    88  rtx_thread.o(.text.osRtxThreadListSort)
    osRtxThreadReadyPut                      0x00003049   Thumb Code    32  rtx_thread.o(.text.osRtxThreadReadyPut)
    osRtxThreadRegPtr                        0x00003069   Thumb Code    34  rtx_thread.o(.text.osRtxThreadRegPtr)
    osRtxThreadStackCheck                    0x000030a1   Thumb Code    60  rtx_thread.o(.text.osRtxThreadStackCheck)
    osRtxThreadSwitch                        0x000030dd   Thumb Code    34  rtx_thread.o(.text.osRtxThreadSwitch)
    osRtxThreadWaitEnter                     0x00003101   Thumb Code   118  rtx_thread.o(.text.osRtxThreadWaitEnter)
    osRtxThreadWaitExit                      0x00003179   Thumb Code    70  rtx_thread.o(.text.osRtxThreadWaitExit)
    osRtxTick_Handler                        0x000031c1   Thumb Code   272  rtx_system.o(.text.osRtxTick_Handler)
    osRtxTimerSetup                          0x000032d1   Thumb Code    48  rtx_timer.o(.text.osRtxTimerSetup)
    osRtxTimerThread                         0x00003301   Thumb Code    50  rtx_timer.o(.text.osRtxTimerThread)
    __scatterload_copy                       0x00003a7d   Thumb Code    14  handlers.o(i.__scatterload_copy)
    __scatterload_null                       0x00003a8b   Thumb Code     2  handlers.o(i.__scatterload_null)
    __scatterload_zeroinit                   0x00003a8d   Thumb Code    14  handlers.o(i.__scatterload_zeroinit)
    osRtxConfig                              0x00003a9c   Data         112  rtx_lib.o(.rodata)
    os_cb_sections                           0x00003b0c   Data          56  rtx_lib.o(.rodata)
    EventRecorderInfo                        0x00003b44   Data          24  eventrecorder.o(.rodata.EventRecorderInfo)
    osRtxUserSVC                             0x00003b68   Data           4  rtx_lib.o(.rodata.osRtxUserSVC)
    Region$$Table$$Base                      0x00003bd8   Number         0  anon$$obj.o(Region$$Table)
    Region$$Table$$Limit                     0x00003bf8   Number         0  anon$$obj.o(Region$$Table)
    SystemCoreClock                          0xf0000000   Data           4  system_armcm4.o(.data.SystemCoreClock)
    key                                      0xf0000004   Data          16  main.o(.data.key)
    osRtxInfo                                0xf0000014   Data         164  rtx_kernel.o(.data.os)
    dst                                      0xf00000c2   Data          16  main.o(.bss.dst)
    .bss.os.msgqueue.cb$$Base                0xf00015e8   Number         0  rtx_lib.o(.bss.os.msgqueue.cb)
    .bss.os.msgqueue.cb$$Limit               0xf000161c   Number         0  rtx_lib.o(.bss.os.msgqueue.cb)
    .bss.os.thread.cb$$Base                  0xf000166c   Number         0  rtx_lib.o(.bss.os.thread.cb)
    .bss.os.thread.cb$$Limit                 0xf00016f4   Number         0  rtx_lib.o(.bss.os.thread.cb)
    Image$$ARM_LIB_STACK$$ZI$$Limit          0xf00f0000   Number         0  anon$$obj.o ABSOLUTE



==============================================================================

Memory Map of the image

  Image Entry point : 0x000003c1

  Load Region LR_ROM (Base: 0x00000000, Size: 0x00003cc0, Max: 0xefffffff, ABSOLUTE)

    Execution Region ER_ROM (Exec base: 0x00000000, Load base: 0x00000000, Size: 0x00003bf8, Max: 0xefffffff, ABSOLUTE)

    Exec Addr    Load Addr    Size         Type   Attr      Idx    E Section Name        Object

    0x00000000   0x00000000   0x000003c0   Data   RO         1305    RESET               startup_armcm4.o
    0x000003c0   0x000003c0   0x00000000   Code   RO         1324  * .ARM.Collect$$$$00000000  mc_w.l(entry.o)
    0x000003c0   0x000003c0   0x00000004   Code   RO         1339    .ARM.Collect$$$$00000003  mc_w.l(entry4.o)
    0x000003c4   0x000003c4   0x00000004   Code   RO         1342    .ARM.Collect$$$$00000004  mc_w.l(entry5.o)
    0x000003c8   0x000003c8   0x00000000   Code   RO         1344    .ARM.Collect$$$$00000008  mc_w.l(entry7b.o)
    0x000003c8   0x000003c8   0x00000000   Code   RO         1346    .ARM.Collect$$$$0000000A  mc_w.l(entry8b.o)
    0x000003c8   0x000003c8   0x00000008   Code   RO         1347    .ARM.Collect$$$$0000000B  mc_w.l(entry9a.o)
    0x000003d0   0x000003d0   0x00000000   Code   RO         1349    .ARM.Collect$$$$0000000D  mc_w.l(entry10a.o)
    0x000003d0   0x000003d0   0x00000000   Code   RO         1351    .ARM.Collect$$$$0000000F  mc_w.l(entry11a.o)
    0x000003d0   0x000003d0   0x00000004   Code   RO         1340    .ARM.Collect$$$$00002714  mc_w.l(entry4.o)
    0x000003d4   0x000003d4   0x000000bc   Code   RO           81    .text               irq_armv7m.o
    0x00000490   0x00000490   0x00000024   Code   RO         1333    .text               mc_w.l(memcpya.o)
    0x000004b4   0x000004b4   0x00000024   Code   RO         1335    .text               mc_w.l(memseta.o)
    0x000004d8   0x000004d8   0x00000024   Code   RO         1353    .text               mc_w.l(init.o)
    0x000004fc   0x000004fc   0x0000001a   Code   RO           40    .text.AES_Encrypt   aes.o
    0x00000516   0x00000516   0x00000002   PAD
    0x00000518   0x00000518   0x00000108   Code   RO           32    .text.AES_Encrypt_ECB  aes.o
    0x00000620   0x00000620   0x00000046   Code   RO           30    .text.AES_Setkey    aes.o
    0x00000666   0x00000666   0x00000002   PAD
    0x00000668   0x00000668   0x00000004   Code   RO         1299    .text.Default_Handler  startup_armcm4.o
    0x0000066c   0x0000066c   0x0000003c   Code   RO         1234    .text.EventCheckFilter  eventrecorder.o
    0x000006a8   0x000006a8   0x0000005a   Code   RO         1220    .text.EventGetTS    eventrecorder.o
    0x00000702   0x00000702   0x00000002   PAD
    0x00000704   0x00000704   0x0000005a   Code   RO         1238    .text.EventRecord2  eventrecorder.o
    0x0000075e   0x0000075e   0x00000002   PAD
    0x00000760   0x00000760   0x00000096   Code   RO         1240    .text.EventRecord4  eventrecorder.o
    0x000007f6   0x000007f6   0x00000002   PAD
    0x000007f8   0x000007f8   0x000000fe   Code   RO         1222    .text.EventRecordItem  eventrecorder.o
    0x000008f6   0x000008f6   0x00000002   PAD
    0x000008f8   0x000008f8   0x00000020   Code   RO         1212    .text.EventRecorderTimerGetCount  eventrecorder.o
    0x00000918   0x00000918   0x0000001a   Code   RO          317    .text.EvrRtxDelayCompleted  rtx_evr.o
    0x00000932   0x00000932   0x00000002   PAD
    0x00000934   0x00000934   0x0000001a   Code   RO          365    .text.EvrRtxEventFlagsWaitTimeout  rtx_evr.o
    0x0000094e   0x0000094e   0x00000002   PAD
    0x00000950   0x00000950   0x00000018   Code   RO          223    .text.EvrRtxKernelErrorNotify  rtx_evr.o
    0x00000968   0x00000968   0x0000002a   Code   RO          175    .text.EvrRtxMemoryAlloc  rtx_evr.o
    0x00000992   0x00000992   0x00000002   PAD
    0x00000994   0x00000994   0x0000001c   Code   RO          181    .text.EvrRtxMemoryBlockAlloc  rtx_evr.o
    0x000009b0   0x000009b0   0x00000028   Code   RO          183    .text.EvrRtxMemoryBlockFree  rtx_evr.o
    0x000009d8   0x000009d8   0x0000002a   Code   RO          179    .text.EvrRtxMemoryBlockInit  rtx_evr.o
    0x00000a02   0x00000a02   0x00000002   PAD
    0x00000a04   0x00000a04   0x00000028   Code   RO          177    .text.EvrRtxMemoryFree  rtx_evr.o
    0x00000a2c   0x00000a2c   0x0000001a   Code   RO          443    .text.EvrRtxMemoryPoolAllocTimeout  rtx_evr.o
    0x00000a46   0x00000a46   0x00000002   PAD
    0x00000a48   0x00000a48   0x0000001c   Code   RO          471    .text.EvrRtxMessageQueueCreated  rtx_evr.o
    0x00000a64   0x00000a64   0x00000018   Code   RO          467    .text.EvrRtxMessageQueueError  rtx_evr.o
    0x00000a7c   0x00000a7c   0x0000002a   Code   RO          487    .text.EvrRtxMessageQueueGet  rtx_evr.o
    0x00000aa6   0x00000aa6   0x00000002   PAD
    0x00000aa8   0x00000aa8   0x00000028   Code   RO          489    .text.EvrRtxMessageQueueGetPending  rtx_evr.o
    0x00000ad0   0x00000ad0   0x0000001a   Code   RO          491    .text.EvrRtxMessageQueueGetTimeout  rtx_evr.o
    0x00000aea   0x00000aea   0x00000002   PAD
    0x00000aec   0x00000aec   0x0000001c   Code   RO          481    .text.EvrRtxMessageQueueInsertPending  rtx_evr.o
    0x00000b08   0x00000b08   0x0000001c   Code   RO          483    .text.EvrRtxMessageQueueInserted  rtx_evr.o
    0x00000b24   0x00000b24   0x0000001c   Code   RO          485    .text.EvrRtxMessageQueueNotInserted  rtx_evr.o
    0x00000b40   0x00000b40   0x0000001c   Code   RO          495    .text.EvrRtxMessageQueueNotRetrieved  rtx_evr.o
    0x00000b5c   0x00000b5c   0x0000002e   Code   RO          475    .text.EvrRtxMessageQueuePut  rtx_evr.o
    0x00000b8a   0x00000b8a   0x00000002   PAD
    0x00000b8c   0x00000b8c   0x00000028   Code   RO          477    .text.EvrRtxMessageQueuePutPending  rtx_evr.o
    0x00000bb4   0x00000bb4   0x0000001a   Code   RO          479    .text.EvrRtxMessageQueuePutTimeout  rtx_evr.o
    0x00000bce   0x00000bce   0x00000002   PAD
    0x00000bd0   0x00000bd0   0x0000001c   Code   RO          493    .text.EvrRtxMessageQueueRetrieved  rtx_evr.o
    0x00000bec   0x00000bec   0x0000001a   Code   RO          387    .text.EvrRtxMutexAcquireTimeout  rtx_evr.o
    0x00000c06   0x00000c06   0x00000002   PAD
    0x00000c08   0x00000c08   0x0000001a   Code   RO          415    .text.EvrRtxSemaphoreAcquireTimeout  rtx_evr.o
    0x00000c22   0x00000c22   0x00000002   PAD
    0x00000c24   0x00000c24   0x0000001c   Code   RO          267    .text.EvrRtxThreadBlocked  rtx_evr.o
    0x00000c40   0x00000c40   0x0000001a   Code   RO          301    .text.EvrRtxThreadFlagsWaitTimeout  rtx_evr.o
    0x00000c5a   0x00000c5a   0x00000002   PAD
    0x00000c5c   0x00000c5c   0x0000001a   Code   RO          271    .text.EvrRtxThreadPreempted  rtx_evr.o
    0x00000c76   0x00000c76   0x00000002   PAD
    0x00000c78   0x00000c78   0x0000001a   Code   RO          273    .text.EvrRtxThreadSwitched  rtx_evr.o
    0x00000c92   0x00000c92   0x00000002   PAD
    0x00000c94   0x00000c94   0x0000001c   Code   RO          269    .text.EvrRtxThreadUnblocked  rtx_evr.o
    0x00000cb0   0x00000cb0   0x0000001c   Code   RO          321    .text.EvrRtxTimerCallback  rtx_evr.o
    0x00000ccc   0x00000ccc   0x00000012   Code   RO         1236    .text.GetContext    eventrecorder.o
    0x00000cde   0x00000cde   0x00000002   PAD
    0x00000ce0   0x00000ce0   0x00000012   Code   RO         1252    .text.GetRecordIndex  eventrecorder.o
    0x00000cf2   0x00000cf2   0x00000002   PAD
    0x00000cf4   0x00000cf4   0x00000004   Code   RO         1303    .text.HardFault_Handler  startup_armcm4.o
    0x00000cf8   0x00000cf8   0x00000012   Code   RO         1260    .text.IncrementRecordsDumped  eventrecorder.o
    0x00000d0a   0x00000d0a   0x00000002   PAD
    0x00000d0c   0x00000d0c   0x00000012   Code   RO         1258    .text.IncrementRecordsWritten  eventrecorder.o
    0x00000d1e   0x00000d1e   0x00000002   PAD
    0x00000d20   0x00000d20   0x00000014   Code   RO          526    .text.IsException   rtx_kernel.o
    0x00000d34   0x00000d34   0x00000014   Code   RO          731    .text.IsException   rtx_msgqueue.o
    0x00000d48   0x00000d48   0x0000002e   Code   RO          528    .text.IsIrqMasked   rtx_kernel.o
    0x00000d76   0x00000d76   0x00000002   PAD
    0x00000d78   0x00000d78   0x0000002e   Code   RO          733    .text.IsIrqMasked   rtx_msgqueue.o
    0x00000da6   0x00000da6   0x00000002   PAD
    0x00000da8   0x00000da8   0x00000014   Code   RO          532    .text.IsPrivileged  rtx_kernel.o
    0x00000dbc   0x00000dbc   0x00000036   Code   RO         1254    .text.LockRecord    eventrecorder.o
    0x00000df2   0x00000df2   0x00000002   PAD
    0x00000df4   0x00000df4   0x00000012   Code   RO         1242    .text.LockTS_Overflow  eventrecorder.o
    0x00000e06   0x00000e06   0x00000002   PAD
    0x00000e08   0x00000e08   0x00000018   Code   RO          637    .text.MemBlockPtr   rtx_memory.o
    0x00000e20   0x00000e20   0x0000000a   Code   RO          635    .text.MemHeadPtr    rtx_memory.o
    0x00000e2a   0x00000e2a   0x00000002   PAD
    0x00000e2c   0x00000e2c   0x00000052   Code   RO          781    .text.MessageQueueGet  rtx_msgqueue.o
    0x00000e7e   0x00000e7e   0x00000002   PAD
    0x00000e80   0x00000e80   0x000000ac   Code   RO          771    .text.MessageQueuePut  rtx_msgqueue.o
    0x00000f2c   0x00000f2c   0x00000042   Code   RO          767    .text.MessageQueueRemove  rtx_msgqueue.o
    0x00000f6e   0x00000f6e   0x00000002   PAD
    0x00000f70   0x00000f70   0x0000000c   Code   RO         1175    .text.OS_Tick_AcknowledgeIRQ  os_systick.o
    0x00000f7c   0x00000f7c   0x00000020   Code   RO         1183    .text.OS_Tick_GetCount  os_systick.o
    0x00000f9c   0x00000f9c   0x0000000e   Code   RO         1181    .text.OS_Tick_GetInterval  os_systick.o
    0x00000faa   0x00000faa   0x00000002   PAD
    0x00000fac   0x00000fac   0x00000010   Code   RO         1185    .text.OS_Tick_GetOverflow  os_systick.o
    0x00000fbc   0x00000fbc   0x00000008   Code   RO         1301    .text.Reset_Handler  startup_armcm4.o
    0x00000fc4   0x00000fc4   0x00000010   Code   RO          922    .text.SetPendSV     rtx_system.o
    0x00000fd4   0x00000fd4   0x0000000c   Code   RO          961    .text.StackOffsetR0  rtx_thread.o
    0x00000fe0   0x00000fe0   0x00000036   Code   RO         1210    .text.SysTimerIsRunning  eventrecorder.o
    0x00001016   0x00001016   0x00000002   PAD
    0x00001018   0x00001018   0x00000026   Code   RO         1315    .text.SystemInit    system_armcm4.o
    0x0000103e   0x0000103e   0x00000002   PAD
    0x00001040   0x00001040   0x0000009e   Code   RO         1144    .text.TimerInsert   rtx_timer.o
    0x000010de   0x000010de   0x00000002   PAD
    0x000010e0   0x000010e0   0x00000028   Code   RO         1140    .text.TimerUnlink   rtx_timer.o
    0x00001108   0x00001108   0x00000032   Code   RO         1256    .text.UnlockRecord  eventrecorder.o
    0x0000113a   0x0000113a   0x00000002   PAD
    0x0000113c   0x0000113c   0x00000012   Code   RO         1244    .text.UnlockTS_Overflow  eventrecorder.o
    0x0000114e   0x0000114e   0x00000002   PAD
    0x00001150   0x00001150   0x0000001a   Code   RO         1246    .text.UpdateTS      eventrecorder.o
    0x0000116a   0x0000116a   0x00000002   PAD
    0x0000116c   0x0000116c   0x0000006a   Code   RO           14    .text.add_round_key  aes.o
    0x000011d6   0x000011d6   0x00000002   PAD
    0x000011d8   0x000011d8   0x00000408   Code   RO           16    .text.aes_ct_bitslice_Sbox  aes.o
    0x000015e0   0x000015e0   0x0000006a   Code   RO           12    .text.aes_ct_bitslice_encrypt  aes.o
    0x0000164a   0x0000164a   0x00000002   PAD
    0x0000164c   0x0000164c   0x000000ca   Code   RO            4    .text.aes_ct_keysched  aes.o
    0x00001716   0x00001716   0x00000002   PAD
    0x00001718   0x00001718   0x000002a8   Code   RO            8    .text.aes_ct_ortho  aes.o
    0x000019c0   0x000019c0   0x00000072   Code   RO           10    .text.aes_ct_skey_expand  aes.o
    0x00001a32   0x00001a32   0x00000002   PAD
    0x00001a34   0x00001a34   0x00000132   Code   RO            6    .text.aes_keysched_base  aes.o
    0x00001b66   0x00001b66   0x00000002   PAD
    0x00001b68   0x00001b68   0x0000002c   Code   RO          924    .text.atomic_dec16_nz  rtx_system.o
    0x00001b94   0x00001b94   0x00000020   Code   RO          662    .text.atomic_dec32  rtx_mempool.o
    0x00001bb4   0x00001bb4   0x00000028   Code   RO          783    .text.atomic_dec32_nz  rtx_msgqueue.o
    0x00001bdc   0x00001bdc   0x00000034   Code   RO          926    .text.atomic_inc16_lim  rtx_system.o
    0x00001c10   0x00001c10   0x00000038   Code   RO          930    .text.atomic_inc16_lt  rtx_system.o
    0x00001c48   0x00001c48   0x00000020   Code   RO          656    .text.atomic_inc32  rtx_mempool.o
    0x00001c68   0x00001c68   0x00000020   Code   RO          773    .text.atomic_inc32  rtx_msgqueue.o
    0x00001c88   0x00001c88   0x00000020   Code   RO         1262    .text.atomic_inc32  eventrecorder.o
    0x00001ca8   0x00001ca8   0x00000024   Code   RO         1264    .text.atomic_inc8   eventrecorder.o
    0x00001ccc   0x00001ccc   0x00000028   Code   RO          654    .text.atomic_link_get  rtx_mempool.o
    0x00001cf4   0x00001cf4   0x00000030   Code   RO          660    .text.atomic_link_put  rtx_mempool.o
    0x00001d24   0x00001d24   0x00000020   Code   RO         1250    .text.atomic_wr32   eventrecorder.o
    0x00001d44   0x00001d44   0x00000028   Code   RO          785    .text.atomic_wr8    rtx_msgqueue.o
    0x00001d6c   0x00001d6c   0x00000028   Code   RO         1248    .text.atomic_wr8    eventrecorder.o
    0x00001d94   0x00001d94   0x00000010   Code   RO           34    .text.dec32le       aes.o
    0x00001da4   0x00001da4   0x0000002c   Code   RO           36    .text.enc32le       aes.o
    0x00001dd0   0x00001dd0   0x000000a8   Code   RO          743    .text.isrRtxMessageQueueGet  rtx_msgqueue.o
    0x00001e78   0x00001e78   0x000000b8   Code   RO          739    .text.isrRtxMessageQueuePut  rtx_msgqueue.o
    0x00001f30   0x00001f30   0x00000054   Code   RO          906    .text.isr_queue_get  rtx_system.o
    0x00001f84   0x00001f84   0x0000005e   Code   RO          920    .text.isr_queue_put  rtx_system.o
    0x00001fe2   0x00001fe2   0x00000002   PAD
    0x00001fe4   0x00001fe4   0x00000050   Code   RO           70    .text.main          main.o
    0x00002034   0x00002034   0x00000182   Code   RO           20    .text.mix_columns   aes.o
    0x000021b6   0x000021b6   0x00000002   PAD
    0x000021b8   0x000021b8   0x00000042   Code   RO          536    .text.osKernelGetState  rtx_kernel.o
    0x000021fa   0x000021fa   0x00000002   PAD
    0x000021fc   0x000021fc   0x0000003a   Code   RO          560    .text.osKernelGetSysTimerCount  rtx_kernel.o
    0x00002236   0x00002236   0x00000002   PAD
    0x00002238   0x00002238   0x0000007e   Code   RO          741    .text.osMessageQueueGet  rtx_msgqueue.o
    0x000022b6   0x000022b6   0x00000002   PAD
    0x000022b8   0x000022b8   0x0000008a   Code   RO          737    .text.osMessageQueuePut  rtx_msgqueue.o
    0x00002342   0x00002342   0x00000002   PAD
    0x00002344   0x00002344   0x0000002e   Code   RO         1197    .text.osRtxErrorNotify  rtx_config.o
    0x00002372   0x00002372   0x00000002   PAD
    0x00002374   0x00002374   0x0000000a   Code   RO          910    .text.osRtxEventFlagsObject  rtx_system.o
    0x0000237e   0x0000237e   0x00000002   PAD
    0x00002380   0x00002380   0x0000001c   Code   RO          522    .text.osRtxKernelErrorNotify  rtx_kernel.o
    0x0000239c   0x0000239c   0x0000000c   Code   RO          902    .text.osRtxKernelGetState  rtx_system.o
    0x000023a8   0x000023a8   0x0000000c   Code   RO          967    .text.osRtxKernelGetState  rtx_thread.o
    0x000023b4   0x000023b4   0x0000000c   Code   RO          570    .text.osRtxKernelState  rtx_kernel.o
    0x000023c0   0x000023c0   0x0000014c   Code   RO          639    .text.osRtxMemoryAlloc  rtx_memory.o
    0x0000250c   0x0000250c   0x000000c2   Code   RO          641    .text.osRtxMemoryFree  rtx_memory.o
    0x000025ce   0x000025ce   0x00000002   PAD
    0x000025d0   0x000025d0   0x0000004a   Code   RO          652    .text.osRtxMemoryPoolAlloc  rtx_mempool.o
    0x0000261a   0x0000261a   0x00000002   PAD
    0x0000261c   0x0000261c   0x00000064   Code   RO          658    .text.osRtxMemoryPoolFree  rtx_mempool.o
    0x00002680   0x00002680   0x00000098   Code   RO          650    .text.osRtxMemoryPoolInit  rtx_mempool.o
    0x00002718   0x00002718   0x0000000a   Code   RO          914    .text.osRtxMemoryPoolObject  rtx_system.o
    0x00002722   0x00002722   0x00000002   PAD
    0x00002724   0x00002724   0x0000000a   Code   RO          916    .text.osRtxMessageObject  rtx_system.o
    0x0000272e   0x0000272e   0x00000002   PAD
    0x00002730   0x00002730   0x0000000a   Code   RO          725    .text.osRtxMessageQueueId  rtx_msgqueue.o
    0x0000273a   0x0000273a   0x00000002   PAD
    0x0000273c   0x0000273c   0x00000144   Code   RO          765    .text.osRtxMessageQueuePostProcess  rtx_msgqueue.o
    0x00002880   0x00002880   0x0000003e   Code   RO          723    .text.osRtxMessageQueueTimerSetup  rtx_msgqueue.o
    0x000028be   0x000028be   0x00000002   PAD
    0x000028c0   0x000028c0   0x0000000a   Code   RO          957    .text.osRtxMutexObject  rtx_thread.o
    0x000028ca   0x000028ca   0x00000002   PAD
    0x000028cc   0x000028cc   0x000000ac   Code   RO          804    .text.osRtxMutexOwnerRestore  rtx_mutex.o
    0x00002978   0x00002978   0x0000000a   Code   RO          769    .text.osRtxObject   rtx_msgqueue.o
    0x00002982   0x00002982   0x00000002   PAD
    0x00002984   0x00002984   0x0000000a   Code   RO          928    .text.osRtxObject   rtx_system.o
    0x0000298e   0x0000298e   0x00000002   PAD
    0x00002990   0x00002990   0x0000000a   Code   RO          947    .text.osRtxObject   rtx_thread.o
    0x0000299a   0x0000299a   0x00000002   PAD
    0x0000299c   0x0000299c   0x000000b8   Code   RO          904    .text.osRtxPendSV_Handler  rtx_system.o
    0x00002a54   0x00002a54   0x00000042   Code   RO          918    .text.osRtxPostProcess  rtx_system.o
    0x00002a96   0x00002a96   0x00000002   PAD
    0x00002a98   0x00002a98   0x0000000a   Code   RO          912    .text.osRtxSemaphoreObject  rtx_system.o
    0x00002aa2   0x00002aa2   0x00000002   PAD
    0x00002aa4   0x00002aa4   0x00000088   Code   RO          971    .text.osRtxThreadBlock  rtx_thread.o
    0x00002b2c   0x00002b2c   0x000000fa   Code   RO          979    .text.osRtxThreadDelayInsert  rtx_thread.o
    0x00002c26   0x00002c26   0x00000002   PAD
    0x00002c28   0x00002c28   0x0000009c   Code   RO          975    .text.osRtxThreadDelayRemove  rtx_thread.o
    0x00002cc4   0x00002cc4   0x00000150   Code   RO          953    .text.osRtxThreadDelayTick  rtx_thread.o
    0x00002e14   0x00002e14   0x00000096   Code   RO          965    .text.osRtxThreadDispatch  rtx_thread.o
    0x00002eaa   0x00002eaa   0x00000002   PAD
    0x00002eac   0x00002eac   0x0000000c   Code   RO          779    .text.osRtxThreadGetRunning  rtx_msgqueue.o
    0x00002eb8   0x00002eb8   0x0000000c   Code   RO          969    .text.osRtxThreadGetRunning  rtx_thread.o
    0x00002ec4   0x00002ec4   0x0000000c   Code   RO         1138    .text.osRtxThreadGetRunning  rtx_timer.o
    0x00002ed0   0x00002ed0   0x00000036   Code   RO          943    .text.osRtxThreadListGet  rtx_thread.o
    0x00002f06   0x00002f06   0x00000002   PAD
    0x00002f08   0x00002f08   0x00000076   Code   RO          939    .text.osRtxThreadListPut  rtx_thread.o
    0x00002f7e   0x00002f7e   0x00000002   PAD
    0x00002f80   0x00002f80   0x00000032   Code   RO          949    .text.osRtxThreadListRemove  rtx_thread.o
    0x00002fb2   0x00002fb2   0x00000002   PAD
    0x00002fb4   0x00002fb4   0x00000022   Code   RO          955    .text.osRtxThreadListRoot  rtx_thread.o
    0x00002fd6   0x00002fd6   0x00000002   PAD
    0x00002fd8   0x00002fd8   0x00000058   Code   RO          945    .text.osRtxThreadListSort  rtx_thread.o
    0x00003030   0x00003030   0x0000000a   Code   RO          908    .text.osRtxThreadObject  rtx_system.o
    0x0000303a   0x0000303a   0x00000002   PAD
    0x0000303c   0x0000303c   0x0000000a   Code   RO          941    .text.osRtxThreadObject  rtx_thread.o
    0x00003046   0x00003046   0x00000002   PAD
    0x00003048   0x00003048   0x00000020   Code   RO          951    .text.osRtxThreadReadyPut  rtx_thread.o
    0x00003068   0x00003068   0x00000022   Code   RO          959    .text.osRtxThreadRegPtr  rtx_thread.o
    0x0000308a   0x0000308a   0x00000002   PAD
    0x0000308c   0x0000308c   0x00000014   Code   RO         1142    .text.osRtxThreadSetRunning  rtx_timer.o
    0x000030a0   0x000030a0   0x0000003c   Code   RO          981    .text.osRtxThreadStackCheck  rtx_thread.o
    0x000030dc   0x000030dc   0x00000022   Code   RO          963    .text.osRtxThreadSwitch  rtx_thread.o
    0x000030fe   0x000030fe   0x00000002   PAD
    0x00003100   0x00003100   0x00000076   Code   RO          977    .text.osRtxThreadWaitEnter  rtx_thread.o
    0x00003176   0x00003176   0x00000002   PAD
    0x00003178   0x00003178   0x00000046   Code   RO          973    .text.osRtxThreadWaitExit  rtx_thread.o
    0x000031be   0x000031be   0x00000002   PAD
    0x000031c0   0x000031c0   0x00000110   Code   RO          900    .text.osRtxTick_Handler  rtx_system.o
    0x000032d0   0x000032d0   0x00000030   Code   RO         1116    .text.osRtxTimerSetup  rtx_timer.o
    0x00003300   0x00003300   0x00000032   Code   RO         1120    .text.osRtxTimerThread  rtx_timer.o
    0x00003332   0x00003332   0x00000002   PAD
    0x00003334   0x00003334   0x000000dc   Code   RO         1118    .text.osRtxTimerTick  rtx_timer.o
    0x00003410   0x00003410   0x0000000e   Code   RO           58    .text.rotr16        aes.o
    0x0000341e   0x0000341e   0x00000002   PAD
    0x00003420   0x00003420   0x00000066   Code   RO           18    .text.shift_rows    aes.o
    0x00003486   0x00003486   0x00000002   PAD
    0x00003488   0x00003488   0x00000042   Code   RO           56    .text.sub_word      aes.o
    0x000034ca   0x000034ca   0x00000002   PAD
    0x000034cc   0x000034cc   0x00000010   Code   RO          538    .text.svcRtxKernelGetState  rtx_kernel.o
    0x000034dc   0x000034dc   0x00000046   Code   RO          562    .text.svcRtxKernelGetSysTimerCount  rtx_kernel.o
    0x00003522   0x00003522   0x00000002   PAD
    0x00003524   0x00003524   0x00000164   Code   RO          787    .text.svcRtxMessageQueueGet  rtx_msgqueue.o
    0x00003688   0x00003688   0x0000029c   Code   RO          727    .text.svcRtxMessageQueueNew  rtx_msgqueue.o
    0x00003924   0x00003924   0x00000158   Code   RO          777    .text.svcRtxMessageQueuePut  rtx_msgqueue.o
    0x00003a7c   0x00003a7c   0x0000000e   Code   RO         1357    i.__scatterload_copy  mc_w.l(handlers.o)
    0x00003a8a   0x00003a8a   0x00000002   Code   RO         1358    i.__scatterload_null  mc_w.l(handlers.o)
    0x00003a8c   0x00003a8c   0x0000000e   Code   RO         1359    i.__scatterload_zeroinit  mc_w.l(handlers.o)
    0x00003a9a   0x00003a9a   0x00000002   PAD
    0x00003a9c   0x00003a9c   0x00000070   Data   RO          617    .rodata             rtx_lib.o
    0x00003b0c   0x00003b0c   0x00000038   Data   RO          620    .rodata             rtx_lib.o
    0x00003b44   0x00003b44   0x00000018   Data   RO         1267    .rodata.EventRecorderInfo  eventrecorder.o
    0x00003b5c   0x00003b5c   0x0000000a   Data   RO           62    .rodata.Rcon        aes.o
    0x00003b66   0x00003b66   0x00000002   PAD
    0x00003b68   0x00003b68   0x00000004   Data   RO          619    .rodata.osRtxUserSVC  rtx_lib.o
    0x00003b6c   0x00003b6c   0x00000024   Data   RO          614    .rodata.os_idle_thread_attr  rtx_lib.o
    0x00003b90   0x00003b90   0x00000018   Data   RO          616    .rodata.os_timer_mq_attr  rtx_lib.o
    0x00003ba8   0x00003ba8   0x00000024   Data   RO          615    .rodata.os_timer_thread_attr  rtx_lib.o
    0x00003bcc   0x00003bcc   0x0000000b   Data   RO          600    .rodata.str1.1      rtx_kernel.o
    0x00003bd7   0x00003bd7   0x00000001   PAD
    0x00003bd8   0x00003bd8   0x00000020   Data   RO         1356    Region$$Table       anon$$obj.o


    Execution Region RW_RAM (Exec base: 0xf0000000, Load base: 0x00003c00, Size: 0x00001af8, Max: 0x000ef200, ABSOLUTE)

    Exec Addr    Load Addr    Size         Type   Attr      Idx    E Section Name        Object

    0xf0000000   0x00003c00   0x00000004   Data   RW         1317    .data.SystemCoreClock  system_armcm4.o
    0xf0000004   0x00003c04   0x00000010   Data   RW           72    .data.key           main.o
    0xf0000014   0x00003c14   0x000000a4   Data   RW          601    .data.os            rtx_kernel.o
    0xf00000b8   0x00003cb8   0x00000008   PAD
    0xf00000c0        -       0x00000001   Zero   RW         1268    .bss.SysTimerState  eventrecorder.o
    0xf00000c1        -       0x00000001   Zero   RW         1269    .bss.TS_OverflowLock  eventrecorder.o
    0xf00000c2        -       0x00000010   Zero   RW           74    .bss.dst            main.o
    0xf00000d2   0x00003cb8   0x0000002e   PAD
    0xf0000100        -       0x000004a4   Zero   RW         1266    .bss.noinit         eventrecorder.o
    0xf00005a4   0x00003cb8   0x00000004   PAD
    0xf00005a8        -       0x00001040   Zero   RW          613    .bss.os             rtx_lib.o
    0xf00015e8        -       0x00000034   Zero   RW          624    .bss.os.msgqueue.cb  rtx_lib.o
    0xf000161c        -       0x00000050   Zero   RW          625    .bss.os.msgqueue.mem  rtx_lib.o
    0xf000166c        -       0x00000088   Zero   RW          621    .bss.os.thread.cb   rtx_lib.o
    0xf00016f4   0x00003cb8   0x00000004   PAD
    0xf00016f8        -       0x00000200   Zero   RW          622    .bss.os.thread.idle.stack  rtx_lib.o
    0xf00018f8        -       0x00000200   Zero   RW          623    .bss.os.thread.timer.stack  rtx_lib.o


    Execution Region ARM_LIB_HEAP (Exec base: 0xf0001af8, Load base: 0x00003cc0, Size: 0x00000c00, Max: 0x00000c00, ABSOLUTE)

    Exec Addr    Load Addr    Size         Type   Attr      Idx    E Section Name        Object

    0xf0001af8        -       0x00000c00   Zero   RW            1    ARM_LIB_HEAP.bss    anon$$obj.o


    Execution Region ARM_LIB_STACK (Exec base: 0xf00efe00, Load base: 0x00003cc0, Size: 0x00000200, Max: 0x00000200, ABSOLUTE)

    Exec Addr    Load Addr    Size         Type   Attr      Idx    E Section Name        Object

    0xf00efe00        -       0x00000200   Zero   RW            2    ARM_LIB_STACK.bss   anon$$obj.o


==============================================================================

Image component sizes


      Code (inc. data)   RO Data    RW Data    ZI Data      Debug   Object Name

      3534          0         10          0          0      14984   aes.o
      1108          0         24          0       1190       8674   eventrecorder.o
       188         12          0          0          0        723   irq_armv7m.o
        80          0          0         16         16        887   main.o
        74          0          0          0          0       3186   os_systick.o
        46          6          0          0          0        685   rtx_config.o
       920          0          0          0          0      27490   rtx_evr.o
       336          0         11        164          0      14414   rtx_kernel.o
         0          0        268          0       5452       5947   rtx_lib.o
       560          0          0          0          0       2340   rtx_memory.o
       478          0          0          0          0      12253   rtx_mempool.o
      2900          0          0          0          0      14835   rtx_msgqueue.o
       172          0          0          0          0       8843   rtx_mutex.o
       940         10          0          0          0       6149   rtx_system.o
      1786          0          0          0          0      26494   rtx_thread.o
       548          0          0          0          0       8850   rtx_timer.o
        16          0        960          0          0        837   startup_armcm4.o
        38          0          0          4          0       1358   system_armcm4.o

    ----------------------------------------------------------------------
     13884         28       1308        184      10304     158949   Object Totals
         0          0         32          0       3584          0   (incl. Generated)
       160          0          3          0         62          0   (incl. Padding)

    ----------------------------------------------------------------------

      Code (inc. data)   RO Data    RW Data    ZI Data      Debug   Library Member Name

         0          0          0          0          0          0   entry.o
         0          0          0          0          0          0   entry10a.o
         0          0          0          0          0          0   entry11a.o
         8          4          0          0          0          0   entry4.o
         4          0          0          0          0          0   entry5.o
         0          0          0          0          0          0   entry7b.o
         0          0          0          0          0          0   entry8b.o
         8          4          0          0          0          0   entry9a.o
        30          0          0          0          0          0   handlers.o
        36          8          0          0          0         68   init.o
        36          0          0          0          0         68   memcpya.o
        36          0          0          0          0        108   memseta.o

    ----------------------------------------------------------------------
       160         16          0          0          0        244   Library Totals
         2          0          0          0          0          0   (incl. Padding)

    ----------------------------------------------------------------------

      Code (inc. data)   RO Data    RW Data    ZI Data      Debug   Library Name

       158         16          0          0          0        244   mc_w.l

    ----------------------------------------------------------------------
       160         16          0          0          0        244   Library Totals

    ----------------------------------------------------------------------

==============================================================================


      Code (inc. data)   RO Data    RW Data    ZI Data      Debug   

     14044         44       1308        184      10304     159045   Grand Totals
     14044         44       1308        184      10304     159045   ELF Image Totals
     14044         44       1308        184          0          0   ROM Totals

==============================================================================

    Total RO  Size (Code + RO Data)                15352 (  14.99kB)
    Total RW  Size (RW Data + ZI Data)             10488 (  10.24kB)
    Total ROM Size (Code + RO Data + RW Data)      15536 (  15.17kB)

==============================================================================

