Component: Arm Compiler for Embedded 6.18 Tool: armlink [5e4cc100]

==============================================================================

Section Cross References

    aes.o(.text.aes_ct_keysched) refers to aes.o(.text.aes_keysched_base) for aes_keysched_base
    aes.o(.text.aes_ct_keysched) refers to aes.o(.text.aes_ct_ortho) for aes_ct_ortho
    aes.o(.ARM.exidx.text.aes_ct_keysched) refers to aes.o(.text.aes_ct_keysched) for [Anonymous Symbol]
    aes.o(.text.aes_keysched_base) refers to aes.o(.text.dec32le) for dec32le
    aes.o(.text.aes_keysched_base) refers to aes.o(.text.sub_word) for sub_word
    aes.o(.text.aes_keysched_base) refers to aes.o(.rodata.Rcon) for Rcon
    aes.o(.ARM.exidx.text.aes_keysched_base) refers to aes.o(.text.aes_keysched_base) for [Anonymous Symbol]
    aes.o(.ARM.exidx.text.aes_ct_ortho) refers to aes.o(.text.aes_ct_ortho) for [Anonymous Symbol]
    aes.o(.ARM.exidx.text.aes_ct_skey_expand) refers to aes.o(.text.aes_ct_skey_expand) for [Anonymous Symbol]
    aes.o(.text.aes_ct_bitslice_encrypt) refers to tables.o(.data.sbx0) for sbx0
    aes.o(.text.aes_ct_bitslice_encrypt) refers to tables.o(.data.sbx1) for sbx1
    aes.o(.text.aes_ct_bitslice_encrypt) refers to tables.o(.data.sbx2) for sbx2
    aes.o(.text.aes_ct_bitslice_encrypt) refers to tables.o(.data.sbx3) for sbx3
    aes.o(.text.aes_ct_bitslice_encrypt) refers to tables.o(.data.sbx4) for sbx4
    aes.o(.text.aes_ct_bitslice_encrypt) refers to tables.o(.data.sbx7) for sbx7
    aes.o(.text.aes_ct_bitslice_encrypt) refers to tables.o(.data.sbx6) for sbx6
    aes.o(.text.aes_ct_bitslice_encrypt) refers to tables.o(.data.sbx5) for sbx5
    aes.o(.text.aes_ct_bitslice_encrypt) refers to aes.o(.text.add_round_key) for add_round_key
    aes.o(.text.aes_ct_bitslice_encrypt) refers to asm.o(.text) for sboxprecom
    aes.o(.text.aes_ct_bitslice_encrypt) refers to tables.o(.data.online_sbx0) for online_sbx0
    aes.o(.text.aes_ct_bitslice_encrypt) refers to tables.o(.data.online_sbx1) for online_sbx1
    aes.o(.text.aes_ct_bitslice_encrypt) refers to tables.o(.data.online_sbx2) for online_sbx2
    aes.o(.text.aes_ct_bitslice_encrypt) refers to tables.o(.data.online_sbx3) for online_sbx3
    aes.o(.text.aes_ct_bitslice_encrypt) refers to tables.o(.data.online_sbx4) for online_sbx4
    aes.o(.text.aes_ct_bitslice_encrypt) refers to tables.o(.data.online_sbx7) for online_sbx7
    aes.o(.text.aes_ct_bitslice_encrypt) refers to tables.o(.data.online_sbx6) for online_sbx6
    aes.o(.text.aes_ct_bitslice_encrypt) refers to tables.o(.data.online_sbx5) for online_sbx5
    aes.o(.text.aes_ct_bitslice_encrypt) refers to aes.o(.text.shift_rows) for shift_rows
    aes.o(.ARM.exidx.text.aes_ct_bitslice_encrypt) refers to aes.o(.text.aes_ct_bitslice_encrypt) for [Anonymous Symbol]
    aes.o(.ARM.exidx.text.add_round_key) refers to aes.o(.text.add_round_key) for [Anonymous Symbol]
    aes.o(.ARM.exidx.text.shift_rows) refers to aes.o(.text.shift_rows) for [Anonymous Symbol]
    aes.o(.text.aes_ct_bitslice_invSbox) refers to aes.o(.text.aes_ct_bitslice_Sbox) for aes_ct_bitslice_Sbox
    aes.o(.ARM.exidx.text.aes_ct_bitslice_invSbox) refers to aes.o(.text.aes_ct_bitslice_invSbox) for [Anonymous Symbol]
    aes.o(.ARM.exidx.text.aes_ct_bitslice_Sbox) refers to aes.o(.text.aes_ct_bitslice_Sbox) for [Anonymous Symbol]
    aes.o(.text.AES_Setkey) refers to aes.o(.text.aes_ct_keysched) for aes_ct_keysched
    aes.o(.text.AES_Setkey) refers to aes.o(.text.aes_ct_skey_expand) for aes_ct_skey_expand
    aes.o(.ARM.exidx.text.AES_Setkey) refers to aes.o(.text.AES_Setkey) for [Anonymous Symbol]
    aes.o(.text.randomization) refers to rand.o(.text) for srand
    aes.o(.text.randomization) refers to tables.o(.data.sbx7) for sbx7
    aes.o(.text.randomization) refers to tables.o(.data.online_sbx7) for online_sbx7
    aes.o(.text.randomization) refers to tables.o(.data.sbx6) for sbx6
    aes.o(.text.randomization) refers to tables.o(.data.online_sbx6) for online_sbx6
    aes.o(.text.randomization) refers to tables.o(.data.sbx5) for sbx5
    aes.o(.text.randomization) refers to tables.o(.data.online_sbx5) for online_sbx5
    aes.o(.text.randomization) refers to tables.o(.data.sbx4) for sbx4
    aes.o(.text.randomization) refers to tables.o(.data.online_sbx4) for online_sbx4
    aes.o(.text.randomization) refers to tables.o(.data.sbx3) for sbx3
    aes.o(.text.randomization) refers to tables.o(.data.online_sbx3) for online_sbx3
    aes.o(.text.randomization) refers to tables.o(.data.sbx2) for sbx2
    aes.o(.text.randomization) refers to tables.o(.data.online_sbx2) for online_sbx2
    aes.o(.text.randomization) refers to tables.o(.data.sbx1) for sbx1
    aes.o(.text.randomization) refers to tables.o(.data.online_sbx1) for online_sbx1
    aes.o(.text.randomization) refers to tables.o(.data.sbx0) for sbx0
    aes.o(.text.randomization) refers to tables.o(.data.online_sbx0) for online_sbx0
[...]
    EvrRtxMessageQueueGetPending             0x00005eed   Thumb Code    40  rtx_evr.o(.text.EvrRtxMessageQueueGetPending)
    EvrRtxMessageQueueGetTimeout             0x00005f15   Thumb Code    26  rtx_evr.o(.text.EvrRtxMessageQueueGetTimeout)
    EvrRtxMessageQueueInsertPending          0x00005f31   Thumb Code    28  rtx_evr.o(.text.EvrRtxMessageQueueInsertPending)
    EvrRtxMessageQueueInserted               0x00005f4d   Thumb Code    28  rtx_evr.o(.text.EvrRtxMessageQueueInserted)
    EvrRtxMessageQueueNotInserted            0x00005f69   Thumb Code    28  rtx_evr.o(.text.EvrRtxMessageQueueNotInserted)
    EvrRtxMessageQueueNotRetrieved           0x00005f85   Thumb Code    28  rtx_evr.o(.text.EvrRtxMessageQueueNotRetrieved)
    EvrRtxMessageQueuePut                    0x00005fa1   Thumb Code    46  rtx_evr.o(.text.EvrRtxMessageQueuePut)
    EvrRtxMessageQueuePutPending             0x00005fd1   Thumb Code    40  rtx_evr.o(.text.EvrRtxMessageQueuePutPending)
    EvrRtxMessageQueuePutTimeout             0x00005ff9   Thumb Code    26  rtx_evr.o(.text.EvrRtxMessageQueuePutTimeout)
    EvrRtxMessageQueueRetrieved              0x00006015   Thumb Code    28  rtx_evr.o(.text.EvrRtxMessageQueueRetrieved)
    EvrRtxMutexAcquireTimeout                0x00006031   Thumb Code    26  rtx_evr.o(.text.EvrRtxMutexAcquireTimeout)
    EvrRtxSemaphoreAcquireTimeout            0x0000604d   Thumb Code    26  rtx_evr.o(.text.EvrRtxSemaphoreAcquireTimeout)
    EvrRtxThreadBlocked                      0x00006069   Thumb Code    28  rtx_evr.o(.text.EvrRtxThreadBlocked)
    EvrRtxThreadFlagsWaitTimeout             0x00006085   Thumb Code    26  rtx_evr.o(.text.EvrRtxThreadFlagsWaitTimeout)
    EvrRtxThreadPreempted                    0x000060a1   Thumb Code    26  rtx_evr.o(.text.EvrRtxThreadPreempted)
    EvrRtxThreadSwitched                     0x000060bd   Thumb Code    26  rtx_evr.o(.text.EvrRtxThreadSwitched)
    EvrRtxThreadUnblocked                    0x000060d9   Thumb Code    28  rtx_evr.o(.text.EvrRtxThreadUnblocked)
    EvrRtxTimerCallback                      0x000060f5   Thumb Code    28  rtx_evr.o(.text.EvrRtxTimerCallback)
    HardFault_Handler                        0x00006139   Thumb Code     4  startup_armcm4.o(.text.HardFault_Handler)
    OS_Tick_AcknowledgeIRQ                   0x000063b5   Thumb Code    12  os_systick.o(.text.OS_Tick_AcknowledgeIRQ)
    OS_Tick_GetCount                         0x000063c1   Thumb Code    32  os_systick.o(.text.OS_Tick_GetCount)
    OS_Tick_GetInterval                      0x000063e1   Thumb Code    14  os_systick.o(.text.OS_Tick_GetInterval)
    OS_Tick_GetOverflow                      0x000063f1   Thumb Code    16  os_systick.o(.text.OS_Tick_GetOverflow)
    Reset_Handler                            0x00006401   Thumb Code     8  startup_armcm4.o(.text.Reset_Handler)
    SystemInit                               0x0000645d   Thumb Code    38  system_armcm4.o(.text.SystemInit)
    aes_ct_bitslice_encrypt                  0x00006a3d   Thumb Code   452  aes.o(.text.aes_ct_bitslice_encrypt)
    aes_ct_keysched                          0x00006c01   Thumb Code   202  aes.o(.text.aes_ct_keysched)
    aes_ct_skey_expand                       0x00006f75   Thumb Code   114  aes.o(.text.aes_ct_skey_expand)
    de_randomization                         0x00007349   Thumb Code   552  aes.o(.text.de_randomization)
    main                                     0x000077c1   Thumb Code    84  main.o(.text.main)
    osKernelGetState                         0x00007815   Thumb Code    66  rtx_kernel.o(.text.osKernelGetState)
    osKernelGetSysTimerCount                 0x00007859   Thumb Code    58  rtx_kernel.o(.text.osKernelGetSysTimerCount)
    osMessageQueueGet                        0x00007895   Thumb Code   126  rtx_msgqueue.o(.text.osMessageQueueGet)
    osMessageQueuePut                        0x00007915   Thumb Code   138  rtx_msgqueue.o(.text.osMessageQueuePut)
    osRtxErrorNotify                         0x000079a1   Thumb Code    46  rtx_config.o(.text.osRtxErrorNotify)
    osRtxKernelErrorNotify                   0x000079dd   Thumb Code    28  rtx_kernel.o(.text.osRtxKernelErrorNotify)
    osRtxMemoryAlloc                         0x00007a1d   Thumb Code   332  rtx_memory.o(.text.osRtxMemoryAlloc)
    osRtxMemoryFree                          0x00007b69   Thumb Code   194  rtx_memory.o(.text.osRtxMemoryFree)
    osRtxMemoryPoolAlloc                     0x00007c2d   Thumb Code    74  rtx_mempool.o(.text.osRtxMemoryPoolAlloc)
    osRtxMemoryPoolFree                      0x00007c79   Thumb Code   100  rtx_mempool.o(.text.osRtxMemoryPoolFree)
    osRtxMemoryPoolInit                      0x00007cdd   Thumb Code   152  rtx_mempool.o(.text.osRtxMemoryPoolInit)
    osRtxMessageQueueTimerSetup              0x00007edd   Thumb Code    62  rtx_msgqueue.o(.text.osRtxMessageQueueTimerSetup)
    osRtxMutexOwnerRestore                   0x00007f29   Thumb Code   172  rtx_mutex.o(.text.osRtxMutexOwnerRestore)
    osRtxPendSV_Handler                      0x00007ff9   Thumb Code   184  rtx_system.o(.text.osRtxPendSV_Handler)
    osRtxPostProcess                         0x000080b1   Thumb Code    66  rtx_system.o(.text.osRtxPostProcess)
    osRtxThreadDelayTick                     0x00008321   Thumb Code   336  rtx_thread.o(.text.osRtxThreadDelayTick)
    osRtxThreadDispatch                      0x00008471   Thumb Code   150  rtx_thread.o(.text.osRtxThreadDispatch)
    osRtxThreadListGet                       0x0000852d   Thumb Code    54  rtx_thread.o(.text.osRtxThreadListGet)
    osRtxThreadListPut                       0x00008565   Thumb Code   118  rtx_thread.o(.text.osRtxThreadListPut)
    osRtxThreadListRemove                    0x000085dd   Thumb Code    50  rtx_thread.o(.text.osRtxThreadListRemove)
    osRtxThreadListSort                      0x00008635   Thumb Code    88  rtx_thread.o(.text.osRtxThreadListSort)
    osRtxThreadReadyPut                      0x000086a5   Thumb Code    32  rtx_thread.o(.text.osRtxThreadReadyPut)
    osRtxThreadRegPtr                        0x000086c5   Thumb Code    34  rtx_thread.o(.text.osRtxThreadRegPtr)
    osRtxThreadStackCheck                    0x000086fd   Thumb Code    60  rtx_thread.o(.text.osRtxThreadStackCheck)
    osRtxThreadSwitch                        0x00008739   Thumb Code    34  rtx_thread.o(.text.osRtxThreadSwitch)
    osRtxThreadWaitEnter                     0x0000875d   Thumb Code   118  rtx_thread.o(.text.osRtxThreadWaitEnter)
    osRtxThreadWaitExit                      0x000087d5   Thumb Code    70  rtx_thread.o(.text.osRtxThreadWaitExit)
    osRtxTick_Handler                        0x0000881d   Thumb Code   272  rtx_system.o(.text.osRtxTick_Handler)
    osRtxTimerSetup                          0x0000892d   Thumb Code    48  rtx_timer.o(.text.osRtxTimerSetup)
    osRtxTimerThread                         0x0000895d   Thumb Code    50  rtx_timer.o(.text.osRtxTimerThread)
    randomization                            0x00008a6d   Thumb Code   650  aes.o(.text.randomization)
    __scatterload_copy                       0x00009615   Thumb Code    14  handlers.o(i.__scatterload_copy)
    __scatterload_null                       0x00009623   Thumb Code     2  handlers.o(i.__scatterload_null)
    __scatterload_zeroinit                   0x00009625   Thumb Code    14  handlers.o(i.__scatterload_zeroinit)
    osRtxConfig                              0x00009634   Data         112  rtx_lib.o(.rodata)
    os_cb_sections                           0x000096a4   Data          56  rtx_lib.o(.rodata)
    EventRecorderInfo                        0x000096dc   Data          24  eventrecorder.o(.rodata.EventRecorderInfo)
    osRtxUserSVC                             0x00009700   Data           4  rtx_lib.o(.rodata.osRtxUserSVC)
    Region$$Table$$Base                      0x00009770   Number         0  anon$$obj.o(Region$$Table)
    Region$$Table$$Limit                     0x00009790   Number         0  anon$$obj.o(Region$$Table)
    SystemCoreClock                          0xf0000004   Data           4  system_armcm4.o(.data.SystemCoreClock)
    key                                      0xf0000008   Data          16  main.o(.data.key)
    online_sbx0                              0xf0000018   Data           4  tables.o(.data.online_sbx0)
    online_sbx1                              0xf000001c   Data           4  tables.o(.data.online_sbx1)
    online_sbx2                              0xf0000020   Data           4  tables.o(.data.online_sbx2)
    online_sbx3                              0xf0000024   Data           4  tables.o(.data.online_sbx3)
    online_sbx4                              0xf0000028   Data           4  tables.o(.data.online_sbx4)
    online_sbx5                              0xf000002c   Data           4  tables.o(.data.online_sbx5)
    online_sbx6                              0xf0000030   Data           4  tables.o(.data.online_sbx6)
    online_sbx7                              0xf0000034   Data           4  tables.o(.data.online_sbx7)
    online_sbxtest                           0xf0000038   Data           4  tables.o(.data.online_sbxtest)
    online_sbytest                           0xf000003c   Data           4  tables.o(.data.online_sbytest)
    osRtxInfo                                0xf0000040   Data         164  rtx_kernel.o(.data.os)
    random_table                             0xf00000e4   Data        4096  tables.o(.data.random_table)
    sbx0                                     0xf00010e4   Data           8  tables.o(.data.sbx0)
    sbx1                                     0xf00010ec   Data           8  tables.o(.data.sbx1)
    sbx2                                     0xf00010f4   Data           8  tables.o(.data.sbx2)
    sbx3                                     0xf00010fc   Data           8  tables.o(.data.sbx3)
    sbx4                                     0xf0001104   Data           8  tables.o(.data.sbx4)
    sbx5                                     0xf000110c   Data           8  tables.o(.data.sbx5)
    sbx6                                     0xf0001114   Data           8  tables.o(.data.sbx6)
    sbx7                                     0xf000111c   Data           8  tables.o(.data.sbx7)
    sbxtest                                  0xf0001124   Data           8  tables.o(.data.sbxtest)
    sbytest                                  0xf000112c   Data           8  tables.o(.data.sbytest)
    dst                                      0xf0001142   Data          16  main.o(.bss.dst)
    online_sbt0                              0xf0001624   Data           4  tables.o(.bss.online_sbt0)
    online_sbt1                              0xf0001628   Data           4  tables.o(.bss.online_sbt1)
    online_sbt10                             0xf000162c   Data           4  tables.o(.bss.online_sbt10)
    online_sbt11                             0xf0001630   Data           4  tables.o(.bss.online_sbt11)
    online_sbt12                             0xf0001634   Data           4  tables.o(.bss.online_sbt12)
    online_sbt13                             0xf0001638   Data           4  tables.o(.bss.online_sbt13)
    online_sbt14                             0xf000163c   Data           4  tables.o(.bss.online_sbt14)
    online_sbt15                             0xf0001640   Data           4  tables.o(.bss.online_sbt15)
    online_sbt16                             0xf0001644   Data           4  tables.o(.bss.online_sbt16)
    online_sbt17                             0xf0001648   Data           4  tables.o(.bss.online_sbt17)
    online_sbt18                             0xf000164c   Data           4  tables.o(.bss.online_sbt18)
    online_sbt19                             0xf0001650   Data           4  tables.o(.bss.online_sbt19)
    online_sbt2                              0xf0001654   Data           4  tables.o(.bss.online_sbt2)
    online_sbt20                             0xf0001658   Data           4  tables.o(.bss.online_sbt20)
    online_sbt21                             0xf000165c   Data           4  tables.o(.bss.online_sbt21)
    online_sbt22                             0xf0001660   Data           4  tables.o(.bss.online_sbt22)
    online_sbt23                             0xf0001664   Data           4  tables.o(.bss.online_sbt23)
    online_sbt24                             0xf0001668   Data           4  tables.o(.bss.online_sbt24)
    online_sbt25                             0xf000166c   Data           4  tables.o(.bss.online_sbt25)
    online_sbt26                             0xf0001670   Data           4  tables.o(.bss.online_sbt26)
    online_sbt27                             0xf0001674   Data           4  tables.o(.bss.online_sbt27)
    online_sbt28                             0xf0001678   Data           4  tables.o(.bss.online_sbt28)
    online_sbt29                             0xf000167c   Data           4  tables.o(.bss.online_sbt29)
    online_sbt3                              0xf0001680   Data           4  tables.o(.bss.online_sbt3)
    online_sbt30                             0xf0001684   Data           4  tables.o(.bss.online_sbt30)
    online_sbt31                             0xf0001688   Data           4  tables.o(.bss.online_sbt31)
    online_sbt32                             0xf000168c   Data           4  tables.o(.bss.online_sbt32)
    online_sbt33                             0xf0001690   Data           4  tables.o(.bss.online_sbt33)
    online_sbt34                             0xf0001694   Data           4  tables.o(.bss.online_sbt34)
    online_sbt35                             0xf0001698   Data           4  tables.o(.bss.online_sbt35)
    online_sbt36                             0xf000169c   Data           4  tables.o(.bss.online_sbt36)
    online_sbt37                             0xf00016a0   Data           4  tables.o(.bss.online_sbt37)
    online_sbt38                             0xf00016a4   Data           4  tables.o(.bss.online_sbt38)
    online_sbt39                             0xf00016a8   Data           4  tables.o(.bss.online_sbt39)
    online_sbt4                              0xf00016ac   Data           4  tables.o(.bss.online_sbt4)
    online_sbt40                             0xf00016b0   Data           4  tables.o(.bss.online_sbt40)
    online_sbt41                             0xf00016b4   Data           4  tables.o(.bss.online_sbt41)
    online_sbt42                             0xf00016b8   Data           4  tables.o(.bss.online_sbt42)
    online_sbt43                             0xf00016bc   Data           4  tables.o(.bss.online_sbt43)
    online_sbt44                             0xf00016c0   Data           4  tables.o(.bss.online_sbt44)
    online_sbt45                             0xf00016c4   Data           4  tables.o(.bss.online_sbt45)
    online_sbt46                             0xf00016c8   Data           4  tables.o(.bss.online_sbt46)
    online_sbt47                             0xf00016cc   Data           4  tables.o(.bss.online_sbt47)
    online_sbt48                             0xf00016d0   Data           4  tables.o(.bss.online_sbt48)
    online_sbt49                             0xf00016d4   Data           4  tables.o(.bss.online_sbt49)
    online_sbt5                              0xf00016d8   Data           4  tables.o(.bss.online_sbt5)
    online_sbt50                             0xf00016dc   Data           4  tables.o(.bss.online_sbt50)
    online_sbt51                             0xf00016e0   Data           4  tables.o(.bss.online_sbt51)
    online_sbt52                             0xf00016e4   Data           4  tables.o(.bss.online_sbt52)
    online_sbt53                             0xf00016e8   Data           4  tables.o(.bss.online_sbt53)
    online_sbt54                             0xf00016ec   Data           4  tables.o(.bss.online_sbt54)
    online_sbt55                             0xf00016f0   Data           4  tables.o(.bss.online_sbt55)
    online_sbt56                             0xf00016f4   Data           4  tables.o(.bss.online_sbt56)
    online_sbt57                             0xf00016f8   Data           4  tables.o(.bss.online_sbt57)
    online_sbt58                             0xf00016fc   Data           4  tables.o(.bss.online_sbt58)
    online_sbt59                             0xf0001700   Data           4  tables.o(.bss.online_sbt59)
    online_sbt6                              0xf0001704   Data           4  tables.o(.bss.online_sbt6)
    online_sbt60                             0xf0001708   Data           4  tables.o(.bss.online_sbt60)
    online_sbt61                             0xf000170c   Data           4  tables.o(.bss.online_sbt61)
    online_sbt62                             0xf0001710   Data           4  tables.o(.bss.online_sbt62)
    online_sbt63                             0xf0001714   Data           4  tables.o(.bss.online_sbt63)
    online_sbt64                             0xf0001718   Data           4  tables.o(.bss.online_sbt64)
    online_sbt65                             0xf000171c   Data           4  tables.o(.bss.online_sbt65)
    online_sbt66                             0xf0001720   Data           4  tables.o(.bss.online_sbt66)
    online_sbt67                             0xf0001724   Data           4  tables.o(.bss.online_sbt67)
    online_sbt7                              0xf0001728   Data           4  tables.o(.bss.online_sbt7)
    online_sbt8                              0xf000172c   Data           4  tables.o(.bss.online_sbt8)
    online_sbt9                              0xf0001730   Data           4  tables.o(.bss.online_sbt9)
    online_sbttest                           0xf0001734   Data           4  tables.o(.bss.online_sbttest)
    online_sby1                              0xf0001738   Data           4  tables.o(.bss.online_sby1)
    online_sby10                             0xf000173c   Data           4  tables.o(.bss.online_sby10)
    online_sby11                             0xf0001740   Data           4  tables.o(.bss.online_sby11)
    online_sby12                             0xf0001744   Data           4  tables.o(.bss.online_sby12)
    online_sby13                             0xf0001748   Data           4  tables.o(.bss.online_sby13)
    online_sby14                             0xf000174c   Data           4  tables.o(.bss.online_sby14)
    online_sby15                             0xf0001750   Data           4  tables.o(.bss.online_sby15)
    online_sby16                             0xf0001754   Data           4  tables.o(.bss.online_sby16)
    online_sby17                             0xf0001758   Data           4  tables.o(.bss.online_sby17)
    online_sby18                             0xf000175c   Data           4  tables.o(.bss.online_sby18)
    online_sby19                             0xf0001760   Data           4  tables.o(.bss.online_sby19)
    online_sby2                              0xf0001764   Data           4  tables.o(.bss.online_sby2)
    online_sby20                             0xf0001768   Data           4  tables.o(.bss.online_sby20)
    online_sby21                             0xf000176c   Data           4  tables.o(.bss.online_sby21)
    online_sby3                              0xf0001770   Data           4  tables.o(.bss.online_sby3)
    online_sby4                              0xf0001774   Data           4  tables.o(.bss.online_sby4)
    online_sby5                              0xf0001778   Data           4  tables.o(.bss.online_sby5)
    online_sby6                              0xf000177c   Data           4  tables.o(.bss.online_sby6)
    online_sby7                              0xf0001780   Data           4  tables.o(.bss.online_sby7)
    online_sby8                              0xf0001784   Data           4  tables.o(.bss.online_sby8)
    online_sby9                              0xf0001788   Data           4  tables.o(.bss.online_sby9)
    online_sbz0                              0xf000178c   Data           4  tables.o(.bss.online_sbz0)
    online_sbz1                              0xf0001790   Data           4  tables.o(.bss.online_sbz1)
    online_sbz10                             0xf0001794   Data           4  tables.o(.bss.online_sbz10)
    online_sbz11                             0xf0001798   Data           4  tables.o(.bss.online_sbz11)
    online_sbz12                             0xf000179c   Data           4  tables.o(.bss.online_sbz12)
    online_sbz13                             0xf00017a0   Data           4  tables.o(.bss.online_sbz13)
    online_sbz14                             0xf00017a4   Data           4  tables.o(.bss.online_sbz14)
    online_sbz15                             0xf00017a8   Data           4  tables.o(.bss.online_sbz15)
    online_sbz16                             0xf00017ac   Data           4  tables.o(.bss.online_sbz16)
    online_sbz17                             0xf00017b0   Data           4  tables.o(.bss.online_sbz17)
    online_sbz2                              0xf00017b4   Data           4  tables.o(.bss.online_sbz2)
    online_sbz3                              0xf00017b8   Data           4  tables.o(.bss.online_sbz3)
    online_sbz4                              0xf00017bc   Data           4  tables.o(.bss.online_sbz4)
    online_sbz5                              0xf00017c0   Data           4  tables.o(.bss.online_sbz5)
    online_sbz6                              0xf00017c4   Data           4  tables.o(.bss.online_sbz6)
    online_sbz7                              0xf00017c8   Data           4  tables.o(.bss.online_sbz7)
    online_sbz8                              0xf00017cc   Data           4  tables.o(.bss.online_sbz8)
    online_sbz9                              0xf00017d0   Data           4  tables.o(.bss.online_sbz9)
    .bss.os.msgqueue.cb$$Base                0xf0002818   Number         0  rtx_lib.o(.bss.os.msgqueue.cb)
    .bss.os.msgqueue.cb$$Limit               0xf000284c   Number         0  rtx_lib.o(.bss.os.msgqueue.cb)
    .bss.os.thread.cb$$Base                  0xf000289c   Number         0  rtx_lib.o(.bss.os.thread.cb)
    .bss.os.thread.cb$$Limit                 0xf0002924   Number         0  rtx_lib.o(.bss.os.thread.cb)
    sband0trtest                             0xf0002d28   Data           8  tables.o(.bss.sband0trtest)
    sband10tr                                0xf0002d30   Data           8  tables.o(.bss.sband10tr)
    sband11tr                                0xf0002d38   Data           8  tables.o(.bss.sband11tr)
    sband12tr                                0xf0002d40   Data           8  tables.o(.bss.sband12tr)
    sband13tr                                0xf0002d48   Data           8  tables.o(.bss.sband13tr)
    sband14tr                                0xf0002d50   Data           8  tables.o(.bss.sband14tr)
    sband15tr                                0xf0002d58   Data           8  tables.o(.bss.sband15tr)
    sband16tr                                0xf0002d60   Data           8  tables.o(.bss.sband16tr)
    sband17tr                                0xf0002d68   Data           8  tables.o(.bss.sband17tr)
    sband18tr                                0xf0002d70   Data           8  tables.o(.bss.sband18tr)
    sband19tr                                0xf0002d78   Data           8  tables.o(.bss.sband19tr)
    sband1tr                                 0xf0002d80   Data           8  tables.o(.bss.sband1tr)
    sband20tr                                0xf0002d88   Data           8  tables.o(.bss.sband20tr)
    sband21tr                                0xf0002d90   Data           8  tables.o(.bss.sband21tr)
    sband22tr                                0xf0002d98   Data           8  tables.o(.bss.sband22tr)
    sband23tr                                0xf0002da0   Data           8  tables.o(.bss.sband23tr)
    sband24tr                                0xf0002da8   Data           8  tables.o(.bss.sband24tr)
    sband25tr                                0xf0002db0   Data           8  tables.o(.bss.sband25tr)
    sband26tr                                0xf0002db8   Data           8  tables.o(.bss.sband26tr)
    sband27tr                                0xf0002dc0   Data           8  tables.o(.bss.sband27tr)
    sband28tr                                0xf0002dc8   Data           8  tables.o(.bss.sband28tr)
    sband29tr                                0xf0002dd0   Data           8  tables.o(.bss.sband29tr)
    sband2tr                                 0xf0002dd8   Data           8  tables.o(.bss.sband2tr)
    sband30tr                                0xf0002de0   Data           8  tables.o(.bss.sband30tr)
    sband31tr                                0xf0002de8   Data           8  tables.o(.bss.sband31tr)
    sband32tr                                0xf0002df0   Data           8  tables.o(.bss.sband32tr)
    sband3tr                                 0xf0002df8   Data           8  tables.o(.bss.sband3tr)
    sband4tr                                 0xf0002e00   Data           8  tables.o(.bss.sband4tr)
    sband5tr                                 0xf0002e08   Data           8  tables.o(.bss.sband5tr)
    sband6tr                                 0xf0002e10   Data           8  tables.o(.bss.sband6tr)
    sband7tr                                 0xf0002e18   Data           8  tables.o(.bss.sband7tr)
    sband8tr                                 0xf0002e20   Data           8  tables.o(.bss.sband8tr)
    sband9tr                                 0xf0002e28   Data           8  tables.o(.bss.sband9tr)
    sbt0                                     0xf0002e30   Data           8  tables.o(.bss.sbt0)
    sbt1                                     0xf0002e38   Data           8  tables.o(.bss.sbt1)
    sbt10                                    0xf0002e40   Data           8  tables.o(.bss.sbt10)
    sbt11                                    0xf0002e48   Data           8  tables.o(.bss.sbt11)
    sbt12                                    0xf0002e50   Data           8  tables.o(.bss.sbt12)
    sbt13                                    0xf0002e58   Data           8  tables.o(.bss.sbt13)
    sbt14                                    0xf0002e60   Data           8  tables.o(.bss.sbt14)
    sbt15                                    0xf0002e68   Data           8  tables.o(.bss.sbt15)
    sbt16                                    0xf0002e70   Data           8  tables.o(.bss.sbt16)
    sbt17                                    0xf0002e78   Data           8  tables.o(.bss.sbt17)
    sbt18                                    0xf0002e80   Data           8  tables.o(.bss.sbt18)
    sbt19                                    0xf0002e88   Data           8  tables.o(.bss.sbt19)
    sbt2                                     0xf0002e90   Data           8  tables.o(.bss.sbt2)
    sbt20                                    0xf0002e98   Data           8  tables.o(.bss.sbt20)
    sbt21                                    0xf0002ea0   Data           8  tables.o(.bss.sbt21)
    sbt22                                    0xf0002ea8   Data           8  tables.o(.bss.sbt22)
    sbt23                                    0xf0002eb0   Data           8  tables.o(.bss.sbt23)
    sbt24                                    0xf0002eb8   Data           8  tables.o(.bss.sbt24)
    sbt25                                    0xf0002ec0   Data           8  tables.o(.bss.sbt25)
    sbt26                                    0xf0002ec8   Data           8  tables.o(.bss.sbt26)
    sbt27                                    0xf0002ed0   Data           8  tables.o(.bss.sbt27)
    sbt28                                    0xf0002ed8   Data           8  tables.o(.bss.sbt28)
    sbt29                                    0xf0002ee0   Data           8  tables.o(.bss.sbt29)
    sbt3                                     0xf0002ee8   Data           8  tables.o(.bss.sbt3)
    sbt30                                    0xf0002ef0   Data           8  tables.o(.bss.sbt30)
    sbt31                                    0xf0002ef8   Data           8  tables.o(.bss.sbt31)
    sbt32                                    0xf0002f00   Data           8  tables.o(.bss.sbt32)
    sbt33                                    0xf0002f08   Data           8  tables.o(.bss.sbt33)
    sbt34                                    0xf0002f10   Data           8  tables.o(.bss.sbt34)
    sbt35                                    0xf0002f18   Data           8  tables.o(.bss.sbt35)
    sbt36                                    0xf0002f20   Data           8  tables.o(.bss.sbt36)
    sbt37                                    0xf0002f28   Data           8  tables.o(.bss.sbt37)
    sbt38                                    0xf0002f30   Data           8  tables.o(.bss.sbt38)
    sbt39                                    0xf0002f38   Data           8  tables.o(.bss.sbt39)
    sbt4                                     0xf0002f40   Data           8  tables.o(.bss.sbt4)
    sbt40                                    0xf0002f48   Data           8  tables.o(.bss.sbt40)
    sbt41                                    0xf0002f50   Data           8  tables.o(.bss.sbt41)
    sbt42                                    0xf0002f58   Data           8  tables.o(.bss.sbt42)
    sbt43                                    0xf0002f60   Data           8  tables.o(.bss.sbt43)
    sbt44                                    0xf0002f68   Data           8  tables.o(.bss.sbt44)
    sbt45                                    0xf0002f70   Data           8  tables.o(.bss.sbt45)
    sbt46                                    0xf0002f78   Data           8  tables.o(.bss.sbt46)
    sbt47                                    0xf0002f80   Data           8  tables.o(.bss.sbt47)
    sbt48                                    0xf0002f88   Data           8  tables.o(.bss.sbt48)
    sbt49                                    0xf0002f90   Data           8  tables.o(.bss.sbt49)
    sbt5                                     0xf0002f98   Data           8  tables.o(.bss.sbt5)
    sbt50                                    0xf0002fa0   Data           8  tables.o(.bss.sbt50)
    sbt51                                    0xf0002fa8   Data           8  tables.o(.bss.sbt51)
    sbt52                                    0xf0002fb0   Data           8  tables.o(.bss.sbt52)
    sbt53                                    0xf0002fb8   Data           8  tables.o(.bss.sbt53)
    sbt54                                    0xf0002fc0   Data           8  tables.o(.bss.sbt54)
    sbt55                                    0xf0002fc8   Data           8  tables.o(.bss.sbt55)
    sbt56                                    0xf0002fd0   Data           8  tables.o(.bss.sbt56)
    sbt57                                    0xf0002fd8   Data           8  tables.o(.bss.sbt57)
    sbt58                                    0xf0002fe0   Data           8  tables.o(.bss.sbt58)
    sbt59                                    0xf0002fe8   Data           8  tables.o(.bss.sbt59)
    sbt6                                     0xf0002ff0   Data           8  tables.o(.bss.sbt6)
    sbt60                                    0xf0002ff8   Data           8  tables.o(.bss.sbt60)
    sbt61                                    0xf0003000   Data           8  tables.o(.bss.sbt61)
    sbt62                                    0xf0003008   Data           8  tables.o(.bss.sbt62)
    sbt63                                    0xf0003010   Data           8  tables.o(.bss.sbt63)
    sbt64                                    0xf0003018   Data           8  tables.o(.bss.sbt64)
    sbt65                                    0xf0003020   Data           8  tables.o(.bss.sbt65)
    sbt66                                    0xf0003028   Data           8  tables.o(.bss.sbt66)
    sbt67                                    0xf0003030   Data           8  tables.o(.bss.sbt67)
    sbt7                                     0xf0003038   Data           8  tables.o(.bss.sbt7)
    sbt8                                     0xf0003040   Data           8  tables.o(.bss.sbt8)
    sbt9                                     0xf0003048   Data           8  tables.o(.bss.sbt9)
    sbttest                                  0xf0003050   Data           8  tables.o(.bss.sbttest)
    sby1                                     0xf0003058   Data           8  tables.o(.bss.sby1)
    sby10                                    0xf0003060   Data           8  tables.o(.bss.sby10)
    sby11                                    0xf0003068   Data           8  tables.o(.bss.sby11)
    sby12                                    0xf0003070   Data           8  tables.o(.bss.sby12)
    sby13                                    0xf0003078   Data           8  tables.o(.bss.sby13)
    sby14                                    0xf0003080   Data           8  tables.o(.bss.sby14)
    sby15                                    0xf0003088   Data           8  tables.o(.bss.sby15)
    sby16                                    0xf0003090   Data           8  tables.o(.bss.sby16)
    sby17                                    0xf0003098   Data           8  tables.o(.bss.sby17)
    sby18                                    0xf00030a0   Data           8  tables.o(.bss.sby18)
    sby19                                    0xf00030a8   Data           8  tables.o(.bss.sby19)
    sby2                                     0xf00030b0   Data           8  tables.o(.bss.sby2)
    sby20                                    0xf00030b8   Data           8  tables.o(.bss.sby20)
    sby21                                    0xf00030c0   Data           8  tables.o(.bss.sby21)
    sby3                                     0xf00030c8   Data           8  tables.o(.bss.sby3)
    sby4                                     0xf00030d0   Data           8  tables.o(.bss.sby4)
    sby5                                     0xf00030d8   Data           8  tables.o(.bss.sby5)
    sby6                                     0xf00030e0   Data           8  tables.o(.bss.sby6)
    sby7                                     0xf00030e8   Data           8  tables.o(.bss.sby7)
    sby8                                     0xf00030f0   Data           8  tables.o(.bss.sby8)
    sby9                                     0xf00030f8   Data           8  tables.o(.bss.sby9)
    sbz0                                     0xf0003100   Data           8  tables.o(.bss.sbz0)
    sbz1                                     0xf0003108   Data           8  tables.o(.bss.sbz1)
    sbz10                                    0xf0003110   Data           8  tables.o(.bss.sbz10)
    sbz11                                    0xf0003118   Data           8  tables.o(.bss.sbz11)
    sbz12                                    0xf0003120   Data           8  tables.o(.bss.sbz12)
    sbz13                                    0xf0003128   Data           8  tables.o(.bss.sbz13)
    sbz14                                    0xf0003130   Data           8  tables.o(.bss.sbz14)
    sbz15                                    0xf0003138   Data           8  tables.o(.bss.sbz15)
    sbz16                                    0xf0003140   Data           8  tables.o(.bss.sbz16)
    sbz17                                    0xf0003148   Data           8  tables.o(.bss.sbz17)
    sbz2                                     0xf0003150   Data           8  tables.o(.bss.sbz2)
    sbz3                                     0xf0003158   Data           8  tables.o(.bss.sbz3)
    sbz4                                     0xf0003160   Data           8  tables.o(.bss.sbz4)
    sbz5                                     0xf0003168   Data           8  tables.o(.bss.sbz5)
    sbz6                                     0xf0003170   Data           8  tables.o(.bss.sbz6)
    sbz7                                     0xf0003178   Data           8  tables.o(.bss.sbz7)
    sbz8                                     0xf0003180   Data           8  tables.o(.bss.sbz8)
    sbz9                                     0xf0003188   Data           8  tables.o(.bss.sbz9)
    Image$$ARM_LIB_STACK$$ZI$$Limit          0xf00f0000   Number         0  anon$$obj.o ABSOLUTE



==============================================================================

Memory Map of the image

  Image Entry point : 0x000003c1

  Load Region LR_ROM (Base: 0x00000000, Size: 0x0000a900, Max: 0xefffffff, ABSOLUTE, COMPRESSED[0x00009980])

    Execution Region ER_ROM (Exec base: 0x00000000, Load base: 0x00000000, Size: 0x00009790, Max: 0xefffffff, ABSOLUTE)

    Exec Addr    Load Addr    Size         Type   Attr      Idx    E Section Name        Object

    0x00000000   0x00000000   0x000003c0   Data   RO         1846    RESET               startup_armcm4.o
    0x000003c0   0x000003c0   0x00000000   Code   RO         1865  * .ARM.Collect$$$$00000000  mc_w.l(entry.o)
    0x000003c0   0x000003c0   0x00000004   Code   RO         1883    .ARM.Collect$$$$00000003  mc_w.l(entry4.o)
    0x000003c4   0x000003c4   0x00000004   Code   RO         1886    .ARM.Collect$$$$00000004  mc_w.l(entry5.o)
    0x000003c8   0x000003c8   0x00000000   Code   RO         1888    .ARM.Collect$$$$00000008  mc_w.l(entry7b.o)
    0x000003c8   0x000003c8   0x00000000   Code   RO         1890    .ARM.Collect$$$$0000000A  mc_w.l(entry8b.o)
    0x000003c8   0x000003c8   0x00000008   Code   RO         1891    .ARM.Collect$$$$0000000B  mc_w.l(entry9a.o)
    0x000003d0   0x000003d0   0x00000000   Code   RO         1893    .ARM.Collect$$$$0000000D  mc_w.l(entry10a.o)
    0x000003d0   0x000003d0   0x00000000   Code   RO         1895    .ARM.Collect$$$$0000000F  mc_w.l(entry11a.o)
    0x000003d0   0x000003d0   0x00000004   Code   RO         1884    .ARM.Collect$$$$00002714  mc_w.l(entry4.o)
    0x000003d4   0x000003d4   0x0000000c   PAD
    0x000003e0   0x000003e0   0x000053ca   Code   RO           71    .text               asm.o
    0x000057aa   0x000057aa   0x00000002   PAD
    0x000057ac   0x000057ac   0x000000bc   Code   RO          622    .text               irq_armv7m.o
    0x00005868   0x00005868   0x00000024   Code   RO         1874    .text               mc_w.l(rand.o)
    0x0000588c   0x0000588c   0x00000024   Code   RO         1877    .text               mc_w.l(memcpya.o)
    0x000058b0   0x000058b0   0x00000024   Code   RO         1879    .text               mc_w.l(memseta.o)
    0x000058d4   0x000058d4   0x00000024   Code   RO         1897    .text               mc_w.l(init.o)
    0x000058f8   0x000058f8   0x0000003a   Code   RO         1907    .text               mc_w.l(__dczerorl.o)
    0x00005932   0x00005932   0x00000002   PAD
    0x00005934   0x00005934   0x0000001a   Code   RO           34    .text.AES_Encrypt   aes.o
    0x0000594e   0x0000594e   0x00000002   PAD
    0x00005950   0x00005950   0x00000112   Code   RO           28    .text.AES_Encrypt_ECB  aes.o
    0x00005a62   0x00005a62   0x00000002   PAD
    0x00005a64   0x00005a64   0x00000046   Code   RO           22    .text.AES_Setkey    aes.o
    0x00005aaa   0x00005aaa   0x00000002   PAD
    0x00005aac   0x00005aac   0x00000004   Code   RO         1840    .text.Default_Handler  startup_armcm4.o
    0x00005ab0   0x00005ab0   0x0000003c   Code   RO         1775    .text.EventCheckFilter  eventrecorder.o
    0x00005aec   0x00005aec   0x0000005a   Code   RO         1761    .text.EventGetTS    eventrecorder.o
    0x00005b46   0x00005b46   0x00000002   PAD
    0x00005b48   0x00005b48   0x0000005a   Code   RO         1779    .text.EventRecord2  eventrecorder.o
    0x00005ba2   0x00005ba2   0x00000002   PAD
    0x00005ba4   0x00005ba4   0x00000096   Code   RO         1781    .text.EventRecord4  eventrecorder.o
    0x00005c3a   0x00005c3a   0x00000002   PAD
    0x00005c3c   0x00005c3c   0x000000fe   Code   RO         1763    .text.EventRecordItem  eventrecorder.o
    0x00005d3a   0x00005d3a   0x00000002   PAD
    0x00005d3c   0x00005d3c   0x00000020   Code   RO         1753    .text.EventRecorderTimerGetCount  eventrecorder.o
    0x00005d5c   0x00005d5c   0x0000001a   Code   RO          858    .text.EvrRtxDelayCompleted  rtx_evr.o
    0x00005d76   0x00005d76   0x00000002   PAD
    0x00005d78   0x00005d78   0x0000001a   Code   RO          906    .text.EvrRtxEventFlagsWaitTimeout  rtx_evr.o
    0x00005d92   0x00005d92   0x00000002   PAD
    0x00005d94   0x00005d94   0x00000018   Code   RO          764    .text.EvrRtxKernelErrorNotify  rtx_evr.o
    0x00005dac   0x00005dac   0x0000002a   Code   RO          716    .text.EvrRtxMemoryAlloc  rtx_evr.o
    0x00005dd6   0x00005dd6   0x00000002   PAD
    0x00005dd8   0x00005dd8   0x0000001c   Code   RO          722    .text.EvrRtxMemoryBlockAlloc  rtx_evr.o
    0x00005df4   0x00005df4   0x00000028   Code   RO          724    .text.EvrRtxMemoryBlockFree  rtx_evr.o
    0x00005e1c   0x00005e1c   0x0000002a   Code   RO          720    .text.EvrRtxMemoryBlockInit  rtx_evr.o
    0x00005e46   0x00005e46   0x00000002   PAD
    0x00005e48   0x00005e48   0x00000028   Code   RO          718    .text.EvrRtxMemoryFree  rtx_evr.o
    0x00005e70   0x00005e70   0x0000001a   Code   RO          984    .text.EvrRtxMemoryPoolAllocTimeout  rtx_evr.o
    0x00005e8a   0x00005e8a   0x00000002   PAD
    0x00005e8c   0x00005e8c   0x0000001c   Code   RO         1012    .text.EvrRtxMessageQueueCreated  rtx_evr.o
    0x00005ea8   0x00005ea8   0x00000018   Code   RO         1008    .text.EvrRtxMessageQueueError  rtx_evr.o
    0x00005ec0   0x00005ec0   0x0000002a   Code   RO         1028    .text.EvrRtxMessageQueueGet  rtx_evr.o
    0x00005eea   0x00005eea   0x00000002   PAD
    0x00005eec   0x00005eec   0x00000028   Code   RO         1030    .text.EvrRtxMessageQueueGetPending  rtx_evr.o
    0x00005f14   0x00005f14   0x0000001a   Code   RO         1032    .text.EvrRtxMessageQueueGetTimeout  rtx_evr.o
    0x00005f2e   0x00005f2e   0x00000002   PAD
    0x00005f30   0x00005f30   0x0000001c   Code   RO         1022    .text.EvrRtxMessageQueueInsertPending  rtx_evr.o
    0x00005f4c   0x00005f4c   0x0000001c   Code   RO         1024    .text.EvrRtxMessageQueueInserted  rtx_evr.o
    0x00005f68   0x00005f68   0x0000001c   Code   RO         1026    .text.EvrRtxMessageQueueNotInserted  rtx_evr.o
    0x00005f84   0x00005f84   0x0000001c   Code   RO         1036    .text.EvrRtxMessageQueueNotRetrieved  rtx_evr.o
    0x00005fa0   0x00005fa0   0x0000002e   Code   RO         1016    .text.EvrRtxMessageQueuePut  rtx_evr.o
    0x00005fce   0x00005fce   0x00000002   PAD
    0x00005fd0   0x00005fd0   0x00000028   Code   RO         1018    .text.EvrRtxMessageQueuePutPending  rtx_evr.o
    0x00005ff8   0x00005ff8   0x0000001a   Code   RO         1020    .text.EvrRtxMessageQueuePutTimeout  rtx_evr.o
    0x00006012   0x00006012   0x00000002   PAD
    0x00006014   0x00006014   0x0000001c   Code   RO         1034    .text.EvrRtxMessageQueueRetrieved  rtx_evr.o
    0x00006030   0x00006030   0x0000001a   Code   RO          928    .text.EvrRtxMutexAcquireTimeout  rtx_evr.o
    0x0000604a   0x0000604a   0x00000002   PAD
    0x0000604c   0x0000604c   0x0000001a   Code   RO          956    .text.EvrRtxSemaphoreAcquireTimeout  rtx_evr.o
    0x00006066   0x00006066   0x00000002   PAD
    0x00006068   0x00006068   0x0000001c   Code   RO          808    .text.EvrRtxThreadBlocked  rtx_evr.o
    0x00006084   0x00006084   0x0000001a   Code   RO          842    .text.EvrRtxThreadFlagsWaitTimeout  rtx_evr.o
    0x0000609e   0x0000609e   0x00000002   PAD
    0x000060a0   0x000060a0   0x0000001a   Code   RO          812    .text.EvrRtxThreadPreempted  rtx_evr.o
    0x000060ba   0x000060ba   0x00000002   PAD
    0x000060bc   0x000060bc   0x0000001a   Code   RO          814    .text.EvrRtxThreadSwitched  rtx_evr.o
    0x000060d6   0x000060d6   0x00000002   PAD
    0x000060d8   0x000060d8   0x0000001c   Code   RO          810    .text.EvrRtxThreadUnblocked  rtx_evr.o
    0x000060f4   0x000060f4   0x0000001c   Code   RO          862    .text.EvrRtxTimerCallback  rtx_evr.o
    0x00006110   0x00006110   0x00000012   Code   RO         1777    .text.GetContext    eventrecorder.o
    0x00006122   0x00006122   0x00000002   PAD
    0x00006124   0x00006124   0x00000012   Code   RO         1793    .text.GetRecordIndex  eventrecorder.o
    0x00006136   0x00006136   0x00000002   PAD
    0x00006138   0x00006138   0x00000004   Code   RO         1844    .text.HardFault_Handler  startup_armcm4.o
    0x0000613c   0x0000613c   0x00000012   Code   RO         1801    .text.IncrementRecordsDumped  eventrecorder.o
    0x0000614e   0x0000614e   0x00000002   PAD
    0x00006150   0x00006150   0x00000012   Code   RO         1799    .text.IncrementRecordsWritten  eventrecorder.o
    0x00006162   0x00006162   0x00000002   PAD
    0x00006164   0x00006164   0x00000014   Code   RO         1067    .text.IsException   rtx_kernel.o
    0x00006178   0x00006178   0x00000014   Code   RO         1272    .text.IsException   rtx_msgqueue.o
    0x0000618c   0x0000618c   0x0000002e   Code   RO         1069    .text.IsIrqMasked   rtx_kernel.o
    0x000061ba   0x000061ba   0x00000002   PAD
    0x000061bc   0x000061bc   0x0000002e   Code   RO         1274    .text.IsIrqMasked   rtx_msgqueue.o
    0x000061ea   0x000061ea   0x00000002   PAD
    0x000061ec   0x000061ec   0x00000014   Code   RO         1073    .text.IsPrivileged  rtx_kernel.o
    0x00006200   0x00006200   0x00000036   Code   RO         1795    .text.LockRecord    eventrecorder.o
    0x00006236   0x00006236   0x00000002   PAD
    0x00006238   0x00006238   0x00000012   Code   RO         1783    .text.LockTS_Overflow  eventrecorder.o
    0x0000624a   0x0000624a   0x00000002   PAD
    0x0000624c   0x0000624c   0x00000018   Code   RO         1178    .text.MemBlockPtr   rtx_memory.o
    0x00006264   0x00006264   0x0000000a   Code   RO         1176    .text.MemHeadPtr    rtx_memory.o
    0x0000626e   0x0000626e   0x00000002   PAD
    0x00006270   0x00006270   0x00000052   Code   RO         1322    .text.MessageQueueGet  rtx_msgqueue.o
    0x000062c2   0x000062c2   0x00000002   PAD
    0x000062c4   0x000062c4   0x000000ac   Code   RO         1312    .text.MessageQueuePut  rtx_msgqueue.o
    0x00006370   0x00006370   0x00000042   Code   RO         1308    .text.MessageQueueRemove  rtx_msgqueue.o
    0x000063b2   0x000063b2   0x00000002   PAD
    0x000063b4   0x000063b4   0x0000000c   Code   RO         1716    .text.OS_Tick_AcknowledgeIRQ  os_systick.o
    0x000063c0   0x000063c0   0x00000020   Code   RO         1724    .text.OS_Tick_GetCount  os_systick.o
    0x000063e0   0x000063e0   0x0000000e   Code   RO         1722    .text.OS_Tick_GetInterval  os_systick.o
    0x000063ee   0x000063ee   0x00000002   PAD
    0x000063f0   0x000063f0   0x00000010   Code   RO         1726    .text.OS_Tick_GetOverflow  os_systick.o
    0x00006400   0x00006400   0x00000008   Code   RO         1842    .text.Reset_Handler  startup_armcm4.o
    0x00006408   0x00006408   0x00000010   Code   RO         1463    .text.SetPendSV     rtx_system.o
    0x00006418   0x00006418   0x0000000c   Code   RO         1502    .text.StackOffsetR0  rtx_thread.o
    0x00006424   0x00006424   0x00000036   Code   RO         1751    .text.SysTimerIsRunning  eventrecorder.o
    0x0000645a   0x0000645a   0x00000002   PAD
    0x0000645c   0x0000645c   0x00000026   Code   RO         1856    .text.SystemInit    system_armcm4.o
    0x00006482   0x00006482   0x00000002   PAD
    0x00006484   0x00006484   0x0000009e   Code   RO         1685    .text.TimerInsert   rtx_timer.o
    0x00006522   0x00006522   0x00000002   PAD
    0x00006524   0x00006524   0x00000028   Code   RO         1681    .text.TimerUnlink   rtx_timer.o
    0x0000654c   0x0000654c   0x00000032   Code   RO         1797    .text.UnlockRecord  eventrecorder.o
    0x0000657e   0x0000657e   0x00000002   PAD
    0x00006580   0x00006580   0x00000012   Code   RO         1785    .text.UnlockTS_Overflow  eventrecorder.o
    0x00006592   0x00006592   0x00000002   PAD
    0x00006594   0x00006594   0x0000001a   Code   RO         1787    .text.UpdateTS      eventrecorder.o
    0x000065ae   0x000065ae   0x00000002   PAD
    0x000065b0   0x000065b0   0x00000082   Code   RO           14    .text.add_round_key  aes.o
    0x00006632   0x00006632   0x00000002   PAD
    0x00006634   0x00006634   0x00000408   Code   RO           20    .text.aes_ct_bitslice_Sbox  aes.o
    0x00006a3c   0x00006a3c   0x000001c4   Code   RO           12    .text.aes_ct_bitslice_encrypt  aes.o
    0x00006c00   0x00006c00   0x000000ca   Code   RO            4    .text.aes_ct_keysched  aes.o
    0x00006cca   0x00006cca   0x00000002   PAD
    0x00006ccc   0x00006ccc   0x000002a8   Code   RO            8    .text.aes_ct_ortho  aes.o
    0x00006f74   0x00006f74   0x00000072   Code   RO           10    .text.aes_ct_skey_expand  aes.o
    0x00006fe6   0x00006fe6   0x00000002   PAD
    0x00006fe8   0x00006fe8   0x00000132   Code   RO            6    .text.aes_keysched_base  aes.o
    0x0000711a   0x0000711a   0x00000002   PAD
    0x0000711c   0x0000711c   0x0000002c   Code   RO         1465    .text.atomic_dec16_nz  rtx_system.o
    0x00007148   0x00007148   0x00000020   Code   RO         1203    .text.atomic_dec32  rtx_mempool.o
    0x00007168   0x00007168   0x00000028   Code   RO         1324    .text.atomic_dec32_nz  rtx_msgqueue.o
    0x00007190   0x00007190   0x00000034   Code   RO         1467    .text.atomic_inc16_lim  rtx_system.o
    0x000071c4   0x000071c4   0x00000038   Code   RO         1471    .text.atomic_inc16_lt  rtx_system.o
    0x000071fc   0x000071fc   0x00000020   Code   RO         1197    .text.atomic_inc32  rtx_mempool.o
    0x0000721c   0x0000721c   0x00000020   Code   RO         1314    .text.atomic_inc32  rtx_msgqueue.o
    0x0000723c   0x0000723c   0x00000020   Code   RO         1803    .text.atomic_inc32  eventrecorder.o
    0x0000725c   0x0000725c   0x00000024   Code   RO         1805    .text.atomic_inc8   eventrecorder.o
    0x00007280   0x00007280   0x00000028   Code   RO         1195    .text.atomic_link_get  rtx_mempool.o
    0x000072a8   0x000072a8   0x00000030   Code   RO         1201    .text.atomic_link_put  rtx_mempool.o
    0x000072d8   0x000072d8   0x00000020   Code   RO         1791    .text.atomic_wr32   eventrecorder.o
    0x000072f8   0x000072f8   0x00000028   Code   RO         1326    .text.atomic_wr8    rtx_msgqueue.o
    0x00007320   0x00007320   0x00000028   Code   RO         1789    .text.atomic_wr8    eventrecorder.o
    0x00007348   0x00007348   0x00000228   Code   RO           26    .text.de_randomization  aes.o
    0x00007570   0x00007570   0x00000010   Code   RO           30    .text.dec32le       aes.o
    0x00007580   0x00007580   0x0000002c   Code   RO           32    .text.enc32le       aes.o
    0x000075ac   0x000075ac   0x000000a8   Code   RO         1284    .text.isrRtxMessageQueueGet  rtx_msgqueue.o
    0x00007654   0x00007654   0x000000b8   Code   RO         1280    .text.isrRtxMessageQueuePut  rtx_msgqueue.o
    0x0000770c   0x0000770c   0x00000054   Code   RO         1447    .text.isr_queue_get  rtx_system.o
    0x00007760   0x00007760   0x0000005e   Code   RO         1461    .text.isr_queue_put  rtx_system.o
    0x000077be   0x000077be   0x00000002   PAD
    0x000077c0   0x000077c0   0x00000054   Code   RO           60    .text.main          main.o
    0x00007814   0x00007814   0x00000042   Code   RO         1077    .text.osKernelGetState  rtx_kernel.o
    0x00007856   0x00007856   0x00000002   PAD
    0x00007858   0x00007858   0x0000003a   Code   RO         1101    .text.osKernelGetSysTimerCount  rtx_kernel.o
    0x00007892   0x00007892   0x00000002   PAD
    0x00007894   0x00007894   0x0000007e   Code   RO         1282    .text.osMessageQueueGet  rtx_msgqueue.o
    0x00007912   0x00007912   0x00000002   PAD
    0x00007914   0x00007914   0x0000008a   Code   RO         1278    .text.osMessageQueuePut  rtx_msgqueue.o
    0x0000799e   0x0000799e   0x00000002   PAD
    0x000079a0   0x000079a0   0x0000002e   Code   RO         1738    .text.osRtxErrorNotify  rtx_config.o
    0x000079ce   0x000079ce   0x00000002   PAD
    0x000079d0   0x000079d0   0x0000000a   Code   RO         1451    .text.osRtxEventFlagsObject  rtx_system.o
    0x000079da   0x000079da   0x00000002   PAD
    0x000079dc   0x000079dc   0x0000001c   Code   RO         1063    .text.osRtxKernelErrorNotify  rtx_kernel.o
    0x000079f8   0x000079f8   0x0000000c   Code   RO         1443    .text.osRtxKernelGetState  rtx_system.o
    0x00007a04   0x00007a04   0x0000000c   Code   RO         1508    .text.osRtxKernelGetState  rtx_thread.o
    0x00007a10   0x00007a10   0x0000000c   Code   RO         1111    .text.osRtxKernelState  rtx_kernel.o
    0x00007a1c   0x00007a1c   0x0000014c   Code   RO         1180    .text.osRtxMemoryAlloc  rtx_memory.o
    0x00007b68   0x00007b68   0x000000c2   Code   RO         1182    .text.osRtxMemoryFree  rtx_memory.o
    0x00007c2a   0x00007c2a   0x00000002   PAD
    0x00007c2c   0x00007c2c   0x0000004a   Code   RO         1193    .text.osRtxMemoryPoolAlloc  rtx_mempool.o
    0x00007c76   0x00007c76   0x00000002   PAD
    0x00007c78   0x00007c78   0x00000064   Code   RO         1199    .text.osRtxMemoryPoolFree  rtx_mempool.o
    0x00007cdc   0x00007cdc   0x00000098   Code   RO         1191    .text.osRtxMemoryPoolInit  rtx_mempool.o
    0x00007d74   0x00007d74   0x0000000a   Code   RO         1455    .text.osRtxMemoryPoolObject  rtx_system.o
    0x00007d7e   0x00007d7e   0x00000002   PAD
    0x00007d80   0x00007d80   0x0000000a   Code   RO         1457    .text.osRtxMessageObject  rtx_system.o
    0x00007d8a   0x00007d8a   0x00000002   PAD
    0x00007d8c   0x00007d8c   0x0000000a   Code   RO         1266    .text.osRtxMessageQueueId  rtx_msgqueue.o
    0x00007d96   0x00007d96   0x00000002   PAD
    0x00007d98   0x00007d98   0x00000144   Code   RO         1306    .text.osRtxMessageQueuePostProcess  rtx_msgqueue.o
    0x00007edc   0x00007edc   0x0000003e   Code   RO         1264    .text.osRtxMessageQueueTimerSetup  rtx_msgqueue.o
    0x00007f1a   0x00007f1a   0x00000002   PAD
    0x00007f1c   0x00007f1c   0x0000000a   Code   RO         1498    .text.osRtxMutexObject  rtx_thread.o
    0x00007f26   0x00007f26   0x00000002   PAD
    0x00007f28   0x00007f28   0x000000ac   Code   RO         1345    .text.osRtxMutexOwnerRestore  rtx_mutex.o
    0x00007fd4   0x00007fd4   0x0000000a   Code   RO         1310    .text.osRtxObject   rtx_msgqueue.o
    0x00007fde   0x00007fde   0x00000002   PAD
    0x00007fe0   0x00007fe0   0x0000000a   Code   RO         1469    .text.osRtxObject   rtx_system.o
    0x00007fea   0x00007fea   0x00000002   PAD
    0x00007fec   0x00007fec   0x0000000a   Code   RO         1488    .text.osRtxObject   rtx_thread.o
    0x00007ff6   0x00007ff6   0x00000002   PAD
    0x00007ff8   0x00007ff8   0x000000b8   Code   RO         1445    .text.osRtxPendSV_Handler  rtx_system.o
    0x000080b0   0x000080b0   0x00000042   Code   RO         1459    .text.osRtxPostProcess  rtx_system.o
    0x000080f2   0x000080f2   0x00000002   PAD
    0x000080f4   0x000080f4   0x0000000a   Code   RO         1453    .text.osRtxSemaphoreObject  rtx_system.o
    0x000080fe   0x000080fe   0x00000002   PAD
    0x00008100   0x00008100   0x00000088   Code   RO         1512    .text.osRtxThreadBlock  rtx_thread.o
    0x00008188   0x00008188   0x000000fa   Code   RO         1520    .text.osRtxThreadDelayInsert  rtx_thread.o
    0x00008282   0x00008282   0x00000002   PAD
    0x00008284   0x00008284   0x0000009c   Code   RO         1516    .text.osRtxThreadDelayRemove  rtx_thread.o
    0x00008320   0x00008320   0x00000150   Code   RO         1494    .text.osRtxThreadDelayTick  rtx_thread.o
    0x00008470   0x00008470   0x00000096   Code   RO         1506    .text.osRtxThreadDispatch  rtx_thread.o
    0x00008506   0x00008506   0x00000002   PAD
    0x00008508   0x00008508   0x0000000c   Code   RO         1320    .text.osRtxThreadGetRunning  rtx_msgqueue.o
    0x00008514   0x00008514   0x0000000c   Code   RO         1510    .text.osRtxThreadGetRunning  rtx_thread.o
    0x00008520   0x00008520   0x0000000c   Code   RO         1679    .text.osRtxThreadGetRunning  rtx_timer.o
    0x0000852c   0x0000852c   0x00000036   Code   RO         1484    .text.osRtxThreadListGet  rtx_thread.o
    0x00008562   0x00008562   0x00000002   PAD
    0x00008564   0x00008564   0x00000076   Code   RO         1480    .text.osRtxThreadListPut  rtx_thread.o
    0x000085da   0x000085da   0x00000002   PAD
    0x000085dc   0x000085dc   0x00000032   Code   RO         1490    .text.osRtxThreadListRemove  rtx_thread.o
    0x0000860e   0x0000860e   0x00000002   PAD
    0x00008610   0x00008610   0x00000022   Code   RO         1496    .text.osRtxThreadListRoot  rtx_thread.o
    0x00008632   0x00008632   0x00000002   PAD
    0x00008634   0x00008634   0x00000058   Code   RO         1486    .text.osRtxThreadListSort  rtx_thread.o
    0x0000868c   0x0000868c   0x0000000a   Code   RO         1449    .text.osRtxThreadObject  rtx_system.o
    0x00008696   0x00008696   0x00000002   PAD
    0x00008698   0x00008698   0x0000000a   Code   RO         1482    .text.osRtxThreadObject  rtx_thread.o
    0x000086a2   0x000086a2   0x00000002   PAD
    0x000086a4   0x000086a4   0x00000020   Code   RO         1492    .text.osRtxThreadReadyPut  rtx_thread.o
    0x000086c4   0x000086c4   0x00000022   Code   RO         1500    .text.osRtxThreadRegPtr  rtx_thread.o
    0x000086e6   0x000086e6   0x00000002   PAD
    0x000086e8   0x000086e8   0x00000014   Code   RO         1683    .text.osRtxThreadSetRunning  rtx_timer.o
    0x000086fc   0x000086fc   0x0000003c   Code   RO         1522    .text.osRtxThreadStackCheck  rtx_thread.o
    0x00008738   0x00008738   0x00000022   Code   RO         1504    .text.osRtxThreadSwitch  rtx_thread.o
    0x0000875a   0x0000875a   0x00000002   PAD
    0x0000875c   0x0000875c   0x00000076   Code   RO         1518    .text.osRtxThreadWaitEnter  rtx_thread.o
    0x000087d2   0x000087d2   0x00000002   PAD
    0x000087d4   0x000087d4   0x00000046   Code   RO         1514    .text.osRtxThreadWaitExit  rtx_thread.o
    0x0000881a   0x0000881a   0x00000002   PAD
    0x0000881c   0x0000881c   0x00000110   Code   RO         1441    .text.osRtxTick_Handler  rtx_system.o
    0x0000892c   0x0000892c   0x00000030   Code   RO         1657    .text.osRtxTimerSetup  rtx_timer.o
    0x0000895c   0x0000895c   0x00000032   Code   RO         1661    .text.osRtxTimerThread  rtx_timer.o
    0x0000898e   0x0000898e   0x00000002   PAD
    0x00008990   0x00008990   0x000000dc   Code   RO         1659    .text.osRtxTimerTick  rtx_timer.o
    0x00008a6c   0x00008a6c   0x0000028a   Code   RO           24    .text.randomization  aes.o
    0x00008cf6   0x00008cf6   0x00000002   PAD
    0x00008cf8   0x00008cf8   0x00000326   Code   RO           16    .text.shift_rows    aes.o
    0x0000901e   0x0000901e   0x00000002   PAD
    0x00009020   0x00009020   0x00000042   Code   RO           48    .text.sub_word      aes.o
    0x00009062   0x00009062   0x00000002   PAD
    0x00009064   0x00009064   0x00000010   Code   RO         1079    .text.svcRtxKernelGetState  rtx_kernel.o
    0x00009074   0x00009074   0x00000046   Code   RO         1103    .text.svcRtxKernelGetSysTimerCount  rtx_kernel.o
    0x000090ba   0x000090ba   0x00000002   PAD
    0x000090bc   0x000090bc   0x00000164   Code   RO         1328    .text.svcRtxMessageQueueGet  rtx_msgqueue.o
    0x00009220   0x00009220   0x0000029c   Code   RO         1268    .text.svcRtxMessageQueueNew  rtx_msgqueue.o
    0x000094bc   0x000094bc   0x00000158   Code   RO         1318    .text.svcRtxMessageQueuePut  rtx_msgqueue.o
    0x00009614   0x00009614   0x0000000e   Code   RO         1901    i.__scatterload_copy  mc_w.l(handlers.o)
    0x00009622   0x00009622   0x00000002   Code   RO         1902    i.__scatterload_null  mc_w.l(handlers.o)
    0x00009624   0x00009624   0x0000000e   Code   RO         1903    i.__scatterload_zeroinit  mc_w.l(handlers.o)
    0x00009632   0x00009632   0x00000002   PAD
    0x00009634   0x00009634   0x00000070   Data   RO         1158    .rodata             rtx_lib.o
    0x000096a4   0x000096a4   0x00000038   Data   RO         1161    .rodata             rtx_lib.o
    0x000096dc   0x000096dc   0x00000018   Data   RO         1808    .rodata.EventRecorderInfo  eventrecorder.o
    0x000096f4   0x000096f4   0x0000000a   Data   RO           52    .rodata.Rcon        aes.o
    0x000096fe   0x000096fe   0x00000002   PAD
    0x00009700   0x00009700   0x00000004   Data   RO         1160    .rodata.osRtxUserSVC  rtx_lib.o
    0x00009704   0x00009704   0x00000024   Data   RO         1155    .rodata.os_idle_thread_attr  rtx_lib.o
    0x00009728   0x00009728   0x00000018   Data   RO         1157    .rodata.os_timer_mq_attr  rtx_lib.o
    0x00009740   0x00009740   0x00000024   Data   RO         1156    .rodata.os_timer_thread_attr  rtx_lib.o
    0x00009764   0x00009764   0x0000000b   Data   RO         1141    .rodata.str1.1      rtx_kernel.o
    0x0000976f   0x0000976f   0x00000001   PAD
    0x00009770   0x00009770   0x00000020   Data   RO         1900    Region$$Table       anon$$obj.o


    Execution Region RW_RAM (Exec base: 0xf0000000, Load base: 0x000097c0, Size: 0x00003190, Max: 0x000ef200, ABSOLUTE, COMPRESSED[0x000001c0])

    Exec Addr    Load Addr    Size         Type   Attr      Idx    E Section Name        Object

    0xf0000000   COMPRESSED   0x00000004   Data   RW         1875    .data               mc_w.l(rand.o)
    0xf0000004   COMPRESSED   0x00000004   Data   RW         1858    .data.SystemCoreClock  system_armcm4.o
    0xf0000008   COMPRESSED   0x00000010   Data   RW           62    .data.key           main.o
    0xf0000018   COMPRESSED   0x00000004   Data   RW          229    .data.online_sbx0   tables.o
    0xf000001c   COMPRESSED   0x00000004   Data   RW          230    .data.online_sbx1   tables.o
    0xf0000020   COMPRESSED   0x00000004   Data   RW          231    .data.online_sbx2   tables.o
    0xf0000024   COMPRESSED   0x00000004   Data   RW          232    .data.online_sbx3   tables.o
    0xf0000028   COMPRESSED   0x00000004   Data   RW          233    .data.online_sbx4   tables.o
    0xf000002c   COMPRESSED   0x00000004   Data   RW          234    .data.online_sbx5   tables.o
    0xf0000030   COMPRESSED   0x00000004   Data   RW          235    .data.online_sbx6   tables.o
    0xf0000034   COMPRESSED   0x00000004   Data   RW          236    .data.online_sbx7   tables.o
    0xf0000038   COMPRESSED   0x00000004   Data   RW           98    .data.online_sbxtest  tables.o
    0xf000003c   COMPRESSED   0x00000004   Data   RW           99    .data.online_sbytest  tables.o
    0xf0000040   COMPRESSED   0x000000a4   Data   RW         1142    .data.os            rtx_kernel.o
    0xf00000e4   COMPRESSED   0x00001000   Data   RW          102    .data.random_table  tables.o
    0xf00010e4   COMPRESSED   0x00000008   Data   RW          105    .data.sbx0          tables.o
    0xf00010ec   COMPRESSED   0x00000008   Data   RW          106    .data.sbx1          tables.o
    0xf00010f4   COMPRESSED   0x00000008   Data   RW          107    .data.sbx2          tables.o
    0xf00010fc   COMPRESSED   0x00000008   Data   RW          108    .data.sbx3          tables.o
    0xf0001104   COMPRESSED   0x00000008   Data   RW          109    .data.sbx4          tables.o
    0xf000110c   COMPRESSED   0x00000008   Data   RW          110    .data.sbx5          tables.o
    0xf0001114   COMPRESSED   0x00000008   Data   RW          111    .data.sbx6          tables.o
    0xf000111c   COMPRESSED   0x00000008   Data   RW          112    .data.sbx7          tables.o
    0xf0001124   COMPRESSED   0x00000008   Data   RW           91    .data.sbxtest       tables.o
    0xf000112c   COMPRESSED   0x00000008   Data   RW           92    .data.sbytest       tables.o
    0xf0001134   COMPRESSED   0x0000000c   PAD
    0xf0001140        -       0x00000001   Zero   RW         1809    .bss.SysTimerState  eventrecorder.o
    0xf0001141        -       0x00000001   Zero   RW         1810    .bss.TS_OverflowLock  eventrecorder.o
    0xf0001142        -       0x00000010   Zero   RW           64    .bss.dst            main.o
    0xf0001152   COMPRESSED   0x0000002e   PAD
    0xf0001180        -       0x000004a4   Zero   RW         1807    .bss.noinit         eventrecorder.o
    0xf0001624        -       0x00000004   Zero   RW          259    .bss.online_sbt0    tables.o
    0xf0001628        -       0x00000004   Zero   RW          260    .bss.online_sbt1    tables.o
    0xf000162c        -       0x00000004   Zero   RW          269    .bss.online_sbt10   tables.o
    0xf0001630        -       0x00000004   Zero   RW          270    .bss.online_sbt11   tables.o
    0xf0001634        -       0x00000004   Zero   RW          271    .bss.online_sbt12   tables.o
    0xf0001638        -       0x00000004   Zero   RW          272    .bss.online_sbt13   tables.o
    0xf000163c        -       0x00000004   Zero   RW          273    .bss.online_sbt14   tables.o
    0xf0001640        -       0x00000004   Zero   RW          274    .bss.online_sbt15   tables.o
    0xf0001644        -       0x00000004   Zero   RW          275    .bss.online_sbt16   tables.o
    0xf0001648        -       0x00000004   Zero   RW          276    .bss.online_sbt17   tables.o
    0xf000164c        -       0x00000004   Zero   RW          277    .bss.online_sbt18   tables.o
    0xf0001650        -       0x00000004   Zero   RW          278    .bss.online_sbt19   tables.o
    0xf0001654        -       0x00000004   Zero   RW          261    .bss.online_sbt2    tables.o
    0xf0001658        -       0x00000004   Zero   RW          279    .bss.online_sbt20   tables.o
    0xf000165c        -       0x00000004   Zero   RW          280    .bss.online_sbt21   tables.o
    0xf0001660        -       0x00000004   Zero   RW          281    .bss.online_sbt22   tables.o
    0xf0001664        -       0x00000004   Zero   RW          282    .bss.online_sbt23   tables.o
    0xf0001668        -       0x00000004   Zero   RW          283    .bss.online_sbt24   tables.o
    0xf000166c        -       0x00000004   Zero   RW          284    .bss.online_sbt25   tables.o
    0xf0001670        -       0x00000004   Zero   RW          285    .bss.online_sbt26   tables.o
    0xf0001674        -       0x00000004   Zero   RW          286    .bss.online_sbt27   tables.o
    0xf0001678        -       0x00000004   Zero   RW          287    .bss.online_sbt28   tables.o
    0xf000167c        -       0x00000004   Zero   RW          288    .bss.online_sbt29   tables.o
    0xf0001680        -       0x00000004   Zero   RW          262    .bss.online_sbt3    tables.o
    0xf0001684        -       0x00000004   Zero   RW          289    .bss.online_sbt30   tables.o
    0xf0001688        -       0x00000004   Zero   RW          290    .bss.online_sbt31   tables.o
    0xf000168c        -       0x00000004   Zero   RW          291    .bss.online_sbt32   tables.o
    0xf0001690        -       0x00000004   Zero   RW          292    .bss.online_sbt33   tables.o
    0xf0001694        -       0x00000004   Zero   RW          293    .bss.online_sbt34   tables.o
    0xf0001698        -       0x00000004   Zero   RW          294    .bss.online_sbt35   tables.o
    0xf000169c        -       0x00000004   Zero   RW          295    .bss.online_sbt36   tables.o
    0xf00016a0        -       0x00000004   Zero   RW          296    .bss.online_sbt37   tables.o
    0xf00016a4        -       0x00000004   Zero   RW          297    .bss.online_sbt38   tables.o
    0xf00016a8        -       0x00000004   Zero   RW          298    .bss.online_sbt39   tables.o
    0xf00016ac        -       0x00000004   Zero   RW          263    .bss.online_sbt4    tables.o
    0xf00016b0        -       0x00000004   Zero   RW          299    .bss.online_sbt40   tables.o
    0xf00016b4        -       0x00000004   Zero   RW          300    .bss.online_sbt41   tables.o
    0xf00016b8        -       0x00000004   Zero   RW          301    .bss.online_sbt42   tables.o
    0xf00016bc        -       0x00000004   Zero   RW          302    .bss.online_sbt43   tables.o
    0xf00016c0        -       0x00000004   Zero   RW          303    .bss.online_sbt44   tables.o
    0xf00016c4        -       0x00000004   Zero   RW          304    .bss.online_sbt45   tables.o
    0xf00016c8        -       0x00000004   Zero   RW          305    .bss.online_sbt46   tables.o
    0xf00016cc        -       0x00000004   Zero   RW          306    .bss.online_sbt47   tables.o
    0xf00016d0        -       0x00000004   Zero   RW          307    .bss.online_sbt48   tables.o
    0xf00016d4        -       0x00000004   Zero   RW          308    .bss.online_sbt49   tables.o
    0xf00016d8        -       0x00000004   Zero   RW          264    .bss.online_sbt5    tables.o
    0xf00016dc        -       0x00000004   Zero   RW          309    .bss.online_sbt50   tables.o
    0xf00016e0        -       0x00000004   Zero   RW          310    .bss.online_sbt51   tables.o
    0xf00016e4        -       0x00000004   Zero   RW          311    .bss.online_sbt52   tables.o
    0xf00016e8        -       0x00000004   Zero   RW          312    .bss.online_sbt53   tables.o
    0xf00016ec        -       0x00000004   Zero   RW          313    .bss.online_sbt54   tables.o
    0xf00016f0        -       0x00000004   Zero   RW          314    .bss.online_sbt55   tables.o
    0xf00016f4        -       0x00000004   Zero   RW          315    .bss.online_sbt56   tables.o
    0xf00016f8        -       0x00000004   Zero   RW          316    .bss.online_sbt57   tables.o
    0xf00016fc        -       0x00000004   Zero   RW          317    .bss.online_sbt58   tables.o
    0xf0001700        -       0x00000004   Zero   RW          318    .bss.online_sbt59   tables.o
    0xf0001704        -       0x00000004   Zero   RW          265    .bss.online_sbt6    tables.o
    0xf0001708        -       0x00000004   Zero   RW          319    .bss.online_sbt60   tables.o
    0xf000170c        -       0x00000004   Zero   RW          320    .bss.online_sbt61   tables.o
    0xf0001710        -       0x00000004   Zero   RW          321    .bss.online_sbt62   tables.o
    0xf0001714        -       0x00000004   Zero   RW          322    .bss.online_sbt63   tables.o
    0xf0001718        -       0x00000004   Zero   RW          323    .bss.online_sbt64   tables.o
    0xf000171c        -       0x00000004   Zero   RW          324    .bss.online_sbt65   tables.o
    0xf0001720        -       0x00000004   Zero   RW          325    .bss.online_sbt66   tables.o
    0xf0001724        -       0x00000004   Zero   RW          326    .bss.online_sbt67   tables.o
    0xf0001728        -       0x00000004   Zero   RW          266    .bss.online_sbt7    tables.o
    0xf000172c        -       0x00000004   Zero   RW          267    .bss.online_sbt8    tables.o
    0xf0001730        -       0x00000004   Zero   RW          268    .bss.online_sbt9    tables.o
    0xf0001734        -       0x00000004   Zero   RW          100    .bss.online_sbttest  tables.o
    0xf0001738        -       0x00000004   Zero   RW          238    .bss.online_sby1    tables.o
    0xf000173c        -       0x00000004   Zero   RW          247    .bss.online_sby10   tables.o
    0xf0001740        -       0x00000004   Zero   RW          248    .bss.online_sby11   tables.o
    0xf0001744        -       0x00000004   Zero   RW          249    .bss.online_sby12   tables.o
    0xf0001748        -       0x00000004   Zero   RW          250    .bss.online_sby13   tables.o
    0xf000174c        -       0x00000004   Zero   RW          251    .bss.online_sby14   tables.o
    0xf0001750        -       0x00000004   Zero   RW          252    .bss.online_sby15   tables.o
    0xf0001754        -       0x00000004   Zero   RW          253    .bss.online_sby16   tables.o
    0xf0001758        -       0x00000004   Zero   RW          254    .bss.online_sby17   tables.o
    0xf000175c        -       0x00000004   Zero   RW          255    .bss.online_sby18   tables.o
    0xf0001760        -       0x00000004   Zero   RW          256    .bss.online_sby19   tables.o
    0xf0001764        -       0x00000004   Zero   RW          239    .bss.online_sby2    tables.o
    0xf0001768        -       0x00000004   Zero   RW          257    .bss.online_sby20   tables.o
    0xf000176c        -       0x00000004   Zero   RW          258    .bss.online_sby21   tables.o
    0xf0001770        -       0x00000004   Zero   RW          240    .bss.online_sby3    tables.o
    0xf0001774        -       0x00000004   Zero   RW          241    .bss.online_sby4    tables.o
    0xf0001778        -       0x00000004   Zero   RW          242    .bss.online_sby5    tables.o
    0xf000177c        -       0x00000004   Zero   RW          243    .bss.online_sby6    tables.o
    0xf0001780        -       0x00000004   Zero   RW          244    .bss.online_sby7    tables.o
    0xf0001784        -       0x00000004   Zero   RW          245    .bss.online_sby8    tables.o
    0xf0001788        -       0x00000004   Zero   RW          246    .bss.online_sby9    tables.o
    0xf000178c        -       0x00000004   Zero   RW          336    .bss.online_sbz0    tables.o
    0xf0001790        -       0x00000004   Zero   RW          337    .bss.online_sbz1    tables.o
    0xf0001794        -       0x00000004   Zero   RW          346    .bss.online_sbz10   tables.o
    0xf0001798        -       0x00000004   Zero   RW          347    .bss.online_sbz11   tables.o
    0xf000179c        -       0x00000004   Zero   RW          348    .bss.online_sbz12   tables.o
    0xf00017a0        -       0x00000004   Zero   RW          349    .bss.online_sbz13   tables.o
    0xf00017a4        -       0x00000004   Zero   RW          350    .bss.online_sbz14   tables.o
    0xf00017a8        -       0x00000004   Zero   RW          351    .bss.online_sbz15   tables.o
    0xf00017ac        -       0x00000004   Zero   RW          352    .bss.online_sbz16   tables.o
    0xf00017b0        -       0x00000004   Zero   RW          353    .bss.online_sbz17   tables.o
    0xf00017b4        -       0x00000004   Zero   RW          338    .bss.online_sbz2    tables.o
    0xf00017b8        -       0x00000004   Zero   RW          339    .bss.online_sbz3    tables.o
    0xf00017bc        -       0x00000004   Zero   RW          340    .bss.online_sbz4    tables.o
    0xf00017c0        -       0x00000004   Zero   RW          341    .bss.online_sbz5    tables.o
    0xf00017c4        -       0x00000004   Zero   RW          342    .bss.online_sbz6    tables.o
    0xf00017c8        -       0x00000004   Zero   RW          344    .bss.online_sbz7    tables.o
    0xf00017cc        -       0x00000004   Zero   RW          343    .bss.online_sbz8    tables.o
    0xf00017d0        -       0x00000004   Zero   RW          345    .bss.online_sbz9    tables.o
    0xf00017d4   COMPRESSED   0x00000004   PAD
    0xf00017d8        -       0x00001040   Zero   RW         1154    .bss.os             rtx_lib.o
    0xf0002818        -       0x00000034   Zero   RW         1165    .bss.os.msgqueue.cb  rtx_lib.o
    0xf000284c        -       0x00000050   Zero   RW         1166    .bss.os.msgqueue.mem  rtx_lib.o
    0xf000289c        -       0x00000088   Zero   RW         1162    .bss.os.thread.cb   rtx_lib.o
    0xf0002924   COMPRESSED   0x00000004   PAD
    0xf0002928        -       0x00000200   Zero   RW         1163    .bss.os.thread.idle.stack  rtx_lib.o
    0xf0002b28        -       0x00000200   Zero   RW         1164    .bss.os.thread.timer.stack  rtx_lib.o
    0xf0002d28        -       0x00000008   Zero   RW           97    .bss.sband0trtest   tables.o
    0xf0002d30        -       0x00000008   Zero   RW          463    .bss.sband10tr      tables.o
    0xf0002d38        -       0x00000008   Zero   RW          466    .bss.sband11tr      tables.o
    0xf0002d40        -       0x00000008   Zero   RW          469    .bss.sband12tr      tables.o
    0xf0002d48        -       0x00000008   Zero   RW          472    .bss.sband13tr      tables.o
    0xf0002d50        -       0x00000008   Zero   RW          475    .bss.sband14tr      tables.o
    0xf0002d58        -       0x00000008   Zero   RW          478    .bss.sband15tr      tables.o
    0xf0002d60        -       0x00000008   Zero   RW          481    .bss.sband16tr      tables.o
    0xf0002d68        -       0x00000008   Zero   RW          484    .bss.sband17tr      tables.o
    0xf0002d70        -       0x00000008   Zero   RW          487    .bss.sband18tr      tables.o
    0xf0002d78        -       0x00000008   Zero   RW          490    .bss.sband19tr      tables.o
    0xf0002d80        -       0x00000008   Zero   RW          436    .bss.sband1tr       tables.o
    0xf0002d88        -       0x00000008   Zero   RW          493    .bss.sband20tr      tables.o
    0xf0002d90        -       0x00000008   Zero   RW          496    .bss.sband21tr      tables.o
    0xf0002d98        -       0x00000008   Zero   RW          499    .bss.sband22tr      tables.o
    0xf0002da0        -       0x00000008   Zero   RW          502    .bss.sband23tr      tables.o
    0xf0002da8        -       0x00000008   Zero   RW          505    .bss.sband24tr      tables.o
    0xf0002db0        -       0x00000008   Zero   RW          508    .bss.sband25tr      tables.o
    0xf0002db8        -       0x00000008   Zero   RW          511    .bss.sband26tr      tables.o
    0xf0002dc0        -       0x00000008   Zero   RW          514    .bss.sband27tr      tables.o
    0xf0002dc8        -       0x00000008   Zero   RW          517    .bss.sband28tr      tables.o
    0xf0002dd0        -       0x00000008   Zero   RW          520    .bss.sband29tr      tables.o
    0xf0002dd8        -       0x00000008   Zero   RW          439    .bss.sband2tr       tables.o
    0xf0002de0        -       0x00000008   Zero   RW          523    .bss.sband30tr      tables.o
    0xf0002de8        -       0x00000008   Zero   RW          526    .bss.sband31tr      tables.o
    0xf0002df0        -       0x00000008   Zero   RW          529    .bss.sband32tr      tables.o
    0xf0002df8        -       0x00000008   Zero   RW          442    .bss.sband3tr       tables.o
    0xf0002e00        -       0x00000008   Zero   RW          445    .bss.sband4tr       tables.o
    0xf0002e08        -       0x00000008   Zero   RW          448    .bss.sband5tr       tables.o
    0xf0002e10        -       0x00000008   Zero   RW          451    .bss.sband6tr       tables.o
    0xf0002e18        -       0x00000008   Zero   RW          454    .bss.sband7tr       tables.o
    0xf0002e20        -       0x00000008   Zero   RW          457    .bss.sband8tr       tables.o
    0xf0002e28        -       0x00000008   Zero   RW          460    .bss.sband9tr       tables.o
    0xf0002e30        -       0x00000008   Zero   RW          135    .bss.sbt0           tables.o
    0xf0002e38        -       0x00000008   Zero   RW          136    .bss.sbt1           tables.o
    0xf0002e40        -       0x00000008   Zero   RW          145    .bss.sbt10          tables.o
    0xf0002e48        -       0x00000008   Zero   RW          146    .bss.sbt11          tables.o
    0xf0002e50        -       0x00000008   Zero   RW          147    .bss.sbt12          tables.o
    0xf0002e58        -       0x00000008   Zero   RW          148    .bss.sbt13          tables.o
    0xf0002e60        -       0x00000008   Zero   RW          149    .bss.sbt14          tables.o
    0xf0002e68        -       0x00000008   Zero   RW          150    .bss.sbt15          tables.o
    0xf0002e70        -       0x00000008   Zero   RW          151    .bss.sbt16          tables.o
    0xf0002e78        -       0x00000008   Zero   RW          152    .bss.sbt17          tables.o
    0xf0002e80        -       0x00000008   Zero   RW          153    .bss.sbt18          tables.o
    0xf0002e88        -       0x00000008   Zero   RW          154    .bss.sbt19          tables.o
    0xf0002e90        -       0x00000008   Zero   RW          137    .bss.sbt2           tables.o
    0xf0002e98        -       0x00000008   Zero   RW          155    .bss.sbt20          tables.o
    0xf0002ea0        -       0x00000008   Zero   RW          156    .bss.sbt21          tables.o
    0xf0002ea8        -       0x00000008   Zero   RW          157    .bss.sbt22          tables.o
    0xf0002eb0        -       0x00000008   Zero   RW          158    .bss.sbt23          tables.o
    0xf0002eb8        -       0x00000008   Zero   RW          159    .bss.sbt24          tables.o
    0xf0002ec0        -       0x00000008   Zero   RW          160    .bss.sbt25          tables.o
    0xf0002ec8        -       0x00000008   Zero   RW          161    .bss.sbt26          tables.o
    0xf0002ed0        -       0x00000008   Zero   RW          162    .bss.sbt27          tables.o
    0xf0002ed8        -       0x00000008   Zero   RW          163    .bss.sbt28          tables.o
    0xf0002ee0        -       0x00000008   Zero   RW          164    .bss.sbt29          tables.o
    0xf0002ee8        -       0x00000008   Zero   RW          138    .bss.sbt3           tables.o
    0xf0002ef0        -       0x00000008   Zero   RW          165    .bss.sbt30          tables.o
    0xf0002ef8        -       0x00000008   Zero   RW          166    .bss.sbt31          tables.o
    0xf0002f00        -       0x00000008   Zero   RW          167    .bss.sbt32          tables.o
    0xf0002f08        -       0x00000008   Zero   RW          168    .bss.sbt33          tables.o
    0xf0002f10        -       0x00000008   Zero   RW          169    .bss.sbt34          tables.o
    0xf0002f18        -       0x00000008   Zero   RW          170    .bss.sbt35          tables.o
    0xf0002f20        -       0x00000008   Zero   RW          171    .bss.sbt36          tables.o
    0xf0002f28        -       0x00000008   Zero   RW          172    .bss.sbt37          tables.o
    0xf0002f30        -       0x00000008   Zero   RW          173    .bss.sbt38          tables.o
    0xf0002f38        -       0x00000008   Zero   RW          174    .bss.sbt39          tables.o
    0xf0002f40        -       0x00000008   Zero   RW          139    .bss.sbt4           tables.o
    0xf0002f48        -       0x00000008   Zero   RW          175    .bss.sbt40          tables.o
    0xf0002f50        -       0x00000008   Zero   RW          176    .bss.sbt41          tables.o
    0xf0002f58        -       0x00000008   Zero   RW          177    .bss.sbt42          tables.o
    0xf0002f60        -       0x00000008   Zero   RW          178    .bss.sbt43          tables.o
    0xf0002f68        -       0x00000008   Zero   RW          179    .bss.sbt44          tables.o
    0xf0002f70        -       0x00000008   Zero   RW          180    .bss.sbt45          tables.o
    0xf0002f78        -       0x00000008   Zero   RW          181    .bss.sbt46          tables.o
    0xf0002f80        -       0x00000008   Zero   RW          182    .bss.sbt47          tables.o
    0xf0002f88        -       0x00000008   Zero   RW          183    .bss.sbt48          tables.o
    0xf0002f90        -       0x00000008   Zero   RW          184    .bss.sbt49          tables.o
    0xf0002f98        -       0x00000008   Zero   RW          140    .bss.sbt5           tables.o
    0xf0002fa0        -       0x00000008   Zero   RW          185    .bss.sbt50          tables.o
    0xf0002fa8        -       0x00000008   Zero   RW          186    .bss.sbt51          tables.o
    0xf0002fb0        -       0x00000008   Zero   RW          187    .bss.sbt52          tables.o
    0xf0002fb8        -       0x00000008   Zero   RW          188    .bss.sbt53          tables.o
    0xf0002fc0        -       0x00000008   Zero   RW          189    .bss.sbt54          tables.o
    0xf0002fc8        -       0x00000008   Zero   RW          190    .bss.sbt55          tables.o
    0xf0002fd0        -       0x00000008   Zero   RW          191    .bss.sbt56          tables.o
    0xf0002fd8        -       0x00000008   Zero   RW          192    .bss.sbt57          tables.o
    0xf0002fe0        -       0x00000008   Zero   RW          193    .bss.sbt58          tables.o
    0xf0002fe8        -       0x00000008   Zero   RW          194    .bss.sbt59          tables.o
    0xf0002ff0        -       0x00000008   Zero   RW          141    .bss.sbt6           tables.o
    0xf0002ff8        -       0x00000008   Zero   RW          195    .bss.sbt60          tables.o
    0xf0003000        -       0x00000008   Zero   RW          196    .bss.sbt61          tables.o
    0xf0003008        -       0x00000008   Zero   RW          197    .bss.sbt62          tables.o
    0xf0003010        -       0x00000008   Zero   RW          198    .bss.sbt63          tables.o
    0xf0003018        -       0x00000008   Zero   RW          199    .bss.sbt64          tables.o
    0xf0003020        -       0x00000008   Zero   RW          200    .bss.sbt65          tables.o
    0xf0003028        -       0x00000008   Zero   RW          201    .bss.sbt66          tables.o
    0xf0003030        -       0x00000008   Zero   RW          202    .bss.sbt67          tables.o
    0xf0003038        -       0x00000008   Zero   RW          142    .bss.sbt7           tables.o
    0xf0003040        -       0x00000008   Zero   RW          143    .bss.sbt8           tables.o
    0xf0003048        -       0x00000008   Zero   RW          144    .bss.sbt9           tables.o
    0xf0003050        -       0x00000008   Zero   RW           93    .bss.sbttest        tables.o
    0xf0003058        -       0x00000008   Zero   RW          114    .bss.sby1           tables.o
    0xf0003060        -       0x00000008   Zero   RW          123    .bss.sby10          tables.o
    0xf0003068        -       0x00000008   Zero   RW          124    .bss.sby11          tables.o
    0xf0003070        -       0x00000008   Zero   RW          125    .bss.sby12          tables.o
    0xf0003078        -       0x00000008   Zero   RW          126    .bss.sby13          tables.o
    0xf0003080        -       0x00000008   Zero   RW          127    .bss.sby14          tables.o
    0xf0003088        -       0x00000008   Zero   RW          128    .bss.sby15          tables.o
    0xf0003090        -       0x00000008   Zero   RW          129    .bss.sby16          tables.o
    0xf0003098        -       0x00000008   Zero   RW          130    .bss.sby17          tables.o
    0xf00030a0        -       0x00000008   Zero   RW          131    .bss.sby18          tables.o
    0xf00030a8        -       0x00000008   Zero   RW          132    .bss.sby19          tables.o
    0xf00030b0        -       0x00000008   Zero   RW          115    .bss.sby2           tables.o
    0xf00030b8        -       0x00000008   Zero   RW          133    .bss.sby20          tables.o
    0xf00030c0        -       0x00000008   Zero   RW          134    .bss.sby21          tables.o
    0xf00030c8        -       0x00000008   Zero   RW          116    .bss.sby3           tables.o
    0xf00030d0        -       0x00000008   Zero   RW          117    .bss.sby4           tables.o
    0xf00030d8        -       0x00000008   Zero   RW          118    .bss.sby5           tables.o
    0xf00030e0        -       0x00000008   Zero   RW          119    .bss.sby6           tables.o
    0xf00030e8        -       0x00000008   Zero   RW          120    .bss.sby7           tables.o
    0xf00030f0        -       0x00000008   Zero   RW          121    .bss.sby8           tables.o
    0xf00030f8        -       0x00000008   Zero   RW          122    .bss.sby9           tables.o
    0xf0003100        -       0x00000008   Zero   RW          211    .bss.sbz0           tables.o
    0xf0003108        -       0x00000008   Zero   RW          212    .bss.sbz1           tables.o
    0xf0003110        -       0x00000008   Zero   RW          221    .bss.sbz10          tables.o
    0xf0003118        -       0x00000008   Zero   RW          222    .bss.sbz11          tables.o
    0xf0003120        -       0x00000008   Zero   RW          223    .bss.sbz12          tables.o
    0xf0003128        -       0x00000008   Zero   RW          224    .bss.sbz13          tables.o
    0xf0003130        -       0x00000008   Zero   RW          225    .bss.sbz14          tables.o
    0xf0003138        -       0x00000008   Zero   RW          226    .bss.sbz15          tables.o
    0xf0003140        -       0x00000008   Zero   RW          227    .bss.sbz16          tables.o
    0xf0003148        -       0x00000008   Zero   RW          228    .bss.sbz17          tables.o
    0xf0003150        -       0x00000008   Zero   RW          213    .bss.sbz2           tables.o
    0xf0003158        -       0x00000008   Zero   RW          214    .bss.sbz3           tables.o
    0xf0003160        -       0x00000008   Zero   RW          215    .bss.sbz4           tables.o
    0xf0003168        -       0x00000008   Zero   RW          216    .bss.sbz5           tables.o
    0xf0003170        -       0x00000008   Zero   RW          217    .bss.sbz6           tables.o
    0xf0003178        -       0x00000008   Zero   RW          219    .bss.sbz7           tables.o
    0xf0003180        -       0x00000008   Zero   RW          218    .bss.sbz8           tables.o
    0xf0003188        -       0x00000008   Zero   RW          220    .bss.sbz9           tables.o


    Execution Region ARM_LIB_HEAP (Exec base: 0xf0003190, Load base: 0x00009980, Size: 0x00000c00, Max: 0x00000c00, ABSOLUTE)

    Exec Addr    Load Addr    Size         Type   Attr      Idx    E Section Name        Object

    0xf0003190        -       0x00000c00   Zero   RW            1    ARM_LIB_HEAP.bss    anon$$obj.o


    Execution Region ARM_LIB_STACK (Exec base: 0xf00efe00, Load base: 0x00009980, Size: 0x00000200, Max: 0x00000200, ABSOLUTE)

    Exec Addr    Load Addr    Size         Type   Attr      Idx    E Section Name        Object

    0xf00efe00        -       0x00000200   Zero   RW            2    ARM_LIB_STACK.bss   anon$$obj.o


==============================================================================

Image component sizes


      Code (inc. data)   RO Data    RW Data    ZI Data      Debug   Object Name

      5420          0         10          0          0      14754   aes.o
     21450       3596          0          0          0       5260   asm.o
      1108          0         24          0       1190       8674   eventrecorder.o
       188         12          0          0          0        723   irq_armv7m.o
        84          0          0         16         16        889   main.o
        74          0          0          0          0       3186   os_systick.o
        46          6          0          0          0        685   rtx_config.o
       920          0          0          0          0      27490   rtx_evr.o
       336          0         11        164          0      14414   rtx_kernel.o
         0          0        268          0       5452       5947   rtx_lib.o
       560          0          0          0          0       2340   rtx_memory.o
       478          0          0          0          0      12253   rtx_mempool.o
      2900          0          0          0          0      14835   rtx_msgqueue.o
       172          0          0          0          0       8843   rtx_mutex.o
       940         10          0          0          0       6149   rtx_system.o
      1786          0          0          0          0      26494   rtx_thread.o
       548          0          0          0          0       8850   rtx_timer.o
        16          0        960          0          0        837   startup_armcm4.o
        38          0          0          4          0       1358   system_armcm4.o
         0          0          0       4216       1560      16896   tables.o

    ----------------------------------------------------------------------
     37224       3624       1308       4400      11868     180877   Object Totals
         0          0         32          0       3584          0   (incl. Generated)
       160          0          3          0         66          0   (incl. Padding)

    ----------------------------------------------------------------------

      Code (inc. data)   RO Data    RW Data    ZI Data      Debug   Library Member Name

        58          0          0          0          0          0   __dczerorl.o
         0          0          0          0          0          0   entry.o
         0          0          0          0          0          0   entry10a.o
         0          0          0          0          0          0   entry11a.o
         8          4          0          0          0          0   entry4.o
         4          0          0          0          0          0   entry5.o
         0          0          0          0          0          0   entry7b.o
         0          0          0          0          0          0   entry8b.o
         8          4          0          0          0          0   entry9a.o
        30          0          0          0          0          0   handlers.o
        36          8          0          0          0         68   init.o
        36          0          0          0          0         68   memcpya.o
        36          0          0          0          0        108   memseta.o
        36         10          0          4          0        136   rand.o

    ----------------------------------------------------------------------
       268         38          0          4          0        380   Library Totals
        16         12          0          0          0          0   (incl. Padding)

    ----------------------------------------------------------------------

      Code (inc. data)   RO Data    RW Data    ZI Data      Debug   Library Name

       252         26          0          4          0        380   mc_w.l

    ----------------------------------------------------------------------
       268         38          0          4          0        380   Library Totals

    ----------------------------------------------------------------------

==============================================================================


      Code (inc. data)   RO Data    RW Data    ZI Data      Debug   

     37492       3662       1308       4404      11868     181189   Grand Totals
     37492       3662       1308        448      11868     181189   ELF Image Totals (compressed)
     37492       3662       1308        448          0          0   ROM Totals

==============================================================================

    Total RO  Size (Code + RO Data)                38800 (  37.89kB)
    Total RW  Size (RW Data + ZI Data)             16272 (  15.89kB)
    Total ROM Size (Code + RO Data + RW Data)      39248 (  38.33kB)

==============================================================================

